Archive member included to satisfy reference by file (symbol)

d:/stm32cubeide_1.9.0/stm32cubeide/plugins/com.st.stm32cube.ide.mcu.externaltools.gnu-tools-for-stm32.10.3-2021.10.win32_1.0.0.202111181127/tools/bin/../lib/gcc/arm-none-eabi/10.3.1/../../../../arm-none-eabi/lib/thumb/v7e-m+fp/hard\libstdc++_nano.a(del_ops.o)
                              ./Core/Src/gpio elements.o (operator delete(void*, unsigned int))
d:/stm32cubeide_1.9.0/stm32cubeide/plugins/com.st.stm32cube.ide.mcu.externaltools.gnu-tools-for-stm32.10.3-2021.10.win32_1.0.0.202111181127/tools/bin/../lib/gcc/arm-none-eabi/10.3.1/../../../../arm-none-eabi/lib/thumb/v7e-m+fp/hard\libstdc++_nano.a(del_op.o)
                              d:/stm32cubeide_1.9.0/stm32cubeide/plugins/com.st.stm32cube.ide.mcu.externaltools.gnu-tools-for-stm32.10.3-2021.10.win32_1.0.0.202111181127/tools/bin/../lib/gcc/arm-none-eabi/10.3.1/../../../../arm-none-eabi/lib/thumb/v7e-m+fp/hard\libstdc++_nano.a(del_ops.o) (operator delete(void*))
d:/stm32cubeide_1.9.0/stm32cubeide/plugins/com.st.stm32cube.ide.mcu.externaltools.gnu-tools-for-stm32.10.3-2021.10.win32_1.0.0.202111181127/tools/bin/../lib/gcc/arm-none-eabi/10.3.1/../../../../arm-none-eabi/lib/thumb/v7e-m+fp/hard\libc_nano.a(lib_a-assert.o)
                              ./Core/Src/fuse.o (__assert_func)
d:/stm32cubeide_1.9.0/stm32cubeide/plugins/com.st.stm32cube.ide.mcu.externaltools.gnu-tools-for-stm32.10.3-2021.10.win32_1.0.0.202111181127/tools/bin/../lib/gcc/arm-none-eabi/10.3.1/../../../../arm-none-eabi/lib/thumb/v7e-m+fp/hard\libc_nano.a(lib_a-errno.o)
                              ./Core/Src/syscalls.o (__errno)
d:/stm32cubeide_1.9.0/stm32cubeide/plugins/com.st.stm32cube.ide.mcu.externaltools.gnu-tools-for-stm32.10.3-2021.10.win32_1.0.0.202111181127/tools/bin/../lib/gcc/arm-none-eabi/10.3.1/../../../../arm-none-eabi/lib/thumb/v7e-m+fp/hard\libc_nano.a(lib_a-exit.o)
                              d:/stm32cubeide_1.9.0/stm32cubeide/plugins/com.st.stm32cube.ide.mcu.externaltools.gnu-tools-for-stm32.10.3-2021.10.win32_1.0.0.202111181127/tools/bin/../lib/gcc/arm-none-eabi/10.3.1/../../../../arm-none-eabi/lib/thumb/v7e-m+fp/hard/crt0.o (exit)
d:/stm32cubeide_1.9.0/stm32cubeide/plugins/com.st.stm32cube.ide.mcu.externaltools.gnu-tools-for-stm32.10.3-2021.10.win32_1.0.0.202111181127/tools/bin/../lib/gcc/arm-none-eabi/10.3.1/../../../../arm-none-eabi/lib/thumb/v7e-m+fp/hard\libc_nano.a(lib_a-fprintf.o)
                              d:/stm32cubeide_1.9.0/stm32cubeide/plugins/com.st.stm32cube.ide.mcu.externaltools.gnu-tools-for-stm32.10.3-2021.10.win32_1.0.0.202111181127/tools/bin/../lib/gcc/arm-none-eabi/10.3.1/../../../../arm-none-eabi/lib/thumb/v7e-m+fp/hard\libc_nano.a(lib_a-assert.o) (fiprintf)
d:/stm32cubeide_1.9.0/stm32cubeide/plugins/com.st.stm32cube.ide.mcu.externaltools.gnu-tools-for-stm32.10.3-2021.10.win32_1.0.0.202111181127/tools/bin/../lib/gcc/arm-none-eabi/10.3.1/../../../../arm-none-eabi/lib/thumb/v7e-m+fp/hard\libc_nano.a(lib_a-impure.o)
                              d:/stm32cubeide_1.9.0/stm32cubeide/plugins/com.st.stm32cube.ide.mcu.externaltools.gnu-tools-for-stm32.10.3-2021.10.win32_1.0.0.202111181127/tools/bin/../lib/gcc/arm-none-eabi/10.3.1/../../../../arm-none-eabi/lib/thumb/v7e-m+fp/hard\libc_nano.a(lib_a-exit.o) (_global_impure_ptr)
d:/stm32cubeide_1.9.0/stm32cubeide/plugins/com.st.stm32cube.ide.mcu.externaltools.gnu-tools-for-stm32.10.3-2021.10.win32_1.0.0.202111181127/tools/bin/../lib/gcc/arm-none-eabi/10.3.1/../../../../arm-none-eabi/lib/thumb/v7e-m+fp/hard\libc_nano.a(lib_a-init.o)
                              d:/stm32cubeide_1.9.0/stm32cubeide/plugins/com.st.stm32cube.ide.mcu.externaltools.gnu-tools-for-stm32.10.3-2021.10.win32_1.0.0.202111181127/tools/bin/../lib/gcc/arm-none-eabi/10.3.1/../../../../arm-none-eabi/lib/thumb/v7e-m+fp/hard/crt0.o (__libc_init_array)
d:/stm32cubeide_1.9.0/stm32cubeide/plugins/com.st.stm32cube.ide.mcu.externaltools.gnu-tools-for-stm32.10.3-2021.10.win32_1.0.0.202111181127/tools/bin/../lib/gcc/arm-none-eabi/10.3.1/../../../../arm-none-eabi/lib/thumb/v7e-m+fp/hard\libc_nano.a(lib_a-malloc.o)
                              d:/stm32cubeide_1.9.0/stm32cubeide/plugins/com.st.stm32cube.ide.mcu.externaltools.gnu-tools-for-stm32.10.3-2021.10.win32_1.0.0.202111181127/tools/bin/../lib/gcc/arm-none-eabi/10.3.1/../../../../arm-none-eabi/lib/thumb/v7e-m+fp/hard\libstdc++_nano.a(del_op.o) (free)
d:/stm32cubeide_1.9.0/stm32cubeide/plugins/com.st.stm32cube.ide.mcu.externaltools.gnu-tools-for-stm32.10.3-2021.10.win32_1.0.0.202111181127/tools/bin/../lib/gcc/arm-none-eabi/10.3.1/../../../../arm-none-eabi/lib/thumb/v7e-m+fp/hard\libc_nano.a(lib_a-memcpy-stub.o)
                              ./Core/Src/main.o (memcpy)
[...]
Memory Configuration

Name             Origin             Length             Attributes
RAM              0x0000000020000000 0x0000000000050000 xrw
RAM2             0x0000000010000000 0x0000000000010000 xrw
RAM3             0x0000000020030000 0x0000000000020000 xrw
FLASH            0x0000000008000000 0x0000000000100000 xr
*default*        0x0000000000000000 0xffffffffffffffff

Linker script and memory map

LOAD d:/stm32cubeide_1.9.0/stm32cubeide/plugins/com.st.stm32cube.ide.mcu.externaltools.gnu-tools-for-stm32.10.3-2021.10.win32_1.0.0.202111181127/tools/bin/../lib/gcc/arm-none-eabi/10.3.1/thumb/v7e-m+fp/hard/crti.o
LOAD d:/stm32cubeide_1.9.0/stm32cubeide/plugins/com.st.stm32cube.ide.mcu.externaltools.gnu-tools-for-stm32.10.3-2021.10.win32_1.0.0.202111181127/tools/bin/../lib/gcc/arm-none-eabi/10.3.1/thumb/v7e-m+fp/hard/crtbegin.o
LOAD d:/stm32cubeide_1.9.0/stm32cubeide/plugins/com.st.stm32cube.ide.mcu.externaltools.gnu-tools-for-stm32.10.3-2021.10.win32_1.0.0.202111181127/tools/bin/../lib/gcc/arm-none-eabi/10.3.1/../../../../arm-none-eabi/lib/thumb/v7e-m+fp/hard/crt0.o
LOAD ./Core/Src/adc.o
LOAD ./Core/Src/can.o
LOAD ./Core/Src/fuse.o
LOAD ./Core/Src/gpio elements.o
LOAD ./Core/Src/gpio.o
LOAD ./Core/Src/main.o
LOAD ./Core/Src/spi.o
LOAD ./Core/Src/stm32l4xx_hal_msp.o
LOAD ./Core/Src/stm32l4xx_it.o
LOAD ./Core/Src/syscalls.o
LOAD ./Core/Src/sysmem.o
LOAD ./Core/Src/system_stm32l4xx.o
LOAD ./Core/Src/timer.o
LOAD ./Core/Startup/startup_stm32l4p5rgtx.o
LOAD ./Drivers/STM32L4xx_HAL_Driver/Src/stm32l4xx_hal.o
LOAD ./Drivers/STM32L4xx_HAL_Driver/Src/stm32l4xx_hal_adc.o
LOAD ./Drivers/STM32L4xx_HAL_Driver/Src/stm32l4xx_hal_adc_ex.o
LOAD ./Drivers/STM32L4xx_HAL_Driver/Src/stm32l4xx_hal_can.o
LOAD ./Drivers/STM32L4xx_HAL_Driver/Src/stm32l4xx_hal_cortex.o
LOAD ./Drivers/STM32L4xx_HAL_Driver/Src/stm32l4xx_hal_dma.o
LOAD ./Drivers/STM32L4xx_HAL_Driver/Src/stm32l4xx_hal_dma_ex.o
LOAD ./Drivers/STM32L4xx_HAL_Driver/Src/stm32l4xx_hal_exti.o
LOAD ./Drivers/STM32L4xx_HAL_Driver/Src/stm32l4xx_hal_flash.o
LOAD ./Drivers/STM32L4xx_HAL_Driver/Src/stm32l4xx_hal_flash_ex.o
LOAD ./Drivers/STM32L4xx_HAL_Driver/Src/stm32l4xx_hal_flash_ramfunc.o
LOAD ./Drivers/STM32L4xx_HAL_Driver/Src/stm32l4xx_hal_gpio.o
LOAD ./Drivers/STM32L4xx_HAL_Driver/Src/stm32l4xx_hal_i2c.o
LOAD ./Drivers/STM32L4xx_HAL_Driver/Src/stm32l4xx_hal_i2c_ex.o
LOAD ./Drivers/STM32L4xx_HAL_Driver/Src/stm32l4xx_hal_pwr.o
LOAD ./Drivers/STM32L4xx_HAL_Driver/Src/stm32l4xx_hal_pwr_ex.o
LOAD ./Drivers/STM32L4xx_HAL_Driver/Src/stm32l4xx_hal_rcc.o
LOAD ./Drivers/STM32L4xx_HAL_Driver/Src/stm32l4xx_hal_rcc_ex.o
LOAD ./Drivers/STM32L4xx_HAL_Driver/Src/stm32l4xx_hal_spi.o
LOAD ./Drivers/STM32L4xx_HAL_Driver/Src/stm32l4xx_hal_spi_ex.o
LOAD ./Drivers/STM32L4xx_HAL_Driver/Src/stm32l4xx_hal_tim.o
LOAD ./Drivers/STM32L4xx_HAL_Driver/Src/stm32l4xx_hal_tim_ex.o
START GROUP
LOAD d:/stm32cubeide_1.9.0/stm32cubeide/plugins/com.st.stm32cube.ide.mcu.externaltools.gnu-tools-for-stm32.10.3-2021.10.win32_1.0.0.202111181127/tools/bin/../lib/gcc/arm-none-eabi/10.3.1/../../../../arm-none-eabi/lib/thumb/v7e-m+fp/hard\libstdc++_nano.a
LOAD d:/stm32cubeide_1.9.0/stm32cubeide/plugins/com.st.stm32cube.ide.mcu.externaltools.gnu-tools-for-stm32.10.3-2021.10.win32_1.0.0.202111181127/tools/bin/../lib/gcc/arm-none-eabi/10.3.1/../../../../arm-none-eabi/lib/thumb/v7e-m+fp/hard\libsupc++_nano.a
END GROUP
LOAD d:/stm32cubeide_1.9.0/stm32cubeide/plugins/com.st.stm32cube.ide.mcu.externaltools.gnu-tools-for-stm32.10.3-2021.10.win32_1.0.0.202111181127/tools/bin/../lib/gcc/arm-none-eabi/10.3.1/../../../../arm-none-eabi/lib/thumb/v7e-m+fp/hard\libstdc++_nano.a
LOAD d:/stm32cubeide_1.9.0/stm32cubeide/plugins/com.st.stm32cube.ide.mcu.externaltools.gnu-tools-for-stm32.10.3-2021.10.win32_1.0.0.202111181127/tools/bin/../lib/gcc/arm-none-eabi/10.3.1/../../../../arm-none-eabi/lib/thumb/v7e-m+fp/hard\libm.a
LOAD d:/stm32cubeide_1.9.0/stm32cubeide/plugins/com.st.stm32cube.ide.mcu.externaltools.gnu-tools-for-stm32.10.3-2021.10.win32_1.0.0.202111181127/tools/bin/../lib/gcc/arm-none-eabi/10.3.1/../../../../arm-none-eabi/lib/thumb/v7e-m+fp/hard\libc_nano.a
START GROUP
LOAD d:/stm32cubeide_1.9.0/stm32cubeide/plugins/com.st.stm32cube.ide.mcu.externaltools.gnu-tools-for-stm32.10.3-2021.10.win32_1.0.0.202111181127/tools/bin/../lib/gcc/arm-none-eabi/10.3.1/thumb/v7e-m+fp/hard\libgcc.a
LOAD d:/stm32cubeide_1.9.0/stm32cubeide/plugins/com.st.stm32cube.ide.mcu.externaltools.gnu-tools-for-stm32.10.3-2021.10.win32_1.0.0.202111181127/tools/bin/../lib/gcc/arm-none-eabi/10.3.1/../../../../arm-none-eabi/lib/thumb/v7e-m+fp/hard\libc_nano.a
END GROUP
START GROUP
LOAD d:/stm32cubeide_1.9.0/stm32cubeide/plugins/com.st.stm32cube.ide.mcu.externaltools.gnu-tools-for-stm32.10.3-2021.10.win32_1.0.0.202111181127/tools/bin/../lib/gcc/arm-none-eabi/10.3.1/thumb/v7e-m+fp/hard\libgcc.a
LOAD d:/stm32cubeide_1.9.0/stm32cubeide/plugins/com.st.stm32cube.ide.mcu.externaltools.gnu-tools-for-stm32.10.3-2021.10.win32_1.0.0.202111181127/tools/bin/../lib/gcc/arm-none-eabi/10.3.1/../../../../arm-none-eabi/lib/thumb/v7e-m+fp/hard\libc_nano.a
LOAD d:/stm32cubeide_1.9.0/stm32cubeide/plugins/com.st.stm32cube.ide.mcu.externaltools.gnu-tools-for-stm32.10.3-2021.10.win32_1.0.0.202111181127/tools/bin/../lib/gcc/arm-none-eabi/10.3.1/../../../../arm-none-eabi/lib/thumb/v7e-m+fp/hard\libnosys.a
END GROUP
START GROUP
LOAD d:/stm32cubeide_1.9.0/stm32cubeide/plugins/com.st.stm32cube.ide.mcu.externaltools.gnu-tools-for-stm32.10.3-2021.10.win32_1.0.0.202111181127/tools/bin/../lib/gcc/arm-none-eabi/10.3.1/thumb/v7e-m+fp/hard\libgcc.a
LOAD d:/stm32cubeide_1.9.0/stm32cubeide/plugins/com.st.stm32cube.ide.mcu.externaltools.gnu-tools-for-stm32.10.3-2021.10.win32_1.0.0.202111181127/tools/bin/../lib/gcc/arm-none-eabi/10.3.1/../../../../arm-none-eabi/lib/thumb/v7e-m+fp/hard\libc_nano.a
LOAD d:/stm32cubeide_1.9.0/stm32cubeide/plugins/com.st.stm32cube.ide.mcu.externaltools.gnu-tools-for-stm32.10.3-2021.10.win32_1.0.0.202111181127/tools/bin/../lib/gcc/arm-none-eabi/10.3.1/../../../../arm-none-eabi/lib/thumb/v7e-m+fp/hard\libnosys.a
END GROUP
LOAD d:/stm32cubeide_1.9.0/stm32cubeide/plugins/com.st.stm32cube.ide.mcu.externaltools.gnu-tools-for-stm32.10.3-2021.10.win32_1.0.0.202111181127/tools/bin/../lib/gcc/arm-none-eabi/10.3.1/thumb/v7e-m+fp/hard/crtend.o
LOAD d:/stm32cubeide_1.9.0/stm32cubeide/plugins/com.st.stm32cube.ide.mcu.externaltools.gnu-tools-for-stm32.10.3-2021.10.win32_1.0.0.202111181127/tools/bin/../lib/gcc/arm-none-eabi/10.3.1/thumb/v7e-m+fp/hard/crtn.o
                0x0000000020050000                _estack = (ORIGIN (RAM) + LENGTH (RAM))
                0x0000000000000200                _Min_Heap_Size = 0x200
                0x0000000000000400                _Min_Stack_Size = 0x400

.isr_vector     0x0000000008000000      0x1bc
                0x0000000008000000                . = ALIGN (0x4)
 *(.isr_vector)
 .isr_vector    0x0000000008000000      0x1bc ./Core/Startup/startup_stm32l4p5rgtx.o
                0x0000000008000000                g_pfnVectors
                0x00000000080001bc                . = ALIGN (0x4)

.text           0x00000000080001c0     0x9820
                0x00000000080001c0                . = ALIGN (0x4)
 *(.text)
 .text          0x00000000080001c0       0x40 d:/stm32cubeide_1.9.0/stm32cubeide/plugins/com.st.stm32cube.ide.mcu.externaltools.gnu-tools-for-stm32.10.3-2021.10.win32_1.0.0.202111181127/tools/bin/../lib/gcc/arm-none-eabi/10.3.1/thumb/v7e-m+fp/hard/crtbegin.o
 .text          0x0000000008000200       0xa0 d:/stm32cubeide_1.9.0/stm32cubeide/plugins/com.st.stm32cube.ide.mcu.externaltools.gnu-tools-for-stm32.10.3-2021.10.win32_1.0.0.202111181127/tools/bin/../lib/gcc/arm-none-eabi/10.3.1/../../../../arm-none-eabi/lib/thumb/v7e-m+fp/hard\libc_nano.a(lib_a-memchr.o)
                0x0000000008000200                memchr
 *(.text*)
 .text.MX_ADC1_Init
                0x00000000080002a0       0xec ./Core/Src/adc.o
                0x00000000080002a0                MX_ADC1_Init
 .text.HAL_ADC_MspInit
                0x000000000800038c      0x144 ./Core/Src/adc.o
                0x000000000800038c                HAL_ADC_MspInit
 .text.MX_CAN1_Init
                0x00000000080004d0       0x6c ./Core/Src/can.o
                0x00000000080004d0                MX_CAN1_Init
 .text.HAL_CAN_MspInit
                0x000000000800053c       0xa8 ./Core/Src/can.o
                0x000000000800053c                HAL_CAN_MspInit
 .text._ZnwjPv  0x00000000080005e4       0x18 ./Core/Src/fuse.o
                0x00000000080005e4                operator new(unsigned int, void*)
 .text._ZN16SmartFuseHandlerILm4EE11emplaceBackEPK12GPIO_TypeDefmPK19__SPI_HandleTypeDefSt5arrayI15ChannelSettingsLj6EE
                0x00000000080005fc       0x2a ./Core/Src/fuse.o
                0x00000000080005fc                SmartFuseHandler<4ul>::emplaceBack(GPIO_TypeDef const*, unsigned long, __SPI_HandleTypeDef const*, std::array<ChannelSettings, 6u>)
 .text._ZN16SmartFuseHandlerILm4EE11emplaceBackEPK12GPIO_TypeDefmPK19__SPI_HandleTypeDefSt5arrayI15ChannelSettingsLj6EEmN3etl8delegateIFvP9SmartFuseEEE
                0x0000000008000626       0x38 ./Core/Src/fuse.o
                0x0000000008000626                SmartFuseHandler<4ul>::emplaceBack(GPIO_TypeDef const*, unsigned long, __SPI_HandleTypeDef const*, std::array<ChannelSettings, 6u>, unsigned long, etl::delegate<void (SmartFuse*)>)
 .text._ZN16SmartFuseHandlerILm4EE9handleAllEv
                0x000000000800065e       0x56 ./Core/Src/fuse.o
                0x000000000800065e                SmartFuseHandler<4ul>::handleAll()
 .text._ZN16SmartFuseHandlerILm4EE7initAllEv
                0x00000000080006b4       0x56 ./Core/Src/fuse.o
                0x00000000080006b4                SmartFuseHandler<4ul>::initAll()
 .text._ZN16SmartFuseHandlerILm4EE9enableAllEv
                0x000000000800070a       0x5c ./Core/Src/fuse.o
                0x000000000800070a                SmartFuseHandler<4ul>::enableAll()
 .text._ZN16SmartFuseHandlerILm4EE9getStatesEv
                0x0000000008000766       0x68 ./Core/Src/fuse.o
                0x0000000008000766                SmartFuseHandler<4ul>::getStates()
 .text._ZN16SmartFuseHandlerILm4EE17getChannelsStatesEv
                0x00000000080007ce       0x56 ./Core/Src/fuse.o
                0x00000000080007ce                SmartFuseHandler<4ul>::getChannelsStates()
 .text._ZN16SmartFuseHandlerILm4EE19getChannelsCurrentsEv
                0x0000000008000824       0x56 ./Core/Src/fuse.o
                0x0000000008000824                SmartFuseHandler<4ul>::getChannelsCurrents()
 .text._ZNK3etl7ibitset5countEv
                0x000000000800087a       0x46 ./Core/Src/fuse.o
                0x000000000800087a                etl::ibitset::count() const
 .text._ZN3etl7ibitset5resetEv
                0x00000000080008c0       0x38 ./Core/Src/fuse.o
                0x00000000080008c0                etl::ibitset::reset()
 .text._ZN3etl7ibitset10initialiseEy
                0x00000000080008f8       0x86 ./Core/Src/fuse.o
                0x00000000080008f8                etl::ibitset::initialise(unsigned long long)
 .text._ZN3etl7ibitsetC2EjjPh
                0x000000000800097e       0x60 ./Core/Src/fuse.o
                0x000000000800097e                etl::ibitset::ibitset(unsigned int, unsigned int, unsigned char*)
                0x000000000800097e                etl::ibitset::ibitset(unsigned int, unsigned int, unsigned char*)
 .text._ZN3etl7ibitsetD2Ev
                0x00000000080009de       0x16 ./Core/Src/fuse.o
                0x00000000080009de                etl::ibitset::~ibitset()
                0x00000000080009de                etl::ibitset::~ibitset()
 .text._ZNSt5arrayIhLj3EEixEj
                0x00000000080009f4       0x1e ./Core/Src/fuse.o
                0x00000000080009f4                std::array<unsigned char, 3u>::operator[](unsigned int)
 .text._ZNSt14__array_traitsIhLj3EE6_S_refERA3_Khj
                0x0000000008000a12       0x1c ./Core/Src/fuse.o
                0x0000000008000a12                std::__array_traits<unsigned char, 3u>::_S_ref(unsigned char const (&) [3], unsigned int)
 .text._ZN3etl6bitsetILj8EED2Ev
                0x0000000008000a2e       0x1a ./Core/Src/fuse.o
                0x0000000008000a2e                etl::bitset<8u>::~bitset()
                0x0000000008000a2e                etl::bitset<8u>::~bitset()
 .text._ZNSt5arrayIN3etl6bitsetILj8EEELj3EED2Ev
                0x0000000008000a48       0x2e ./Core/Src/fuse.o
                0x0000000008000a48                std::array<etl::bitset<8u>, 3u>::~array()
                0x0000000008000a48                std::array<etl::bitset<8u>, 3u>::~array()
 .text._ZL11checkParitySt5arrayIhLj3EE
                0x0000000008000a76       0xd6 ./Core/Src/fuse.o
 .text._ZL18calculateParityBitRSt5arrayIhLj3EE
                0x0000000008000b4c       0x5a ./Core/Src/fuse.o
 .text._ZN9SmartFuse6getGSBESt5arrayIhLj3EE
                0x0000000008000ba6      0x140 ./Core/Src/fuse.o
                0x0000000008000ba6                SmartFuse::getGSB(std::array<unsigned char, 3u>)
 .text._ZN9SmartFuse22ChannelSettingsAndDataC2Ev
                0x0000000008000ce6       0x28 ./Core/Src/fuse.o
                0x0000000008000ce6                SmartFuse::ChannelSettingsAndData::ChannelSettingsAndData()
                0x0000000008000ce6                SmartFuse::ChannelSettingsAndData::ChannelSettingsAndData()
 .text._ZNSt5arrayIN9SmartFuse22ChannelSettingsAndDataELj6EEC2Ev
                0x0000000008000d0e       0x28 ./Core/Src/fuse.o
                0x0000000008000d0e                std::array<SmartFuse::ChannelSettingsAndData, 6u>::array()
                0x0000000008000d0e                std::array<SmartFuse::ChannelSettingsAndData, 6u>::array()
 .text._ZNSt4pairIttEaSERKS0_
                0x0000000008000d36       0x28 ./Core/Src/fuse.o
                0x0000000008000d36                std::pair<unsigned short, unsigned short>::operator=(std::pair<unsigned short, unsigned short> const&)
 .text._ZN9SmartFuseC2EPK12GPIO_TypeDefmPK19__SPI_HandleTypeDefSt5arrayI15ChannelSettingsLj6EE
                0x0000000008000d5e      0x18a ./Core/Src/fuse.o
                0x0000000008000d5e                SmartFuse::SmartFuse(GPIO_TypeDef const*, unsigned long, __SPI_HandleTypeDef const*, std::array<ChannelSettings, 6u>)
                0x0000000008000d5e                SmartFuse::SmartFuse(GPIO_TypeDef const*, unsigned long, __SPI_HandleTypeDef const*, std::array<ChannelSettings, 6u>)
 .text._ZN9SmartFuseC2EPK12GPIO_TypeDefmPK19__SPI_HandleTypeDefSt5arrayI15ChannelSettingsLj6EEmN3etl8delegateIFvPS_EEE
                0x0000000008000ee8      0x1a2 ./Core/Src/fuse.o
                0x0000000008000ee8                SmartFuse::SmartFuse(GPIO_TypeDef const*, unsigned long, __SPI_HandleTypeDef const*, std::array<ChannelSettings, 6u>, unsigned long, etl::delegate<void (SmartFuse*)>)
                0x0000000008000ee8                SmartFuse::SmartFuse(GPIO_TypeDef const*, unsigned long, __SPI_HandleTypeDef const*, std::array<ChannelSettings, 6u>, unsigned long, etl::delegate<void (SmartFuse*)>)
 .text._ZN9SmartFuse11slaveSelectEv
                0x000000000800108a       0x22 ./Core/Src/fuse.o
                0x000000000800108a                SmartFuse::slaveSelect()
 .text._ZN9SmartFuse13slaveDeselectEv
                0x00000000080010ac       0x22 ./Core/Src/fuse.o
                0x00000000080010ac                SmartFuse::slaveDeselect()
 .text._ZN9SmartFuse4initEv
                0x00000000080010ce       0x34 ./Core/Src/fuse.o
                0x00000000080010ce                SmartFuse::init()
 *fill*         0x0000000008001102        0x2 
 .text._ZN9SmartFuse6enableEv
                0x0000000008001104       0x80 ./Core/Src/fuse.o
                0x0000000008001104                SmartFuse::enable()
 .text._ZN9SmartFuse6handleEv
                0x0000000008001184      0x4bc ./Core/Src/fuse.o
                0x0000000008001184                SmartFuse::handle()
 .text._ZN9SmartFuse19setChannelDutyCykleE7Channelt
                0x0000000008001640       0xe4 ./Core/Src/fuse.o
                0x0000000008001640                SmartFuse::setChannelDutyCykle(Channel, unsigned short)
 .text._ZNK9SmartFuse8getStateEv
                0x0000000008001724       0x1a ./Core/Src/fuse.o
                0x0000000008001724                SmartFuse::getState() const
 .text._ZN9SmartFuse15getChannelStateE7Channel
                0x000000000800173e       0x26 ./Core/Src/fuse.o
                0x000000000800173e                SmartFuse::getChannelState(Channel)
 .text._ZN9SmartFuse17getChannelsStatesEv
                0x0000000008001764       0x8a ./Core/Src/fuse.o
                0x0000000008001764                SmartFuse::getChannelsStates()
 .text._ZN9SmartFuse19getChannelsCurrentsEv
                0x00000000080017ee       0x8a ./Core/Src/fuse.o
                0x00000000080017ee                SmartFuse::getChannelsCurrents()
 .text._ZN9SmartFuse5resetEv
                0x0000000008001878       0xdc ./Core/Src/fuse.o
                0x0000000008001878                SmartFuse::reset()
 .text._ZN9SmartFuse18setUpAllDutyCyclesEv
                0x0000000008001954       0xb8 ./Core/Src/fuse.o
                0x0000000008001954                SmartFuse::setUpAllDutyCycles()
 .text._ZN9SmartFuse21setUpAllSamplingModesEv
                0x0000000008001a0c       0xec ./Core/Src/fuse.o
                0x0000000008001a0c                SmartFuse::setUpAllSamplingModes()
 .text._ZN9SmartFuse22setUpAllLatchOffTimersEv
                0x0000000008001af8      0x154 ./Core/Src/fuse.o
                0x0000000008001af8                SmartFuse::setUpAllLatchOffTimers()
 .text._ZN9SmartFuse22setUpAllChannelsStatesEv
                0x0000000008001c4c       0xb6 ./Core/Src/fuse.o
                0x0000000008001c4c                SmartFuse::setUpAllChannelsStates()
 *fill*         0x0000000008001d02        0x2 
 .text._ZN9SmartFuse19transmitReceiveDataESt5arrayIhLj3EERS1_
                0x0000000008001d04       0xe8 ./Core/Src/fuse.o
                0x0000000008001d04                SmartFuse::transmitReceiveData(std::array<unsigned char, 3u>, std::array<unsigned char, 3u>&)
 .text._ZN3etl10count_bitsIhEENS_9enable_ifIXaaaasrNS_11is_integralIT_EE5valuesrNS_11is_unsignedIS3_EE5valueeqsrNS_15integral_limitsIS3_EE4bitsLj8EEhE4typeES3_
                0x0000000008001dec       0x4e ./Core/Src/fuse.o
                0x0000000008001dec                etl::enable_if<(etl::is_integral<unsigned char>::value&&etl::is_unsigned<unsigned char>::value)&&(etl::integral_limits<unsigned char>::bits==(8u)), unsigned char>::type etl::count_bits<unsigned char>(unsigned char)
 .text._ZN3etl6bitsetILj8EEC2Ey
                0x0000000008001e3a       0x30 ./Core/Src/fuse.o
                0x0000000008001e3a                etl::bitset<8u>::bitset(unsigned long long)
                0x0000000008001e3a                etl::bitset<8u>::bitset(unsigned long long)
 .text._ZNSt5arrayIN3etl6bitsetILj8EEELj3EE5beginEv
                0x0000000008001e6a       0x18 ./Core/Src/fuse.o
                0x0000000008001e6a                std::array<etl::bitset<8u>, 3u>::begin()
 .text._ZNSt5arrayIN3etl6bitsetILj8EEELj3EE3endEv
                0x0000000008001e82       0x1a ./Core/Src/fuse.o
                0x0000000008001e82                std::array<etl::bitset<8u>, 3u>::end()
 .text._ZNSt4pairIttEC2IttLb1EEEv
                0x0000000008001e9c       0x22 ./Core/Src/fuse.o
                0x0000000008001e9c                std::pair<unsigned short, unsigned short>::pair<unsigned short, unsigned short, true>()
                0x0000000008001e9c                std::pair<unsigned short, unsigned short>::pair<unsigned short, unsigned short, true>()
 .text._ZN3etl8delegateIFvP9SmartFuseEE18invocation_elementC2Ev
                0x0000000008001ebe       0x22 ./Core/Src/fuse.o
                0x0000000008001ebe                etl::delegate<void (SmartFuse*)>::invocation_element::invocation_element()
                0x0000000008001ebe                etl::delegate<void (SmartFuse*)>::invocation_element::invocation_element()
 .text._ZN3etl8delegateIFvP9SmartFuseEEC2Ev
                0x0000000008001ee0       0x1a ./Core/Src/fuse.o
                0x0000000008001ee0                etl::delegate<void (SmartFuse*)>::delegate()
                0x0000000008001ee0                etl::delegate<void (SmartFuse*)>::delegate()
 .text._ZNSt5arrayIN9SmartFuse22ChannelSettingsAndDataELj6EEixEj
                0x0000000008001efa       0x1e ./Core/Src/fuse.o
                0x0000000008001efa                std::array<SmartFuse::ChannelSettingsAndData, 6u>::operator[](unsigned int)
 .text._ZNSt5arrayI15ChannelSettingsLj6EEixEj
                0x0000000008001f18       0x1e ./Core/Src/fuse.o
                0x0000000008001f18                std::array<ChannelSettings, 6u>::operator[](unsigned int)
 .text._ZNSt5arrayIbLj6EEixEj
                0x0000000008001f36       0x1e ./Core/Src/fuse.o
                0x0000000008001f36                std::array<bool, 6u>::operator[](unsigned int)
 .text._ZNSt5arrayIN9SmartFuse22ChannelSettingsAndDataELj6EE5beginEv
                0x0000000008001f54       0x18 ./Core/Src/fuse.o
                0x0000000008001f54                std::array<SmartFuse::ChannelSettingsAndData, 6u>::begin()
 .text._ZNSt5arrayIN9SmartFuse22ChannelSettingsAndDataELj6EE3endEv
                0x0000000008001f6c       0x1a ./Core/Src/fuse.o
                0x0000000008001f6c                std::array<SmartFuse::ChannelSettingsAndData, 6u>::end()
 .text._ZNK3etl8delegateIFvP9SmartFuseEE8is_validEv
                0x0000000008001f86       0x22 ./Core/Src/fuse.o
                0x0000000008001f86                etl::delegate<void (SmartFuse*)>::is_valid() const
 .text._ZNK3etl8delegateIFvP9SmartFuseEEclES2_
                0x0000000008001fa8       0x54 ./Core/Src/fuse.o
                0x0000000008001fa8                etl::delegate<void (SmartFuse*)>::operator()(SmartFuse*) const
 .text._ZN3etl7ivectorI9SmartFuseE12emplace_backIJRKPK12GPIO_TypeDefRKmRKPK19__SPI_HandleTypeDefRSt5arrayI15ChannelSettingsLj6EEEEEvDpOT_
                0x0000000008001ffc       0xae ./Core/Src/fuse.o
                0x0000000008001ffc                void etl::ivector<SmartFuse>::emplace_back<GPIO_TypeDef const* const&, unsigned long const&, __SPI_HandleTypeDef const* const&, std::array<ChannelSettings, 6u>&>(GPIO_TypeDef const* const&, unsigned long const&, __SPI_HandleTypeDef const* const&, std::array<ChannelSettings, 6u>&)
 .text._ZN3etl7ivectorI9SmartFuseE12emplace_backIJRKPK12GPIO_TypeDefRKmRKPK19__SPI_HandleTypeDefRSt5arrayI15ChannelSettingsLj6EESA_RNS_8delegateIFvPS1_EEEEEEvDpOT_
                0x00000000080020aa       0xe2 ./Core/Src/fuse.o
                0x00000000080020aa                void etl::ivector<SmartFuse>::emplace_back<GPIO_TypeDef const* const&, unsigned long const&, __SPI_HandleTypeDef const* const&, std::array<ChannelSettings, 6u>&, unsigned long const&, etl::delegate<void (SmartFuse*)>&>(GPIO_TypeDef const* const&, unsigned long const&, __SPI_HandleTypeDef const* const&, std::array<ChannelSettings, 6u>&, unsigned long const&, etl::delegate<void (SmartFuse*)>&)
 .text._ZN3etl7ivectorI9SmartFuseE5beginEv
                0x000000000800218c       0x18 ./Core/Src/fuse.o
                0x000000000800218c                etl::ivector<SmartFuse>::begin()
 .text._ZN3etl7ivectorI9SmartFuseE3endEv
                0x00000000080021a4       0x18 ./Core/Src/fuse.o
                0x00000000080021a4                etl::ivector<SmartFuse>::end()
 .text._ZNSt5arrayI14SmartFuseStateLj4EEixEj
                0x00000000080021bc       0x1e ./Core/Src/fuse.o
                0x00000000080021bc                std::array<SmartFuseState, 4u>::operator[](unsigned int)
 .text._ZN3etl7ivectorI9SmartFuseEixEj
                0x00000000080021da       0x24 ./Core/Src/fuse.o
                0x00000000080021da                etl::ivector<SmartFuse>::operator[](unsigned int)
 .text._ZNSt5arrayIS_I12ChannelStateLj6EELj4EEixEj
                0x00000000080021fe       0x1e ./Core/Src/fuse.o
                0x00000000080021fe                std::array<std::array<ChannelState, 6u>, 4u>::operator[](unsigned int)
 .text._ZNSt5arrayIS_ItLj6EELj4EEixEj
                0x000000000800221c       0x1e ./Core/Src/fuse.o
                0x000000000800221c                std::array<std::array<unsigned short, 6u>, 4u>::operator[](unsigned int)
 .text._ZNSt5arrayIN3etl6bitsetILj8EEELj3EE4dataEv
                0x000000000800223a       0x1a ./Core/Src/fuse.o
                0x000000000800223a                std::array<etl::bitset<8u>, 3u>::data()
 .text._ZNSt14__array_traitsIN9SmartFuse22ChannelSettingsAndDataELj6EE6_S_refERA6_KS1_j
                0x0000000008002254       0x24 ./Core/Src/fuse.o
                0x0000000008002254                std::__array_traits<SmartFuse::ChannelSettingsAndData, 6u>::_S_ref(SmartFuse::ChannelSettingsAndData const (&) [6], unsigned int)
 .text._ZNSt14__array_traitsI15ChannelSettingsLj6EE6_S_refERA6_KS0_j
                0x0000000008002278       0x24 ./Core/Src/fuse.o
                0x0000000008002278                std::__array_traits<ChannelSettings, 6u>::_S_ref(ChannelSettings const (&) [6], unsigned int)
 .text._ZNSt14__array_traitsIbLj6EE6_S_refERA6_Kbj
                0x000000000800229c       0x1c ./Core/Src/fuse.o
                0x000000000800229c                std::__array_traits<bool, 6u>::_S_ref(bool const (&) [6], unsigned int)
 .text._ZNSt5arrayIN9SmartFuse22ChannelSettingsAndDataELj6EE4dataEv
                0x00000000080022b8       0x1a ./Core/Src/fuse.o
                0x00000000080022b8                std::array<SmartFuse::ChannelSettingsAndData, 6u>::data()
 .text._ZN3etl7forwardIP9SmartFuseEEOT_RNS_16remove_referenceIS3_E4typeE
                0x00000000080022d2       0x16 ./Core/Src/fuse.o
                0x00000000080022d2                SmartFuse*&& etl::forward<SmartFuse*>(etl::remove_reference<SmartFuse*>::type&)
 .text._ZN3etl7forwardIRKPK12GPIO_TypeDefEEOT_RNS_16remove_referenceIS6_E4typeE
                0x00000000080022e8       0x16 ./Core/Src/fuse.o
                0x00000000080022e8                GPIO_TypeDef const* const& etl::forward<GPIO_TypeDef const* const&>(etl::remove_reference<GPIO_TypeDef const* const&>::type&)
 .text._ZN3etl7forwardIRKmEEOT_RNS_16remove_referenceIS3_E4typeE
                0x00000000080022fe       0x16 ./Core/Src/fuse.o
                0x00000000080022fe                unsigned long const& etl::forward<unsigned long const&>(etl::remove_reference<unsigned long const&>::type&)
 .text._ZN3etl7forwardIRKPK19__SPI_HandleTypeDefEEOT_RNS_16remove_referenceIS6_E4typeE
                0x0000000008002314       0x16 ./Core/Src/fuse.o
                0x0000000008002314                __SPI_HandleTypeDef const* const& etl::forward<__SPI_HandleTypeDef const* const&>(etl::remove_reference<__SPI_HandleTypeDef const* const&>::type&)
 .text._ZN3etl7forwardIRSt5arrayI15ChannelSettingsLj6EEEEOT_RNS_16remove_referenceIS5_E4typeE
                0x000000000800232a       0x16 ./Core/Src/fuse.o
                0x000000000800232a                std::array<ChannelSettings, 6u>& etl::forward<std::array<ChannelSettings, 6u>&>(etl::remove_reference<std::array<ChannelSettings, 6u>&>::type&)
 .text._ZN3etl7forwardIRNS_8delegateIFvP9SmartFuseEEEEEOT_RNS_16remove_referenceIS7_E4typeE
                0x0000000008002340       0x16 ./Core/Src/fuse.o
                0x0000000008002340                etl::delegate<void (SmartFuse*)>& etl::forward<etl::delegate<void (SmartFuse*)>&>(etl::remove_reference<etl::delegate<void (SmartFuse*)>&>::type&)
 .text._ZNSt14__array_traitsI14SmartFuseStateLj4EE6_S_refERA4_KS0_j
                0x0000000008002356       0x1c ./Core/Src/fuse.o
                0x0000000008002356                std::__array_traits<SmartFuseState, 4u>::_S_ref(SmartFuseState const (&) [4], unsigned int)
 .text._ZNSt14__array_traitsISt5arrayI12ChannelStateLj6EELj4EE6_S_refERA4_KS2_j
                0x0000000008002372       0x24 ./Core/Src/fuse.o
                0x0000000008002372                std::__array_traits<std::array<ChannelState, 6u>, 4u>::_S_ref(std::array<ChannelState, 6u> const (&) [4], unsigned int)
 .text._ZNSt14__array_traitsISt5arrayItLj6EELj4EE6_S_refERA4_KS1_j
                0x0000000008002396       0x24 ./Core/Src/fuse.o
                0x0000000008002396                std::__array_traits<std::array<unsigned short, 6u>, 4u>::_S_ref(std::array<unsigned short, 6u> const (&) [4], unsigned int)
 .text._ZNSt14__array_traitsIN3etl6bitsetILj8EEELj3EE6_S_ptrERA3_KS2_
                0x00000000080023ba       0x16 ./Core/Src/fuse.o
                0x00000000080023ba                std::__array_traits<etl::bitset<8u>, 3u>::_S_ptr(etl::bitset<8u> const (&) [3])
 .text._ZNSt14__array_traitsIN9SmartFuse22ChannelSettingsAndDataELj6EE6_S_ptrERA6_KS1_
                0x00000000080023d0       0x16 ./Core/Src/fuse.o
                0x00000000080023d0                std::__array_traits<SmartFuse::ChannelSettingsAndData, 6u>::_S_ptr(SmartFuse::ChannelSettingsAndData const (&) [6])
 *fill*         0x00000000080023e6        0x2 
 .text._ZN11GpioElementD2Ev
                0x00000000080023e8       0x20 ./Core/Src/gpio elements.o
                0x00000000080023e8                GpioElement::~GpioElement()
                0x00000000080023e8                GpioElement::~GpioElement()
 .text._ZN11GpioElementD0Ev
                0x0000000008002408       0x20 ./Core/Src/gpio elements.o
                0x0000000008002408                GpioElement::~GpioElement()
 .text._ZN11GpioElementC2EPK12GPIO_TypeDefmb
                0x0000000008002428       0x38 ./Core/Src/gpio elements.o
                0x0000000008002428                GpioElement::GpioElement(GPIO_TypeDef const*, unsigned long, bool)
                0x0000000008002428                GpioElement::GpioElement(GPIO_TypeDef const*, unsigned long, bool)
 .text._ZN14GpioOutElementC2EPK12GPIO_TypeDefmb
                0x0000000008002460       0x30 ./Core/Src/gpio elements.o
                0x0000000008002460                GpioOutElement::GpioOutElement(GPIO_TypeDef const*, unsigned long, bool)
                0x0000000008002460                GpioOutElement::GpioOutElement(GPIO_TypeDef const*, unsigned long, bool)
 .text._ZN14GpioOutElement8activateEv
                0x0000000008002490       0x2e ./Core/Src/gpio elements.o
                0x0000000008002490                GpioOutElement::activate()
 .text._ZN14GpioOutElement10deactivateEv
                0x00000000080024be       0x2e ./Core/Src/gpio elements.o
                0x00000000080024be                GpioOutElement::deactivate()
 .text._ZN13GpioInElementC2EPK12GPIO_TypeDefmb
                0x00000000080024ec       0x30 ./Core/Src/gpio elements.o
                0x00000000080024ec                GpioInElement::GpioInElement(GPIO_TypeDef const*, unsigned long, bool)
                0x00000000080024ec                GpioInElement::GpioInElement(GPIO_TypeDef const*, unsigned long, bool)
 .text._ZN13GpioInElement8isActiveEv
                0x000000000800251c       0x3e ./Core/Src/gpio elements.o
                0x000000000800251c                GpioInElement::isActive()
 *fill*         0x000000000800255a        0x2 
 .text._ZN13GpioInElementD2Ev
                0x000000000800255c       0x24 ./Core/Src/gpio elements.o
                0x000000000800255c                GpioInElement::~GpioInElement()
                0x000000000800255c                GpioInElement::~GpioInElement()
 .text._ZN13GpioInElementD0Ev
                0x0000000008002580       0x20 ./Core/Src/gpio elements.o
                0x0000000008002580                GpioInElement::~GpioInElement()
 .text._ZN14GpioOutElementD2Ev
                0x00000000080025a0       0x24 ./Core/Src/gpio elements.o
                0x00000000080025a0                GpioOutElement::~GpioOutElement()
                0x00000000080025a0                GpioOutElement::~GpioOutElement()
 .text._ZN14GpioOutElementD0Ev
                0x00000000080025c4       0x20 ./Core/Src/gpio elements.o
                0x00000000080025c4                GpioOutElement::~GpioOutElement()
 .text.MX_GPIO_Init
                0x00000000080025e4      0x1f4 ./Core/Src/gpio.o
                0x00000000080025e4                MX_GPIO_Init
 .text._ZSt21is_constant_evaluatedv
                0x00000000080027d8       0x10 ./Core/Src/main.o
                0x00000000080027d8                std::is_constant_evaluated()
 .text._ZN3etl11vector_baseC2Ej
                0x00000000080027e8       0x1e ./Core/Src/main.o
                0x00000000080027e8                etl::vector_base::vector_base(unsigned int)
                0x00000000080027e8                etl::vector_base::vector_base(unsigned int)
 .text._ZN3etl11vector_baseD2Ev
                0x0000000008002806       0x16 ./Core/Src/main.o
                0x0000000008002806                etl::vector_base::~vector_base()
                0x0000000008002806                etl::vector_base::~vector_base()
 .text._ZN8PUTM_CAN14Can_rx_messageC2ER19__CAN_HandleTypeDefm
                0x000000000800281c       0x4c ./Core/Src/main.o
                0x000000000800281c                PUTM_CAN::Can_rx_message::Can_rx_message(__CAN_HandleTypeDef&, unsigned long)
                0x000000000800281c                PUTM_CAN::Can_rx_message::Can_rx_message(__CAN_HandleTypeDef&, unsigned long)
 .text._ZN8PUTM_CAN11Device_base6get_IDEv
                0x0000000008002868       0x24 ./Core/Src/main.o
                0x0000000008002868                PUTM_CAN::Device_base::get_ID()
 .text._ZN8PUTM_CAN13Can_interface13parse_messageERKNS_14Can_rx_messageE
                0x000000000800288c       0x74 ./Core/Src/main.o
                0x000000000800288c                PUTM_CAN::Can_interface::parse_message(PUTM_CAN::Can_rx_message const&)
 .text._ZN8PUTM_CAN13Can_interface11get_tc_mainEv
                0x0000000008002900       0x26 ./Core/Src/main.o
                0x0000000008002900                PUTM_CAN::Can_interface::get_tc_main()
 *fill*         0x0000000008002926        0x2 
 .text.HAL_CAN_RxFifo0MsgPendingCallback
                0x0000000008002928       0x38 ./Core/Src/main.o
                0x0000000008002928                HAL_CAN_RxFifo0MsgPendingCallback
 .text._ZN16SmartFuseHandlerILm4EEC2Ev
                0x0000000008002960       0x1a ./Core/Src/main.o
                0x0000000008002960                SmartFuseHandler<4ul>::SmartFuseHandler()
                0x0000000008002960                SmartFuseHandler<4ul>::SmartFuseHandler()
 *fill*         0x000000000800297a        0x2 
 .text._ZZ4mainENKUlP9SmartFuseE_clES0_
                0x000000000800297c       0x6c ./Core/Src/main.o
 .text._ZN11GpioElementC2ERKS_
                0x00000000080029e8       0x44 ./Core/Src/main.o
                0x00000000080029e8                GpioElement::GpioElement(GpioElement const&)
                0x00000000080029e8                GpioElement::GpioElement(GpioElement const&)
 .text._ZN13GpioInElementC2ERKS_
                0x0000000008002a2c       0x2c ./Core/Src/main.o
                0x0000000008002a2c                GpioInElement::GpioInElement(GpioInElement const&)
                0x0000000008002a2c                GpioInElement::GpioInElement(GpioInElement const&)
 .text._ZN8PUTM_CAN14Can_tx_messageINS_7SF_mainEEC1ERKS1_RK19CAN_TxHeaderTypeDef
                0x0000000008002a58       0x38 ./Core/Src/main.o
                0x0000000008002a58                PUTM_CAN::Can_tx_message<PUTM_CAN::SF_main>::Can_tx_message(PUTM_CAN::SF_main const&, CAN_TxHeaderTypeDef const&)
 .text.main     0x0000000008002a90      0x5c8 ./Core/Src/main.o
                0x0000000008002a90                main
 .text._Z18SystemClock_Configv
                0x0000000008003058       0xbe ./Core/Src/main.o
                0x0000000008003058                SystemClock_Config()
 *fill*         0x0000000008003116        0x2 
 .text._ZN6Device4initEv
                0x0000000008003118       0x48 ./Core/Src/main.o
                0x0000000008003118                Device::init()
 .text._ZN6Device10raiseErrorE11DeviceError
                0x0000000008003160       0x34 ./Core/Src/main.o
                0x0000000008003160                Device::raiseError(DeviceError)
 .text._ZN6Device11changeStateEN8PUTM_CAN9SF_statesE
                0x0000000008003194       0x3c ./Core/Src/main.o
                0x0000000008003194                Device::changeState(PUTM_CAN::SF_states)
 .text._ZN6Device11changeStateEN8PUTM_CAN9SF_statesEb
                0x00000000080031d0       0x48 ./Core/Src/main.o
                0x00000000080031d0                Device::changeState(PUTM_CAN::SF_states, bool)
 .text._ZN6Device10resetStateEv
                0x0000000008003218       0x28 ./Core/Src/main.o
                0x0000000008003218                Device::resetState()
 .text._ZN6Device11unlockStateEv
                0x0000000008003240       0x18 ./Core/Src/main.o
                0x0000000008003240                Device::unlockState()
 .text._ZN6Device12handleStatesEv
                0x0000000008003258       0x74 ./Core/Src/main.o
                0x0000000008003258                Device::handleStates()
 .text._Z7initCANv
                0x00000000080032cc       0xa0 ./Core/Src/main.o
                0x00000000080032cc                initCAN()
 .text._ZN8PUTM_CAN14Can_tx_messageINS_18SF_PassiveElementsEEC1ERKS1_RK19CAN_TxHeaderTypeDef
                0x000000000800336c       0x38 ./Core/Src/main.o
                0x000000000800336c                PUTM_CAN::Can_tx_message<PUTM_CAN::SF_PassiveElements>::Can_tx_message(PUTM_CAN::SF_PassiveElements const&, CAN_TxHeaderTypeDef const&)
 .text._Z27sendCanFramePassiveElementsv
                0x00000000080033a4      0x110 ./Core/Src/main.o
                0x00000000080033a4                sendCanFramePassiveElements()
 .text._ZN8PUTM_CAN14Can_tx_messageINS_23SF_LegendaryDVAndSupplyEEC1ERKS1_RK19CAN_TxHeaderTypeDef
                0x00000000080034b4       0x38 ./Core/Src/main.o
                0x00000000080034b4                PUTM_CAN::Can_tx_message<PUTM_CAN::SF_LegendaryDVAndSupply>::Can_tx_message(PUTM_CAN::SF_LegendaryDVAndSupply const&, CAN_TxHeaderTypeDef const&)
 .text._Z32sendCanFrameLegendaryDVAndSupplyv
                0x00000000080034ec       0xe0 ./Core/Src/main.o
                0x00000000080034ec                sendCanFrameLegendaryDVAndSupply()
 .text._ZN8PUTM_CAN14Can_tx_messageINS_9SF_SupplyEEC1ERKS1_RK19CAN_TxHeaderTypeDef
                0x00000000080035cc       0x38 ./Core/Src/main.o
                0x00000000080035cc                PUTM_CAN::Can_tx_message<PUTM_CAN::SF_Supply>::Can_tx_message(PUTM_CAN::SF_Supply const&, CAN_TxHeaderTypeDef const&)
 .text._Z18sendCanFrameSupplyv
                0x0000000008003604      0x108 ./Core/Src/main.o
                0x0000000008003604                sendCanFrameSupply()
 .text._ZNSt5arrayIbLj8EEixEj
                0x000000000800370c       0x1e ./Core/Src/main.o
                0x000000000800370c                std::array<bool, 8u>::operator[](unsigned int)
 .text._ZNSt14__array_traitsIbLj8EE6_S_refERA8_Kbj
                0x000000000800372a       0x1c ./Core/Src/main.o
                0x000000000800372a                std::__array_traits<bool, 8u>::_S_ref(bool const (&) [8], unsigned int)
 .text._ZN8PUTM_CAN14Can_tx_messageINS_9SF_safetyEEC1ERKS1_RK19CAN_TxHeaderTypeDef
                0x0000000008003746       0x38 ./Core/Src/main.o
                0x0000000008003746                PUTM_CAN::Can_tx_message<PUTM_CAN::SF_safety>::Can_tx_message(PUTM_CAN::SF_safety const&, CAN_TxHeaderTypeDef const&)
 *fill*         0x000000000800377e        0x2 
 .text._Z18sendCanFrameSafetyv
                0x0000000008003780       0x84 ./Core/Src/main.o
                0x0000000008003780                sendCanFrameSafety()
 .text.Error_Handler
                0x0000000008003804       0x34 ./Core/Src/main.o
                0x0000000008003804                Error_Handler
 .text._ZNSt5arrayIPN8PUTM_CAN11Device_baseELj32EE5beginEv
                0x0000000008003838       0x18 ./Core/Src/main.o
                0x0000000008003838                std::array<PUTM_CAN::Device_base*, 32u>::begin()
 .text._ZNSt5arrayIPN8PUTM_CAN11Device_baseELj32EE3endEv
                0x0000000008003850       0x1a ./Core/Src/main.o
                0x0000000008003850                std::array<PUTM_CAN::Device_base*, 32u>::end()
 .text._ZN3etl5queueI5ErrorLj100ELj2EEC2Ev
                0x000000000800386a       0x20 ./Core/Src/main.o
                0x000000000800386a                etl::queue<Error, 100u, 2u>::queue()
                0x000000000800386a                etl::queue<Error, 100u, 2u>::queue()
 .text._ZN3etl7ivectorI9SmartFuseED2Ev
                0x000000000800388a       0x1a ./Core/Src/main.o
                0x000000000800388a                etl::ivector<SmartFuse>::~ivector()
                0x000000000800388a                etl::ivector<SmartFuse>::~ivector()
 .text._ZN3etl6vectorI9SmartFuseLj4EEC2Ev
                0x00000000080038a4       0x28 ./Core/Src/main.o
                0x00000000080038a4                etl::vector<SmartFuse, 4u>::vector()
                0x00000000080038a4                etl::vector<SmartFuse, 4u>::vector()
 .text._ZN3etl6vectorI9SmartFuseLj4EED2Ev
                0x00000000080038cc       0x22 ./Core/Src/main.o
                0x00000000080038cc                etl::vector<SmartFuse, 4u>::~vector()
                0x00000000080038cc                etl::vector<SmartFuse, 4u>::~vector()
 *fill*         0x00000000080038ee        0x2 
 .text._ZN3etl8delegateIFvP9SmartFuseEEC2IZ4mainEUlS2_E_vEERKT_
                0x00000000080038f0       0x2c ./Core/Src/main.o
 .text._ZNKSt5arrayI13GpioInElementLj8EE4sizeEv
                0x000000000800391c       0x16 ./Core/Src/main.o
                0x000000000800391c                std::array<GpioInElement, 8u>::size() const
 .text._ZNSt5arrayI13GpioInElementLj8EEixEj
                0x0000000008003932       0x1e ./Core/Src/main.o
                0x0000000008003932                std::array<GpioInElement, 8u>::operator[](unsigned int)
 .text._ZN8PUTM_CAN14Can_tx_messageINS_7SF_mainEE4sendER19__CAN_HandleTypeDef
                0x0000000008003950       0x28 ./Core/Src/main.o
                0x0000000008003950                PUTM_CAN::Can_tx_message<PUTM_CAN::SF_main>::send(__CAN_HandleTypeDef&)
 .text._ZNSt5arrayI17HAL_StatusTypeDefLj6EEixEj
                0x0000000008003978       0x1e ./Core/Src/main.o
                0x0000000008003978                std::array<HAL_StatusTypeDef, 6u>::operator[](unsigned int)
 .text._ZNK3etl10queue_baseILj2EE8max_sizeEv
                0x0000000008003996       0x18 ./Core/Src/main.o
                0x0000000008003996                etl::queue_base<2u>::max_size() const
 .text._ZN3etl6iqueueI5ErrorLj2EE4pushEOS1_
                0x00000000080039ae       0x42 ./Core/Src/main.o
                0x00000000080039ae                etl::iqueue<Error, 2u>::push(Error&&)
 .text._ZN3etl6iqueueI5ErrorLj2EE3popEv
                0x00000000080039f0       0x18 ./Core/Src/main.o
                0x00000000080039f0                etl::iqueue<Error, 2u>::pop()
 .text._ZN8PUTM_CAN14Can_tx_messageINS_18SF_PassiveElementsEE4sendER19__CAN_HandleTypeDef
                0x0000000008003a08       0x28 ./Core/Src/main.o
                0x0000000008003a08                PUTM_CAN::Can_tx_message<PUTM_CAN::SF_PassiveElements>::send(__CAN_HandleTypeDef&)
 .text._ZN8PUTM_CAN14Can_tx_messageINS_23SF_LegendaryDVAndSupplyEE4sendER19__CAN_HandleTypeDef
                0x0000000008003a30       0x28 ./Core/Src/main.o
                0x0000000008003a30                PUTM_CAN::Can_tx_message<PUTM_CAN::SF_LegendaryDVAndSupply>::send(__CAN_HandleTypeDef&)
 .text._ZN8PUTM_CAN14Can_tx_messageINS_9SF_SupplyEE4sendER19__CAN_HandleTypeDef
                0x0000000008003a58       0x28 ./Core/Src/main.o
                0x0000000008003a58                PUTM_CAN::Can_tx_message<PUTM_CAN::SF_Supply>::send(__CAN_HandleTypeDef&)
 .text._ZN8PUTM_CAN14Can_tx_messageINS_9SF_safetyEE4sendER19__CAN_HandleTypeDef
                0x0000000008003a80       0x28 ./Core/Src/main.o
                0x0000000008003a80                PUTM_CAN::Can_tx_message<PUTM_CAN::SF_safety>::send(__CAN_HandleTypeDef&)
 .text._ZNSt5arrayIPN8PUTM_CAN11Device_baseELj32EE4dataEv
                0x0000000008003aa8       0x1a ./Core/Src/main.o
                0x0000000008003aa8                std::array<PUTM_CAN::Device_base*, 32u>::data()
 .text._ZN3etl6iqueueI5ErrorLj2EEC2EPS1_m
                0x0000000008003ac2       0x26 ./Core/Src/main.o
                0x0000000008003ac2                etl::iqueue<Error, 2u>::iqueue(Error*, unsigned long)
                0x0000000008003ac2                etl::iqueue<Error, 2u>::iqueue(Error*, unsigned long)
 .text._ZN3etl6iqueueI5ErrorLj2EED2Ev
                0x0000000008003ae8       0x1a ./Core/Src/main.o
                0x0000000008003ae8                etl::iqueue<Error, 2u>::~iqueue()
                0x0000000008003ae8                etl::iqueue<Error, 2u>::~iqueue()
 .text._ZN3etl7ivectorI9SmartFuseEC2EPS1_j
                0x0000000008003b02       0x2c ./Core/Src/main.o
                0x0000000008003b02                etl::ivector<SmartFuse>::ivector(SmartFuse*, unsigned int)
                0x0000000008003b02                etl::ivector<SmartFuse>::ivector(SmartFuse*, unsigned int)
 .text._ZN3etl7ivectorI9SmartFuseE10initialiseEv
                0x0000000008003b2e       0x28 ./Core/Src/main.o
                0x0000000008003b2e                etl::ivector<SmartFuse>::initialise()
 .text._ZN3etl7ivectorI9SmartFuseE5clearEv
                0x0000000008003b56       0x16 ./Core/Src/main.o
                0x0000000008003b56                etl::ivector<SmartFuse>::clear()
 .text._ZN3etl8delegateIFvP9SmartFuseEE6assignEPvPFvS5_S2_E
                0x0000000008003b6c       0x24 ./Core/Src/main.o
                0x0000000008003b6c                etl::delegate<void (SmartFuse*)>::assign(void*, void (*)(void*, SmartFuse*))
 .text._ZN3etl8delegateIFvP9SmartFuseEE11lambda_stubIZ4mainEUlS2_E_EEvPvS2_
                0x0000000008003b90       0x2a ./Core/Src/main.o
 .text._ZNSt14__array_traitsI13GpioInElementLj8EE6_S_refERA8_KS0_j
                0x0000000008003bba       0x1e ./Core/Src/main.o
                0x0000000008003bba                std::__array_traits<GpioInElement, 8u>::_S_ref(GpioInElement const (&) [8], unsigned int)
 .text._ZNSt14__array_traitsI17HAL_StatusTypeDefLj6EE6_S_refERA6_KS0_j
                0x0000000008003bd8       0x1c ./Core/Src/main.o
                0x0000000008003bd8                std::__array_traits<HAL_StatusTypeDef, 6u>::_S_ref(HAL_StatusTypeDef const (&) [6], unsigned int)
 .text._ZN3etl4moveIR5ErrorEEONS_16remove_referenceIT_E4typeEOS4_
                0x0000000008003bf4       0x16 ./Core/Src/main.o
                0x0000000008003bf4                etl::remove_reference<Error&>::type&& etl::move<Error&>(Error&)
 .text._ZN3etl10queue_baseILj2EE6add_inEv
                0x0000000008003c0a       0x44 ./Core/Src/main.o
                0x0000000008003c0a                etl::queue_base<2u>::add_in()
 .text._ZN3etl10queue_baseILj2EE7del_outEv
                0x0000000008003c4e       0x44 ./Core/Src/main.o
                0x0000000008003c4e                etl::queue_base<2u>::del_out()
 .text._ZNSt14__array_traitsIPN8PUTM_CAN11Device_baseELj32EE6_S_ptrERA32_KS2_
                0x0000000008003c92       0x16 ./Core/Src/main.o
                0x0000000008003c92                std::__array_traits<PUTM_CAN::Device_base*, 32u>::_S_ptr(PUTM_CAN::Device_base* const (&) [32])
 .text._ZN3etl10queue_baseILj2EEC2Em
                0x0000000008003ca8       0x30 ./Core/Src/main.o
                0x0000000008003ca8                etl::queue_base<2u>::queue_base(unsigned long)
                0x0000000008003ca8                etl::queue_base<2u>::queue_base(unsigned long)
 .text._ZN3etl10queue_baseILj2EED2Ev
                0x0000000008003cd8       0x16 ./Core/Src/main.o
                0x0000000008003cd8                etl::queue_base<2u>::~queue_base()
                0x0000000008003cd8                etl::queue_base<2u>::~queue_base()
 .text._ZN3etl7destroyIP9SmartFuseEEvT_S3_
                0x0000000008003cee       0x1a ./Core/Src/main.o
                0x0000000008003cee                void etl::destroy<SmartFuse*>(SmartFuse*, SmartFuse*)
 .text._ZSt7destroyIP9SmartFuseEvT_S2_
                0x0000000008003d08       0x1a ./Core/Src/main.o
                0x0000000008003d08                void std::destroy<SmartFuse*>(SmartFuse*, SmartFuse*)
 .text._ZSt8_DestroyIP9SmartFuseEvT_S2_
                0x0000000008003d22       0x2c ./Core/Src/main.o
                0x0000000008003d22                void std::_Destroy<SmartFuse*>(SmartFuse*, SmartFuse*)
 .text._ZNSt12_Destroy_auxILb0EE9__destroyIP9SmartFuseEEvT_S4_
                0x0000000008003d4e       0x30 ./Core/Src/main.o
                0x0000000008003d4e                void std::_Destroy_aux<false>::__destroy<SmartFuse*>(SmartFuse*, SmartFuse*)
 .text._ZNSt12_Destroy_auxILb1EE9__destroyIP9SmartFuseEEvT_S4_
                0x0000000008003d7e       0x16 ./Core/Src/main.o
                0x0000000008003d7e                void std::_Destroy_aux<true>::__destroy<SmartFuse*>(SmartFuse*, SmartFuse*)
 .text._ZSt11__addressofI9SmartFuseEPT_RS1_
                0x0000000008003d94       0x16 ./Core/Src/main.o
                0x0000000008003d94                SmartFuse* std::__addressof<SmartFuse>(SmartFuse&)
 .text._ZSt8_DestroyI9SmartFuseEvPT_
                0x0000000008003daa       0x16 ./Core/Src/main.o
                0x0000000008003daa                void std::_Destroy<SmartFuse>(SmartFuse*)
 .text._ZSt10destroy_atI9SmartFuseEvPT_
                0x0000000008003dc0       0x14 ./Core/Src/main.o
                0x0000000008003dc0                void std::destroy_at<SmartFuse>(SmartFuse*)
 .text._ZN16SmartFuseHandlerILm4EED2Ev
                0x0000000008003dd4       0x1a ./Core/Src/main.o
                0x0000000008003dd4                SmartFuseHandler<4ul>::~SmartFuseHandler()
                0x0000000008003dd4                SmartFuseHandler<4ul>::~SmartFuseHandler()
 *fill*         0x0000000008003dee        0x2 
 .text._Z41__static_initialization_and_destruction_0ii
                0x0000000008003df0      0x220 ./Core/Src/main.o
 .text._ZN8PUTM_CAN6DeviceINS_17YawProbe_air_flowEE8set_dataERKNS_14Can_rx_messageE
                0x0000000008004010       0x2c ./Core/Src/main.o
                0x0000000008004010                PUTM_CAN::Device<PUTM_CAN::YawProbe_air_flow>::set_data(PUTM_CAN::Can_rx_message const&)
 .text._ZN8PUTM_CAN6DeviceINS_14WheelTemp_mainEE8set_dataERKNS_14Can_rx_messageE
                0x000000000800403c       0x2e ./Core/Src/main.o
                0x000000000800403c                PUTM_CAN::Device<PUTM_CAN::WheelTemp_main>::set_data(PUTM_CAN::Can_rx_message const&)
 .text._ZN8PUTM_CAN6DeviceINS_14Telemetry_MainEE8set_dataERKNS_14Can_rx_messageE
                0x000000000800406a       0x2c ./Core/Src/main.o
                0x000000000800406a                PUTM_CAN::Device<PUTM_CAN::Telemetry_Main>::set_data(PUTM_CAN::Can_rx_message const&)
 .text._ZN8PUTM_CAN6DeviceINS_11TC_imu_gyroEE8set_dataERKNS_14Can_rx_messageE
                0x0000000008004096       0x2c ./Core/Src/main.o
                0x0000000008004096                PUTM_CAN::Device<PUTM_CAN::TC_imu_gyro>::set_data(PUTM_CAN::Can_rx_message const&)
 .text._ZN8PUTM_CAN6DeviceINS_10TC_imu_accEE8set_dataERKNS_14Can_rx_messageE
                0x00000000080040c2       0x2c ./Core/Src/main.o
                0x00000000080040c2                PUTM_CAN::Device<PUTM_CAN::TC_imu_acc>::set_data(PUTM_CAN::Can_rx_message const&)
 .text._ZN8PUTM_CAN6DeviceINS_15TC_temperaturesEE8set_dataERKNS_14Can_rx_messageE
                0x00000000080040ee       0x2c ./Core/Src/main.o
                0x00000000080040ee                PUTM_CAN::Device<PUTM_CAN::TC_temperatures>::set_data(PUTM_CAN::Can_rx_message const&)
 .text._ZN8PUTM_CAN6DeviceINS_19TC_wheel_velocitiesEE8set_dataERKNS_14Can_rx_messageE
                0x000000000800411a       0x2c ./Core/Src/main.o
                0x000000000800411a                PUTM_CAN::Device<PUTM_CAN::TC_wheel_velocities>::set_data(PUTM_CAN::Can_rx_message const&)
 .text._ZN8PUTM_CAN6DeviceINS_18TC_rear_suspensionEE8set_dataERKNS_14Can_rx_messageE
                0x0000000008004146       0x2c ./Core/Src/main.o
                0x0000000008004146                PUTM_CAN::Device<PUTM_CAN::TC_rear_suspension>::set_data(PUTM_CAN::Can_rx_message const&)
 .text._ZN8PUTM_CAN6DeviceINS_7TC_mainEE8set_dataERKNS_14Can_rx_messageE
                0x0000000008004172       0x2c ./Core/Src/main.o
                0x0000000008004172                PUTM_CAN::Device<PUTM_CAN::TC_main>::set_data(PUTM_CAN::Can_rx_message const&)
 .text._ZN8PUTM_CAN6DeviceINS_20Steering_Wheel_eventEE8set_dataERKNS_14Can_rx_messageE
                0x000000000800419e       0x2c ./Core/Src/main.o
                0x000000000800419e                PUTM_CAN::Device<PUTM_CAN::Steering_Wheel_event>::set_data(PUTM_CAN::Can_rx_message const&)
 .text._ZN8PUTM_CAN6DeviceINS_19Steering_Wheel_mainEE8set_dataERKNS_14Can_rx_messageE
                0x00000000080041ca       0x2c ./Core/Src/main.o
                0x00000000080041ca                PUTM_CAN::Device<PUTM_CAN::Steering_Wheel_main>::set_data(PUTM_CAN::Can_rx_message const&)
 .text._ZN8PUTM_CAN6DeviceINS_9SF_safetyEE8set_dataERKNS_14Can_rx_messageE
                0x00000000080041f6       0x2c ./Core/Src/main.o
                0x00000000080041f6                PUTM_CAN::Device<PUTM_CAN::SF_safety>::set_data(PUTM_CAN::Can_rx_message const&)
 .text._ZN8PUTM_CAN6DeviceINS_18SF_PassiveElementsEE8set_dataERKNS_14Can_rx_messageE
                0x0000000008004222       0x2c ./Core/Src/main.o
                0x0000000008004222                PUTM_CAN::Device<PUTM_CAN::SF_PassiveElements>::set_data(PUTM_CAN::Can_rx_message const&)
 .text._ZN8PUTM_CAN6DeviceINS_9SF_SupplyEE8set_dataERKNS_14Can_rx_messageE
                0x000000000800424e       0x2c ./Core/Src/main.o
                0x000000000800424e                PUTM_CAN::Device<PUTM_CAN::SF_Supply>::set_data(PUTM_CAN::Can_rx_message const&)
 .text._ZN8PUTM_CAN6DeviceINS_23SF_LegendaryDVAndSupplyEE8set_dataERKNS_14Can_rx_messageE
                0x000000000800427a       0x2c ./Core/Src/main.o
                0x000000000800427a                PUTM_CAN::Device<PUTM_CAN::SF_LegendaryDVAndSupply>::set_data(PUTM_CAN::Can_rx_message const&)
 .text._ZN8PUTM_CAN6DeviceINS_7SF_mainEE8set_dataERKNS_14Can_rx_messageE
                0x00000000080042a6       0x2c ./Core/Src/main.o
                0x00000000080042a6                PUTM_CAN::Device<PUTM_CAN::SF_main>::set_data(PUTM_CAN::Can_rx_message const&)
 .text._ZN8PUTM_CAN6DeviceINS_14Lap_timer_PassEE8set_dataERKNS_14Can_rx_messageE
                0x00000000080042d2       0x2e ./Core/Src/main.o
                0x00000000080042d2                PUTM_CAN::Device<PUTM_CAN::Lap_timer_Pass>::set_data(PUTM_CAN::Can_rx_message const&)
 .text._ZN8PUTM_CAN6DeviceINS_14Lap_timer_MainEE8set_dataERKNS_14Can_rx_messageE
                0x0000000008004300       0x2c ./Core/Src/main.o
                0x0000000008004300                PUTM_CAN::Device<PUTM_CAN::Lap_timer_Main>::set_data(PUTM_CAN::Can_rx_message const&)
 .text._ZN8PUTM_CAN6DeviceINS_25Dash_steering_wheel_angleEE8set_dataERKNS_14Can_rx_messageE
                0x000000000800432c       0x2e ./Core/Src/main.o
                0x000000000800432c                PUTM_CAN::Device<PUTM_CAN::Dash_steering_wheel_angle>::set_data(PUTM_CAN::Can_rx_message const&)
 .text._ZN8PUTM_CAN6DeviceINS_17Dash_lap_finishedEE8set_dataERKNS_14Can_rx_messageE
                0x000000000800435a       0x2c ./Core/Src/main.o
                0x000000000800435a                PUTM_CAN::Device<PUTM_CAN::Dash_lap_finished>::set_data(PUTM_CAN::Can_rx_message const&)
 .text._ZN8PUTM_CAN6DeviceINS_27Dash_steering_wheel_requestEE8set_dataERKNS_14Can_rx_messageE
                0x0000000008004386       0x2c ./Core/Src/main.o
                0x0000000008004386                PUTM_CAN::Device<PUTM_CAN::Dash_steering_wheel_request>::set_data(PUTM_CAN::Can_rx_message const&)
 .text._ZN8PUTM_CAN6DeviceINS_26Dash_Smart_Fuses_FAN_speedEE8set_dataERKNS_14Can_rx_messageE
                0x00000000080043b2       0x2e ./Core/Src/main.o
                0x00000000080043b2                PUTM_CAN::Device<PUTM_CAN::Dash_Smart_Fuses_FAN_speed>::set_data(PUTM_CAN::Can_rx_message const&)
 .text._ZN8PUTM_CAN6DeviceINS_8Dash_TCSEE8set_dataERKNS_14Can_rx_messageE
                0x00000000080043e0       0x2c ./Core/Src/main.o
                0x00000000080043e0                PUTM_CAN::Device<PUTM_CAN::Dash_TCS>::set_data(PUTM_CAN::Can_rx_message const&)
 .text._ZN8PUTM_CAN6DeviceINS_9Dash_MainEE8set_dataERKNS_14Can_rx_messageE
                0x000000000800440c       0x2c ./Core/Src/main.o
                0x000000000800440c                PUTM_CAN::Device<PUTM_CAN::Dash_Main>::set_data(PUTM_CAN::Can_rx_message const&)
 .text._ZN8PUTM_CAN6DeviceINS_18BMS_LV_temperatureEE8set_dataERKNS_14Can_rx_messageE
                0x0000000008004438       0x2c ./Core/Src/main.o
                0x0000000008004438                PUTM_CAN::Device<PUTM_CAN::BMS_LV_temperature>::set_data(PUTM_CAN::Can_rx_message const&)
 .text._ZN8PUTM_CAN6DeviceINS_11BMS_LV_mainEE8set_dataERKNS_14Can_rx_messageE
                0x0000000008004464       0x2c ./Core/Src/main.o
                0x0000000008004464                PUTM_CAN::Device<PUTM_CAN::BMS_LV_main>::set_data(PUTM_CAN::Can_rx_message const&)
 .text._ZN8PUTM_CAN6DeviceINS_11BMS_HV_mainEE8set_dataERKNS_14Can_rx_messageE
                0x0000000008004490       0x2c ./Core/Src/main.o
                0x0000000008004490                PUTM_CAN::Device<PUTM_CAN::BMS_HV_main>::set_data(PUTM_CAN::Can_rx_message const&)
 .text._ZN8PUTM_CAN6DeviceINS_12AQ_ts_buttonEE8set_dataERKNS_14Can_rx_messageE
                0x00000000080044bc       0x2c ./Core/Src/main.o
                0x00000000080044bc                PUTM_CAN::Device<PUTM_CAN::AQ_ts_button>::set_data(PUTM_CAN::Can_rx_message const&)
 .text._ZN8PUTM_CAN6DeviceINS_12AQ_gyroscopeEE8set_dataERKNS_14Can_rx_messageE
                0x00000000080044e8       0x2c ./Core/Src/main.o
                0x00000000080044e8                PUTM_CAN::Device<PUTM_CAN::AQ_gyroscope>::set_data(PUTM_CAN::Can_rx_message const&)
 .text._ZN8PUTM_CAN6DeviceINS_15AQ_accelerationEE8set_dataERKNS_14Can_rx_messageE
                0x0000000008004514       0x2c ./Core/Src/main.o
                0x0000000008004514                PUTM_CAN::Device<PUTM_CAN::AQ_acceleration>::set_data(PUTM_CAN::Can_rx_message const&)
 .text._ZN8PUTM_CAN6DeviceINS_7AQ_mainEE8set_dataERKNS_14Can_rx_messageE
                0x0000000008004540       0x2c ./Core/Src/main.o
                0x0000000008004540                PUTM_CAN::Device<PUTM_CAN::AQ_main>::set_data(PUTM_CAN::Can_rx_message const&)
 .text._ZN8PUTM_CAN6DeviceINS_9Apps_mainEE8set_dataERKNS_14Can_rx_messageE
                0x000000000800456c       0x2c ./Core/Src/main.o
                0x000000000800456c                PUTM_CAN::Device<PUTM_CAN::Apps_main>::set_data(PUTM_CAN::Can_rx_message const&)
 .text._ZN3etl5queueI5ErrorLj100ELj2EED2Ev
                0x0000000008004598       0x22 ./Core/Src/main.o
                0x0000000008004598                etl::queue<Error, 100u, 2u>::~queue()
                0x0000000008004598                etl::queue<Error, 100u, 2u>::~queue()
 .text._ZN3etl6iqueueI5ErrorLj2EE5clearEv
                0x00000000080045ba       0x18 ./Core/Src/main.o
                0x00000000080045ba                etl::iqueue<Error, 2u>::clear()
 .text._ZN3etl10queue_baseILj2EE11index_clearEv
                0x00000000080045d2       0x26 ./Core/Src/main.o
                0x00000000080045d2                etl::queue_base<2u>::index_clear()
 .text._GLOBAL__sub_I__ZN8PUTM_CAN3canE
                0x00000000080045f8       0x10 ./Core/Src/main.o
 .text._GLOBAL__sub_D__ZN8PUTM_CAN3canE
                0x0000000008004608       0x10 ./Core/Src/main.o
 .text.MX_SPI1_Init
                0x0000000008004618       0xa8 ./Core/Src/spi.o
                0x0000000008004618                MX_SPI1_Init
 .text.HAL_SPI_MspInit
                0x00000000080046c0       0x84 ./Core/Src/spi.o
                0x00000000080046c0                HAL_SPI_MspInit
 .text.HAL_MspInit
                0x0000000008004744       0x48 ./Core/Src/stm32l4xx_hal_msp.o
                0x0000000008004744                HAL_MspInit
 .text.NMI_Handler
                0x000000000800478c        0x6 ./Core/Src/stm32l4xx_it.o
                0x000000000800478c                NMI_Handler
 .text.HardFault_Handler
                0x0000000008004792        0x6 ./Core/Src/stm32l4xx_it.o
                0x0000000008004792                HardFault_Handler
 .text.MemManage_Handler
                0x0000000008004798        0x6 ./Core/Src/stm32l4xx_it.o
                0x0000000008004798                MemManage_Handler
 .text.BusFault_Handler
                0x000000000800479e        0x6 ./Core/Src/stm32l4xx_it.o
                0x000000000800479e                BusFault_Handler
 .text.UsageFault_Handler
                0x00000000080047a4        0x6 ./Core/Src/stm32l4xx_it.o
                0x00000000080047a4                UsageFault_Handler
 .text.SVC_Handler
                0x00000000080047aa        0xe ./Core/Src/stm32l4xx_it.o
                0x00000000080047aa                SVC_Handler
 .text.DebugMon_Handler
                0x00000000080047b8        0xe ./Core/Src/stm32l4xx_it.o
                0x00000000080047b8                DebugMon_Handler
 .text.PendSV_Handler
                0x00000000080047c6        0xe ./Core/Src/stm32l4xx_it.o
                0x00000000080047c6                PendSV_Handler
 .text.SysTick_Handler
                0x00000000080047d4        0xc ./Core/Src/stm32l4xx_it.o
                0x00000000080047d4                SysTick_Handler
 .text.CAN1_RX0_IRQHandler
                0x00000000080047e0       0x14 ./Core/Src/stm32l4xx_it.o
                0x00000000080047e0                CAN1_RX0_IRQHandler
 .text.CAN1_RX1_IRQHandler
                0x00000000080047f4       0x14 ./Core/Src/stm32l4xx_it.o
                0x00000000080047f4                CAN1_RX1_IRQHandler
 .text._getpid  0x0000000008004808       0x10 ./Core/Src/syscalls.o
                0x0000000008004808                _getpid
 .text._kill    0x0000000008004818       0x20 ./Core/Src/syscalls.o
                0x0000000008004818                _kill
 .text._exit    0x0000000008004838       0x14 ./Core/Src/syscalls.o
                0x0000000008004838                _exit
 .text._read    0x000000000800484c       0x3a ./Core/Src/syscalls.o
                0x000000000800484c                _read
 .text._write   0x0000000008004886       0x38 ./Core/Src/syscalls.o
                0x0000000008004886                _write
 .text._close   0x00000000080048be       0x18 ./Core/Src/syscalls.o
                0x00000000080048be                _close
 .text._fstat   0x00000000080048d6       0x20 ./Core/Src/syscalls.o
                0x00000000080048d6                _fstat
 .text._isatty  0x00000000080048f6       0x16 ./Core/Src/syscalls.o
                0x00000000080048f6                _isatty
 .text._lseek   0x000000000800490c       0x1a ./Core/Src/syscalls.o
                0x000000000800490c                _lseek
 *fill*         0x0000000008004926        0x2 
 .text._sbrk    0x0000000008004928       0x6c ./Core/Src/sysmem.o
                0x0000000008004928                _sbrk
 .text.SystemInit
                0x0000000008004994       0x24 ./Core/Src/system_stm32l4xx.o
                0x0000000008004994                SystemInit
 .text._ZN5TimerC2Ev
                0x00000000080049b8       0x22 ./Core/Src/timer.o
                0x00000000080049b8                Timer::Timer()
                0x00000000080049b8                Timer::Timer()
 .text._ZN5TimerC2Em
                0x00000000080049da       0x24 ./Core/Src/timer.o
                0x00000000080049da                Timer::Timer(unsigned long)
                0x00000000080049da                Timer::Timer(unsigned long)
 .text._ZN5Timer10setTimeOutEm
                0x00000000080049fe       0x1c ./Core/Src/timer.o
                0x00000000080049fe                Timer::setTimeOut(unsigned long)
 .text._ZN5Timer7restartEv
                0x0000000008004a1a       0x1a ./Core/Src/timer.o
                0x0000000008004a1a                Timer::restart()
 .text._ZN5Timer23checkIfTimedOutAndResetEv
                0x0000000008004a34       0x4c ./Core/Src/timer.o
                0x0000000008004a34                Timer::checkIfTimedOutAndReset()
 .text._ZN5Timer13getPassedTimeEv
                0x0000000008004a80       0x1c ./Core/Src/timer.o
                0x0000000008004a80                Timer::getPassedTime()
 .text.Reset_Handler
                0x0000000008004a9c       0x50 ./Core/Startup/startup_stm32l4p5rgtx.o
                0x0000000008004a9c                Reset_Handler
 .text.Default_Handler
                0x0000000008004aec        0x2 ./Core/Startup/startup_stm32l4p5rgtx.o
                0x0000000008004aec                RTC_Alarm_IRQHandler
                0x0000000008004aec                EXTI2_IRQHandler
                0x0000000008004aec                TIM8_TRG_COM_IRQHandler
                0x0000000008004aec                TIM8_CC_IRQHandler
                0x0000000008004aec                TIM1_CC_IRQHandler
                0x0000000008004aec                TSC_IRQHandler
                0x0000000008004aec                TAMP_STAMP_IRQHandler
                0x0000000008004aec                EXTI3_IRQHandler
                0x0000000008004aec                LPTIM2_IRQHandler
                0x0000000008004aec                DFSDM1_FLT1_IRQHandler
                0x0000000008004aec                I2C3_ER_IRQHandler
                0x0000000008004aec                EXTI0_IRQHandler
                0x0000000008004aec                I2C2_EV_IRQHandler
                0x0000000008004aec                FPU_IRQHandler
                0x0000000008004aec                TIM1_UP_TIM16_IRQHandler
                0x0000000008004aec                LTDC_ER_IRQHandler
                0x0000000008004aec                ADC1_2_IRQHandler
                0x0000000008004aec                SPI1_IRQHandler
                0x0000000008004aec                OCTOSPI1_IRQHandler
                0x0000000008004aec                TIM6_DAC_IRQHandler
                0x0000000008004aec                TIM8_UP_IRQHandler
                0x0000000008004aec                OCTOSPI2_IRQHandler
                0x0000000008004aec                DMA2_Channel2_IRQHandler
                0x0000000008004aec                DMA1_Channel4_IRQHandler
                0x0000000008004aec                SAI2_IRQHandler
                0x0000000008004aec                USART3_IRQHandler
                0x0000000008004aec                DMA1_Channel7_IRQHandler
                0x0000000008004aec                UART5_IRQHandler
                0x0000000008004aec                TIM4_IRQHandler
                0x0000000008004aec                DMA2_Channel1_IRQHandler
                0x0000000008004aec                I2C1_EV_IRQHandler
                0x0000000008004aec                DMAMUX1_OVR_IRQHandler
                0x0000000008004aec                DMA1_Channel6_IRQHandler
                0x0000000008004aec                UART4_IRQHandler
                0x0000000008004aec                DMA2_Channel4_IRQHandler
                0x0000000008004aec                TIM3_IRQHandler
                0x0000000008004aec                RCC_IRQHandler
                0x0000000008004aec                DMA1_Channel1_IRQHandler
                0x0000000008004aec                Default_Handler
                0x0000000008004aec                DMA2_Channel7_IRQHandler
                0x0000000008004aec                EXTI15_10_IRQHandler
                0x0000000008004aec                TIM7_IRQHandler
                0x0000000008004aec                SDMMC1_IRQHandler
                0x0000000008004aec                TIM5_IRQHandler
                0x0000000008004aec                I2C3_EV_IRQHandler
                0x0000000008004aec                EXTI9_5_IRQHandler
                0x0000000008004aec                RTC_WKUP_IRQHandler
                0x0000000008004aec                LTDC_IRQHandler
                0x0000000008004aec                PVD_PVM_IRQHandler
                0x0000000008004aec                SPI2_IRQHandler
                0x0000000008004aec                CAN1_TX_IRQHandler
                0x0000000008004aec                DMA2_Channel5_IRQHandler
                0x0000000008004aec                DMA1_Channel5_IRQHandler
                0x0000000008004aec                EXTI4_IRQHandler
                0x0000000008004aec                RNG_IRQHandler
                0x0000000008004aec                TIM1_TRG_COM_TIM17_IRQHandler
                0x0000000008004aec                DMA1_Channel3_IRQHandler
                0x0000000008004aec                COMP_IRQHandler
                0x0000000008004aec                HASH_CRS_IRQHandler
                0x0000000008004aec                WWDG_IRQHandler
                0x0000000008004aec                I2C4_EV_IRQHandler
                0x0000000008004aec                LPUART1_IRQHandler
                0x0000000008004aec                DMA2_Channel6_IRQHandler
                0x0000000008004aec                TIM2_IRQHandler
                0x0000000008004aec                DMA2D_IRQHandler
                0x0000000008004aec                EXTI1_IRQHandler
                0x0000000008004aec                SDMMC2_IRQHandler
                0x0000000008004aec                USART2_IRQHandler
                0x0000000008004aec                DFSDM1_FLT0_IRQHandler
                0x0000000008004aec                I2C2_ER_IRQHandler
                0x0000000008004aec                DMA1_Channel2_IRQHandler
                0x0000000008004aec                TIM8_BRK_IRQHandler
                0x0000000008004aec                CAN1_SCE_IRQHandler
                0x0000000008004aec                FLASH_IRQHandler
                0x0000000008004aec                USART1_IRQHandler
                0x0000000008004aec                OTG_FS_IRQHandler
                0x0000000008004aec                SPI3_IRQHandler
                0x0000000008004aec                I2C1_ER_IRQHandler
                0x0000000008004aec                FMC_IRQHandler
                0x0000000008004aec                LPTIM1_IRQHandler
                0x0000000008004aec                DCMI_PSSI_IRQHandler
                0x0000000008004aec                I2C4_ER_IRQHandler
                0x0000000008004aec                SAI1_IRQHandler
                0x0000000008004aec                DMA2_Channel3_IRQHandler
                0x0000000008004aec                TIM1_BRK_TIM15_IRQHandler
 .text.HAL_Init
                0x0000000008004aee       0x30 ./Drivers/STM32L4xx_HAL_Driver/Src/stm32l4xx_hal.o
                0x0000000008004aee                HAL_Init
 *fill*         0x0000000008004b1e        0x2 
 .text.HAL_InitTick
                0x0000000008004b20       0x78 ./Drivers/STM32L4xx_HAL_Driver/Src/stm32l4xx_hal.o
                0x0000000008004b20                HAL_InitTick
 .text.HAL_IncTick
                0x0000000008004b98       0x28 ./Drivers/STM32L4xx_HAL_Driver/Src/stm32l4xx_hal.o
                0x0000000008004b98                HAL_IncTick
 .text.HAL_GetTick
                0x0000000008004bc0       0x18 ./Drivers/STM32L4xx_HAL_Driver/Src/stm32l4xx_hal.o
                0x0000000008004bc0                HAL_GetTick
 .text.HAL_Delay
                0x0000000008004bd8       0x48 ./Drivers/STM32L4xx_HAL_Driver/Src/stm32l4xx_hal.o
                0x0000000008004bd8                HAL_Delay
 .text.LL_ADC_SetCommonClock
                0x0000000008004c20       0x26 ./Drivers/STM32L4xx_HAL_Driver/Src/stm32l4xx_hal_adc.o
 .text.LL_ADC_SetCommonPathInternalCh
                0x0000000008004c46       0x26 ./Drivers/STM32L4xx_HAL_Driver/Src/stm32l4xx_hal_adc.o
 .text.LL_ADC_GetCommonPathInternalCh
                0x0000000008004c6c       0x1c ./Drivers/STM32L4xx_HAL_Driver/Src/stm32l4xx_hal_adc.o
 .text.LL_ADC_SetOffset
                0x0000000008004c88       0x48 ./Drivers/STM32L4xx_HAL_Driver/Src/stm32l4xx_hal_adc.o
 .text.LL_ADC_GetOffsetChannel
                0x0000000008004cd0       0x2c ./Drivers/STM32L4xx_HAL_Driver/Src/stm32l4xx_hal_adc.o
 .text.LL_ADC_SetOffsetState
                0x0000000008004cfc       0x36 ./Drivers/STM32L4xx_HAL_Driver/Src/stm32l4xx_hal_adc.o
 .text.LL_ADC_SetSamplingTimeCommonConfig
                0x0000000008004d32       0x26 ./Drivers/STM32L4xx_HAL_Driver/Src/stm32l4xx_hal_adc.o
 .text.LL_ADC_REG_SetSequencerRanks
                0x0000000008004d58       0x58 ./Drivers/STM32L4xx_HAL_Driver/Src/stm32l4xx_hal_adc.o
 .text.LL_ADC_SetChannelSamplingTime
                0x0000000008004db0       0x56 ./Drivers/STM32L4xx_HAL_Driver/Src/stm32l4xx_hal_adc.o
 *fill*         0x0000000008004e06        0x2 
 .text.LL_ADC_SetChannelSingleDiff
                0x0000000008004e08       0x48 ./Drivers/STM32L4xx_HAL_Driver/Src/stm32l4xx_hal_adc.o
 .text.LL_ADC_DisableDeepPowerDown
                0x0000000008004e50       0x24 ./Drivers/STM32L4xx_HAL_Driver/Src/stm32l4xx_hal_adc.o
 .text.LL_ADC_IsDeepPowerDownEnabled
                0x0000000008004e74       0x28 ./Drivers/STM32L4xx_HAL_Driver/Src/stm32l4xx_hal_adc.o
 .text.LL_ADC_EnableInternalRegulator
                0x0000000008004e9c       0x28 ./Drivers/STM32L4xx_HAL_Driver/Src/stm32l4xx_hal_adc.o
 .text.LL_ADC_IsInternalRegulatorEnabled
                0x0000000008004ec4       0x28 ./Drivers/STM32L4xx_HAL_Driver/Src/stm32l4xx_hal_adc.o
 .text.LL_ADC_IsEnabled
                0x0000000008004eec       0x26 ./Drivers/STM32L4xx_HAL_Driver/Src/stm32l4xx_hal_adc.o
 .text.LL_ADC_REG_IsConversionOngoing
                0x0000000008004f12       0x26 ./Drivers/STM32L4xx_HAL_Driver/Src/stm32l4xx_hal_adc.o
 .text.LL_ADC_INJ_IsConversionOngoing
                0x0000000008004f38       0x26 ./Drivers/STM32L4xx_HAL_Driver/Src/stm32l4xx_hal_adc.o
 *fill*         0x0000000008004f5e        0x2 
 .text.HAL_ADC_Init
                0x0000000008004f60      0x2a4 ./Drivers/STM32L4xx_HAL_Driver/Src/stm32l4xx_hal_adc.o
                0x0000000008004f60                HAL_ADC_Init
 .text.HAL_ADC_ConfigChannel
                0x0000000008005204      0x7f8 ./Drivers/STM32L4xx_HAL_Driver/Src/stm32l4xx_hal_adc.o
                0x0000000008005204                HAL_ADC_ConfigChannel
 .text.LL_ADC_IsEnabled
                0x00000000080059fc       0x26 ./Drivers/STM32L4xx_HAL_Driver/Src/stm32l4xx_hal_adc_ex.o
 .text.LL_ADC_REG_IsConversionOngoing
                0x0000000008005a22       0x26 ./Drivers/STM32L4xx_HAL_Driver/Src/stm32l4xx_hal_adc_ex.o
 .text.HAL_ADCEx_MultiModeConfigChannel
                0x0000000008005a48      0x148 ./Drivers/STM32L4xx_HAL_Driver/Src/stm32l4xx_hal_adc_ex.o
                0x0000000008005a48                HAL_ADCEx_MultiModeConfigChannel
 .text.HAL_CAN_Init
                0x0000000008005b90      0x1f6 ./Drivers/STM32L4xx_HAL_Driver/Src/stm32l4xx_hal_can.o
                0x0000000008005b90                HAL_CAN_Init
 .text.HAL_CAN_ConfigFilter
                0x0000000008005d86      0x194 ./Drivers/STM32L4xx_HAL_Driver/Src/stm32l4xx_hal_can.o
                0x0000000008005d86                HAL_CAN_ConfigFilter
 .text.HAL_CAN_Start
                0x0000000008005f1a       0x88 ./Drivers/STM32L4xx_HAL_Driver/Src/stm32l4xx_hal_can.o
                0x0000000008005f1a                HAL_CAN_Start
 .text.HAL_CAN_AddTxMessage
                0x0000000008005fa2      0x1b6 ./Drivers/STM32L4xx_HAL_Driver/Src/stm32l4xx_hal_can.o
                0x0000000008005fa2                HAL_CAN_AddTxMessage
 .text.HAL_CAN_GetRxMessage
                0x0000000008006158      0x224 ./Drivers/STM32L4xx_HAL_Driver/Src/stm32l4xx_hal_can.o
                0x0000000008006158                HAL_CAN_GetRxMessage
 .text.HAL_CAN_ActivateNotification
                0x000000000800637c       0x4c ./Drivers/STM32L4xx_HAL_Driver/Src/stm32l4xx_hal_can.o
                0x000000000800637c                HAL_CAN_ActivateNotification
 .text.HAL_CAN_IRQHandler
                0x00000000080063c8      0x36e ./Drivers/STM32L4xx_HAL_Driver/Src/stm32l4xx_hal_can.o
                0x00000000080063c8                HAL_CAN_IRQHandler
 .text.HAL_CAN_TxMailbox0CompleteCallback
                0x0000000008006736       0x14 ./Drivers/STM32L4xx_HAL_Driver/Src/stm32l4xx_hal_can.o
                0x0000000008006736                HAL_CAN_TxMailbox0CompleteCallback
 .text.HAL_CAN_TxMailbox1CompleteCallback
                0x000000000800674a       0x14 ./Drivers/STM32L4xx_HAL_Driver/Src/stm32l4xx_hal_can.o
                0x000000000800674a                HAL_CAN_TxMailbox1CompleteCallback
 .text.HAL_CAN_TxMailbox2CompleteCallback
                0x000000000800675e       0x14 ./Drivers/STM32L4xx_HAL_Driver/Src/stm32l4xx_hal_can.o
                0x000000000800675e                HAL_CAN_TxMailbox2CompleteCallback
 .text.HAL_CAN_TxMailbox0AbortCallback
                0x0000000008006772       0x14 ./Drivers/STM32L4xx_HAL_Driver/Src/stm32l4xx_hal_can.o
                0x0000000008006772                HAL_CAN_TxMailbox0AbortCallback
 .text.HAL_CAN_TxMailbox1AbortCallback
                0x0000000008006786       0x14 ./Drivers/STM32L4xx_HAL_Driver/Src/stm32l4xx_hal_can.o
                0x0000000008006786                HAL_CAN_TxMailbox1AbortCallback
 .text.HAL_CAN_TxMailbox2AbortCallback
                0x000000000800679a       0x14 ./Drivers/STM32L4xx_HAL_Driver/Src/stm32l4xx_hal_can.o
                0x000000000800679a                HAL_CAN_TxMailbox2AbortCallback
 .text.HAL_CAN_RxFifo0FullCallback
                0x00000000080067ae       0x14 ./Drivers/STM32L4xx_HAL_Driver/Src/stm32l4xx_hal_can.o
                0x00000000080067ae                HAL_CAN_RxFifo0FullCallback
 .text.HAL_CAN_RxFifo1MsgPendingCallback
                0x00000000080067c2       0x14 ./Drivers/STM32L4xx_HAL_Driver/Src/stm32l4xx_hal_can.o
                0x00000000080067c2                HAL_CAN_RxFifo1MsgPendingCallback
 .text.HAL_CAN_RxFifo1FullCallback
                0x00000000080067d6       0x14 ./Drivers/STM32L4xx_HAL_Driver/Src/stm32l4xx_hal_can.o
                0x00000000080067d6                HAL_CAN_RxFifo1FullCallback
 .text.HAL_CAN_SleepCallback
                0x00000000080067ea       0x14 ./Drivers/STM32L4xx_HAL_Driver/Src/stm32l4xx_hal_can.o
                0x00000000080067ea                HAL_CAN_SleepCallback
 .text.HAL_CAN_WakeUpFromRxMsgCallback
                0x00000000080067fe       0x14 ./Drivers/STM32L4xx_HAL_Driver/Src/stm32l4xx_hal_can.o
                0x00000000080067fe                HAL_CAN_WakeUpFromRxMsgCallback
 .text.HAL_CAN_ErrorCallback
                0x0000000008006812       0x14 ./Drivers/STM32L4xx_HAL_Driver/Src/stm32l4xx_hal_can.o
                0x0000000008006812                HAL_CAN_ErrorCallback
 *fill*         0x0000000008006826        0x2 
 .text.__NVIC_SetPriorityGrouping
                0x0000000008006828       0x48 ./Drivers/STM32L4xx_HAL_Driver/Src/stm32l4xx_hal_cortex.o
 .text.__NVIC_GetPriorityGrouping
                0x0000000008006870       0x1c ./Drivers/STM32L4xx_HAL_Driver/Src/stm32l4xx_hal_cortex.o
 .text.__NVIC_EnableIRQ
                0x000000000800688c       0x3c ./Drivers/STM32L4xx_HAL_Driver/Src/stm32l4xx_hal_cortex.o
 .text.__NVIC_SetPriority
                0x00000000080068c8       0x54 ./Drivers/STM32L4xx_HAL_Driver/Src/stm32l4xx_hal_cortex.o
 .text.NVIC_EncodePriority
                0x000000000800691c       0x66 ./Drivers/STM32L4xx_HAL_Driver/Src/stm32l4xx_hal_cortex.o
 *fill*         0x0000000008006982        0x2 
 .text.SysTick_Config
                0x0000000008006984       0x44 ./Drivers/STM32L4xx_HAL_Driver/Src/stm32l4xx_hal_cortex.o
 .text.HAL_NVIC_SetPriorityGrouping
                0x00000000080069c8       0x16 ./Drivers/STM32L4xx_HAL_Driver/Src/stm32l4xx_hal_cortex.o
                0x00000000080069c8                HAL_NVIC_SetPriorityGrouping
 .text.HAL_NVIC_SetPriority
                0x00000000080069de       0x38 ./Drivers/STM32L4xx_HAL_Driver/Src/stm32l4xx_hal_cortex.o
                0x00000000080069de                HAL_NVIC_SetPriority
 .text.HAL_NVIC_EnableIRQ
                0x0000000008006a16       0x1c ./Drivers/STM32L4xx_HAL_Driver/Src/stm32l4xx_hal_cortex.o
                0x0000000008006a16                HAL_NVIC_EnableIRQ
 .text.HAL_SYSTICK_Config
                0x0000000008006a32       0x18 ./Drivers/STM32L4xx_HAL_Driver/Src/stm32l4xx_hal_cortex.o
                0x0000000008006a32                HAL_SYSTICK_Config
 *fill*         0x0000000008006a4a        0x2 
 .text.HAL_GPIO_Init
                0x0000000008006a4c      0x324 ./Drivers/STM32L4xx_HAL_Driver/Src/stm32l4xx_hal_gpio.o
                0x0000000008006a4c                HAL_GPIO_Init
 .text.HAL_GPIO_ReadPin
                0x0000000008006d70       0x30 ./Drivers/STM32L4xx_HAL_Driver/Src/stm32l4xx_hal_gpio.o
                0x0000000008006d70                HAL_GPIO_ReadPin
 .text.HAL_GPIO_WritePin
                0x0000000008006da0       0x30 ./Drivers/STM32L4xx_HAL_Driver/Src/stm32l4xx_hal_gpio.o
                0x0000000008006da0                HAL_GPIO_WritePin
 .text.HAL_PWREx_GetVoltageRange
                0x0000000008006dd0       0x40 ./Drivers/STM32L4xx_HAL_Driver/Src/stm32l4xx_hal_pwr_ex.o
                0x0000000008006dd0                HAL_PWREx_GetVoltageRange
 .text.HAL_PWREx_ControlVoltageScaling
                0x0000000008006e10      0x148 ./Drivers/STM32L4xx_HAL_Driver/Src/stm32l4xx_hal_pwr_ex.o
                0x0000000008006e10                HAL_PWREx_ControlVoltageScaling
 .text.HAL_RCC_OscConfig
                0x0000000008006f58      0x910 ./Drivers/STM32L4xx_HAL_Driver/Src/stm32l4xx_hal_rcc.o
                0x0000000008006f58                HAL_RCC_OscConfig
 .text.HAL_RCC_ClockConfig
                0x0000000008007868      0x258 ./Drivers/STM32L4xx_HAL_Driver/Src/stm32l4xx_hal_rcc.o
                0x0000000008007868                HAL_RCC_ClockConfig
 .text.HAL_RCC_GetSysClockFreq
                0x0000000008007ac0      0x118 ./Drivers/STM32L4xx_HAL_Driver/Src/stm32l4xx_hal_rcc.o
                0x0000000008007ac0                HAL_RCC_GetSysClockFreq
 .text.RCC_SetFlashLatencyFromMSIRange
                0x0000000008007bd8       0xb4 ./Drivers/STM32L4xx_HAL_Driver/Src/stm32l4xx_hal_rcc.o
 .text.RCC_GetSysClockFreqFromPLLSource
                0x0000000008007c8c       0xd0 ./Drivers/STM32L4xx_HAL_Driver/Src/stm32l4xx_hal_rcc.o
 .text.HAL_RCCEx_PeriphCLKConfig
                0x0000000008007d5c      0x6d8 ./Drivers/STM32L4xx_HAL_Driver/Src/stm32l4xx_hal_rcc_ex.o
                0x0000000008007d5c                HAL_RCCEx_PeriphCLKConfig
 .text.RCCEx_PLLSAI1_Config
                0x0000000008008434      0x1e8 ./Drivers/STM32L4xx_HAL_Driver/Src/stm32l4xx_hal_rcc_ex.o
 .text.RCCEx_PLLSAI2_Config
                0x000000000800861c      0x1e8 ./Drivers/STM32L4xx_HAL_Driver/Src/stm32l4xx_hal_rcc_ex.o
 .text.HAL_SPI_Init
                0x0000000008008804      0x146 ./Drivers/STM32L4xx_HAL_Driver/Src/stm32l4xx_hal_spi.o
                0x0000000008008804                HAL_SPI_Init
 .text._ZdlPvj  0x000000000800894a        0x4 d:/stm32cubeide_1.9.0/stm32cubeide/plugins/com.st.stm32cube.ide.mcu.externaltools.gnu-tools-for-stm32.10.3-2021.10.win32_1.0.0.202111181127/tools/bin/../lib/gcc/arm-none-eabi/10.3.1/../../../../arm-none-eabi/lib/thumb/v7e-m+fp/hard\libstdc++_nano.a(del_ops.o)
                0x000000000800894a                operator delete(void*, unsigned int)
 .text._ZdlPv   0x000000000800894e        0x4 d:/stm32cubeide_1.9.0/stm32cubeide/plugins/com.st.stm32cube.ide.mcu.externaltools.gnu-tools-for-stm32.10.3-2021.10.win32_1.0.0.202111181127/tools/bin/../lib/gcc/arm-none-eabi/10.3.1/../../../../arm-none-eabi/lib/thumb/v7e-m+fp/hard\libstdc++_nano.a(del_op.o)
                0x000000000800894e                operator delete(void*)
 *fill*         0x0000000008008952        0x2 
 .text.__assert_func
                0x0000000008008954       0x3c d:/stm32cubeide_1.9.0/stm32cubeide/plugins/com.st.stm32cube.ide.mcu.externaltools.gnu-tools-for-stm32.10.3-2021.10.win32_1.0.0.202111181127/tools/bin/../lib/gcc/arm-none-eabi/10.3.1/../../../../arm-none-eabi/lib/thumb/v7e-m+fp/hard\libc_nano.a(lib_a-assert.o)
                0x0000000008008954                __assert_func
 .text.__errno  0x0000000008008990        0xc d:/stm32cubeide_1.9.0/stm32cubeide/plugins/com.st.stm32cube.ide.mcu.externaltools.gnu-tools-for-stm32.10.3-2021.10.win32_1.0.0.202111181127/tools/bin/../lib/gcc/arm-none-eabi/10.3.1/../../../../arm-none-eabi/lib/thumb/v7e-m+fp/hard\libc_nano.a(lib_a-errno.o)
                0x0000000008008990                __errno
 .text.fprintf  0x000000000800899c       0x24 d:/stm32cubeide_1.9.0/stm32cubeide/plugins/com.st.stm32cube.ide.mcu.externaltools.gnu-tools-for-stm32.10.3-2021.10.win32_1.0.0.202111181127/tools/bin/../lib/gcc/arm-none-eabi/10.3.1/../../../../arm-none-eabi/lib/thumb/v7e-m+fp/hard\libc_nano.a(lib_a-fprintf.o)
                0x000000000800899c                fiprintf
                0x000000000800899c                fprintf
 .text.__libc_init_array
                0x00000000080089c0       0x48 d:/stm32cubeide_1.9.0/stm32cubeide/plugins/com.st.stm32cube.ide.mcu.externaltools.gnu-tools-for-stm32.10.3-2021.10.win32_1.0.0.202111181127/tools/bin/../lib/gcc/arm-none-eabi/10.3.1/../../../../arm-none-eabi/lib/thumb/v7e-m+fp/hard\libc_nano.a(lib_a-init.o)
                0x00000000080089c0                __libc_init_array
 .text.free     0x0000000008008a08       0x10 d:/stm32cubeide_1.9.0/stm32cubeide/plugins/com.st.stm32cube.ide.mcu.externaltools.gnu-tools-for-stm32.10.3-2021.10.win32_1.0.0.202111181127/tools/bin/../lib/gcc/arm-none-eabi/10.3.1/../../../../arm-none-eabi/lib/thumb/v7e-m+fp/hard\libc_nano.a(lib_a-malloc.o)
                0x0000000008008a08                free
 .text.memcpy   0x0000000008008a18       0x1c d:/stm32cubeide_1.9.0/stm32cubeide/plugins/com.st.stm32cube.ide.mcu.externaltools.gnu-tools-for-stm32.10.3-2021.10.win32_1.0.0.202111181127/tools/bin/../lib/gcc/arm-none-eabi/10.3.1/../../../../arm-none-eabi/lib/thumb/v7e-m+fp/hard\libc_nano.a(lib_a-memcpy-stub.o)
                0x0000000008008a18                memcpy
 .text.memset   0x0000000008008a34       0x10 d:/stm32cubeide_1.9.0/stm32cubeide/plugins/com.st.stm32cube.ide.mcu.externaltools.gnu-tools-for-stm32.10.3-2021.10.win32_1.0.0.202111181127/tools/bin/../lib/gcc/arm-none-eabi/10.3.1/../../../../arm-none-eabi/lib/thumb/v7e-m+fp/hard\libc_nano.a(lib_a-memset.o)
                0x0000000008008a34                memset
 .text._free_r  0x0000000008008a44       0x98 d:/stm32cubeide_1.9.0/stm32cubeide/plugins/com.st.stm32cube.ide.mcu.externaltools.gnu-tools-for-stm32.10.3-2021.10.win32_1.0.0.202111181127/tools/bin/../lib/gcc/arm-none-eabi/10.3.1/../../../../arm-none-eabi/lib/thumb/v7e-m+fp/hard\libc_nano.a(lib_a-nano-freer.o)
                0x0000000008008a44                _free_r
 .text.sbrk_aligned
                0x0000000008008adc       0x40 d:/stm32cubeide_1.9.0/stm32cubeide/plugins/com.st.stm32cube.ide.mcu.externaltools.gnu-tools-for-stm32.10.3-2021.10.win32_1.0.0.202111181127/tools/bin/../lib/gcc/arm-none-eabi/10.3.1/../../../../arm-none-eabi/lib/thumb/v7e-m+fp/hard\libc_nano.a(lib_a-nano-mallocr.o)
 .text._malloc_r
                0x0000000008008b1c       0xe8 d:/stm32cubeide_1.9.0/stm32cubeide/plugins/com.st.stm32cube.ide.mcu.externaltools.gnu-tools-for-stm32.10.3-2021.10.win32_1.0.0.202111181127/tools/bin/../lib/gcc/arm-none-eabi/10.3.1/../../../../arm-none-eabi/lib/thumb/v7e-m+fp/hard\libc_nano.a(lib_a-nano-mallocr.o)
                0x0000000008008b1c                _malloc_r
 .text.__sfputc_r
                0x0000000008008c04       0x2e d:/stm32cubeide_1.9.0/stm32cubeide/plugins/com.st.stm32cube.ide.mcu.externaltools.gnu-tools-for-stm32.10.3-2021.10.win32_1.0.0.202111181127/tools/bin/../lib/gcc/arm-none-eabi/10.3.1/../../../../arm-none-eabi/lib/thumb/v7e-m+fp/hard\libc_nano.a(lib_a-nano-vfprintf.o)
 .text.__sfputs_r
                0x0000000008008c32       0x24 d:/stm32cubeide_1.9.0/stm32cubeide/plugins/com.st.stm32cube.ide.mcu.externaltools.gnu-tools-for-stm32.10.3-2021.10.win32_1.0.0.202111181127/tools/bin/../lib/gcc/arm-none-eabi/10.3.1/../../../../arm-none-eabi/lib/thumb/v7e-m+fp/hard\libc_nano.a(lib_a-nano-vfprintf.o)
                0x0000000008008c32                __sfputs_r
 *fill*         0x0000000008008c56        0x2 
 .text._vfprintf_r
                0x0000000008008c58      0x260 d:/stm32cubeide_1.9.0/stm32cubeide/plugins/com.st.stm32cube.ide.mcu.externaltools.gnu-tools-for-stm32.10.3-2021.10.win32_1.0.0.202111181127/tools/bin/../lib/gcc/arm-none-eabi/10.3.1/../../../../arm-none-eabi/lib/thumb/v7e-m+fp/hard\libc_nano.a(lib_a-nano-vfprintf.o)
                0x0000000008008c58                _vfprintf_r
                0x0000000008008c58                _vfiprintf_r
 .text._printf_common
                0x0000000008008eb8       0xda d:/stm32cubeide_1.9.0/stm32cubeide/plugins/com.st.stm32cube.ide.mcu.externaltools.gnu-tools-for-stm32.10.3-2021.10.win32_1.0.0.202111181127/tools/bin/../lib/gcc/arm-none-eabi/10.3.1/../../../../arm-none-eabi/lib/thumb/v7e-m+fp/hard\libc_nano.a(lib_a-nano-vfprintf_i.o)
                0x0000000008008eb8                _printf_common
 *fill*         0x0000000008008f92        0x2 
 .text._printf_i
                0x0000000008008f94      0x24c d:/stm32cubeide_1.9.0/stm32cubeide/plugins/com.st.stm32cube.ide.mcu.externaltools.gnu-tools-for-stm32.10.3-2021.10.win32_1.0.0.202111181127/tools/bin/../lib/gcc/arm-none-eabi/10.3.1/../../../../arm-none-eabi/lib/thumb/v7e-m+fp/hard\libc_nano.a(lib_a-nano-vfprintf_i.o)
                0x0000000008008f94                _printf_i
 .text._sbrk_r  0x00000000080091e0       0x20 d:/stm32cubeide_1.9.0/stm32cubeide/plugins/com.st.stm32cube.ide.mcu.externaltools.gnu-tools-for-stm32.10.3-2021.10.win32_1.0.0.202111181127/tools/bin/../lib/gcc/arm-none-eabi/10.3.1/../../../../arm-none-eabi/lib/thumb/v7e-m+fp/hard\libc_nano.a(lib_a-sbrkr.o)
                0x00000000080091e0                _sbrk_r
 .text.__swbuf_r
                0x0000000008009200       0xa4 d:/stm32cubeide_1.9.0/stm32cubeide/plugins/com.st.stm32cube.ide.mcu.externaltools.gnu-tools-for-stm32.10.3-2021.10.win32_1.0.0.202111181127/tools/bin/../lib/gcc/arm-none-eabi/10.3.1/../../../../arm-none-eabi/lib/thumb/v7e-m+fp/hard\libc_nano.a(lib_a-wbuf.o)
                0x0000000008009200                __swbuf_r
 .text.__swsetup_r
                0x00000000080092a4       0xdc d:/stm32cubeide_1.9.0/stm32cubeide/plugins/com.st.stm32cube.ide.mcu.externaltools.gnu-tools-for-stm32.10.3-2021.10.win32_1.0.0.202111181127/tools/bin/../lib/gcc/arm-none-eabi/10.3.1/../../../../arm-none-eabi/lib/thumb/v7e-m+fp/hard\libc_nano.a(lib_a-wsetup.o)
                0x00000000080092a4                __swsetup_r
 .text.abort    0x0000000008009380        0xe d:/stm32cubeide_1.9.0/stm32cubeide/plugins/com.st.stm32cube.ide.mcu.externaltools.gnu-tools-for-stm32.10.3-2021.10.win32_1.0.0.202111181127/tools/bin/../lib/gcc/arm-none-eabi/10.3.1/../../../../arm-none-eabi/lib/thumb/v7e-m+fp/hard\libc_nano.a(lib_a-abort.o)
                0x0000000008009380                abort
 *fill*         0x000000000800938e        0x2 
 .text.__sflush_r
                0x0000000008009390      0x10c d:/stm32cubeide_1.9.0/stm32cubeide/plugins/com.st.stm32cube.ide.mcu.externaltools.gnu-tools-for-stm32.10.3-2021.10.win32_1.0.0.202111181127/tools/bin/../lib/gcc/arm-none-eabi/10.3.1/../../../../arm-none-eabi/lib/thumb/v7e-m+fp/hard\libc_nano.a(lib_a-fflush.o)
                0x0000000008009390                __sflush_r
 .text._fflush_r
                0x000000000800949c       0x78 d:/stm32cubeide_1.9.0/stm32cubeide/plugins/com.st.stm32cube.ide.mcu.externaltools.gnu-tools-for-stm32.10.3-2021.10.win32_1.0.0.202111181127/tools/bin/../lib/gcc/arm-none-eabi/10.3.1/../../../../arm-none-eabi/lib/thumb/v7e-m+fp/hard\libc_nano.a(lib_a-fflush.o)
                0x000000000800949c                _fflush_r
 .text.std      0x0000000008009514       0x48 d:/stm32cubeide_1.9.0/stm32cubeide/plugins/com.st.stm32cube.ide.mcu.externaltools.gnu-tools-for-stm32.10.3-2021.10.win32_1.0.0.202111181127/tools/bin/../lib/gcc/arm-none-eabi/10.3.1/../../../../arm-none-eabi/lib/thumb/v7e-m+fp/hard\libc_nano.a(lib_a-findfp.o)
 .text._cleanup_r
                0x000000000800955c        0xc d:/stm32cubeide_1.9.0/stm32cubeide/plugins/com.st.stm32cube.ide.mcu.externaltools.gnu-tools-for-stm32.10.3-2021.10.win32_1.0.0.202111181127/tools/bin/../lib/gcc/arm-none-eabi/10.3.1/../../../../arm-none-eabi/lib/thumb/v7e-m+fp/hard\libc_nano.a(lib_a-findfp.o)
                0x000000000800955c                _cleanup_r