../Core/Inc/gpio elements.hpp:19:16:virtual void GpioElement::handle()	0	static
../Core/Inc/gpio elements.hpp:23:11:constexpr GpioElement::~GpioElement()	0	static
../Core/Inc/gpio elements.hpp:59:3:GpioInElement::~GpioInElement()	0	static
../Core/Inc/PUTM_EV_CAN_LIBRARY/lib/message_abstraction.hpp:84:8:void PUTM_CAN::Device<Device_data_type>::set_data(const PUTM_CAN::Can_rx_message&) [with Device_data_type = PUTM_CAN::WheelTemp_main]	0	static
../Core/Inc/PUTM_EV_CAN_LIBRARY/lib/message_abstraction.hpp:84:8:void PUTM_CAN::Device<Device_data_type>::set_data(const PUTM_CAN::Can_rx_message&) [with Device_data_type = PUTM_CAN::Telemetry_Main]	0	static
../Core/Inc/PUTM_EV_CAN_LIBRARY/lib/message_abstraction.hpp:84:8:void PUTM_CAN::Device<Device_data_type>::set_data(const PUTM_CAN::Can_rx_message&) [with Device_data_type = PUTM_CAN::TC_rear_suspension]	0	static
../Core/Inc/PUTM_EV_CAN_LIBRARY/lib/message_abstraction.hpp:84:8:void PUTM_CAN::Device<Device_data_type>::set_data(const PUTM_CAN::Can_rx_message&) [with Device_data_type = PUTM_CAN::Lap_timer_Pass]	0	static
../Core/Inc/PUTM_EV_CAN_LIBRARY/lib/message_abstraction.hpp:84:8:void PUTM_CAN::Device<Device_data_type>::set_data(const PUTM_CAN::Can_rx_message&) [with Device_data_type = PUTM_CAN::Lap_timer_Main]	0	static
../Core/Inc/PUTM_EV_CAN_LIBRARY/lib/message_abstraction.hpp:84:8:void PUTM_CAN::Device<Device_data_type>::set_data(const PUTM_CAN::Can_rx_message&) [with Device_data_type = PUTM_CAN::Dash_steering_wheel_angle]	0	static
../Core/Inc/PUTM_EV_CAN_LIBRARY/lib/message_abstraction.hpp:84:8:void PUTM_CAN::Device<Device_data_type>::set_data(const PUTM_CAN::Can_rx_message&) [with Device_data_type = PUTM_CAN::Dash_lap_finished]	0	static
../Core/Inc/PUTM_EV_CAN_LIBRARY/lib/message_abstraction.hpp:84:8:void PUTM_CAN::Device<Device_data_type>::set_data(const PUTM_CAN::Can_rx_message&) [with Device_data_type = PUTM_CAN::Dash_steering_wheel_request]	0	static
../Core/Inc/PUTM_EV_CAN_LIBRARY/lib/message_abstraction.hpp:84:8:void PUTM_CAN::Device<Device_data_type>::set_data(const PUTM_CAN::Can_rx_message&) [with Device_data_type = PUTM_CAN::Dash_Smart_Fuses_FAN_speed]	0	static
../Core/Inc/PUTM_EV_CAN_LIBRARY/lib/message_abstraction.hpp:84:8:void PUTM_CAN::Device<Device_data_type>::set_data(const PUTM_CAN::Can_rx_message&) [with Device_data_type = PUTM_CAN::Dash_Main]	0	static
../Core/Inc/PUTM_EV_CAN_LIBRARY/lib/message_abstraction.hpp:84:8:void PUTM_CAN::Device<Device_data_type>::set_data(const PUTM_CAN::Can_rx_message&) [with Device_data_type = PUTM_CAN::AQ_ts_button]	0	static
../Core/Inc/PUTM_EV_CAN_LIBRARY/lib/message_abstraction.hpp:84:8:void PUTM_CAN::Device<Device_data_type>::set_data(const PUTM_CAN::Can_rx_message&) [with Device_data_type = PUTM_CAN::YawProbe_air_flow]	0	static
../Core/Inc/PUTM_EV_CAN_LIBRARY/lib/message_abstraction.hpp:84:8:void PUTM_CAN::Device<Device_data_type>::set_data(const PUTM_CAN::Can_rx_message&) [with Device_data_type = PUTM_CAN::TC_imu_gyro]	0	static
../Core/Inc/PUTM_EV_CAN_LIBRARY/lib/message_abstraction.hpp:84:8:void PUTM_CAN::Device<Device_data_type>::set_data(const PUTM_CAN::Can_rx_message&) [with Device_data_type = PUTM_CAN::TC_imu_acc]	0	static
../Core/Inc/PUTM_EV_CAN_LIBRARY/lib/message_abstraction.hpp:84:8:void PUTM_CAN::Device<Device_data_type>::set_data(const PUTM_CAN::Can_rx_message&) [with Device_data_type = PUTM_CAN::TC_temperatures]	0	static
../Core/Inc/PUTM_EV_CAN_LIBRARY/lib/message_abstraction.hpp:84:8:void PUTM_CAN::Device<Device_data_type>::set_data(const PUTM_CAN::Can_rx_message&) [with Device_data_type = PUTM_CAN::TC_wheel_velocities]	0	static
../Core/Inc/PUTM_EV_CAN_LIBRARY/lib/message_abstraction.hpp:84:8:void PUTM_CAN::Device<Device_data_type>::set_data(const PUTM_CAN::Can_rx_message&) [with Device_data_type = PUTM_CAN::TC_main]	0	static
../Core/Inc/PUTM_EV_CAN_LIBRARY/lib/message_abstraction.hpp:84:8:void PUTM_CAN::Device<Device_data_type>::set_data(const PUTM_CAN::Can_rx_message&) [with Device_data_type = PUTM_CAN::Steering_Wheel_event]	0	static
../Core/Inc/PUTM_EV_CAN_LIBRARY/lib/message_abstraction.hpp:84:8:void PUTM_CAN::Device<Device_data_type>::set_data(const PUTM_CAN::Can_rx_message&) [with Device_data_type = PUTM_CAN::Steering_Wheel_main]	0	static
../Core/Inc/PUTM_EV_CAN_LIBRARY/lib/message_abstraction.hpp:84:8:void PUTM_CAN::Device<Device_data_type>::set_data(const PUTM_CAN::Can_rx_message&) [with Device_data_type = PUTM_CAN::SF_safety]	0	static
../Core/Inc/PUTM_EV_CAN_LIBRARY/lib/message_abstraction.hpp:84:8:void PUTM_CAN::Device<Device_data_type>::set_data(const PUTM_CAN::Can_rx_message&) [with Device_data_type = PUTM_CAN::SF_PassiveElements]	0	static
../Core/Inc/PUTM_EV_CAN_LIBRARY/lib/message_abstraction.hpp:84:8:void PUTM_CAN::Device<Device_data_type>::set_data(const PUTM_CAN::Can_rx_message&) [with Device_data_type = PUTM_CAN::SF_Supply]	0	static
../Core/Inc/PUTM_EV_CAN_LIBRARY/lib/message_abstraction.hpp:84:8:void PUTM_CAN::Device<Device_data_type>::set_data(const PUTM_CAN::Can_rx_message&) [with Device_data_type = PUTM_CAN::SF_LegendaryDVAndSupply]	0	static
../Core/Inc/PUTM_EV_CAN_LIBRARY/lib/message_abstraction.hpp:84:8:void PUTM_CAN::Device<Device_data_type>::set_data(const PUTM_CAN::Can_rx_message&) [with Device_data_type = PUTM_CAN::SF_main]	0	static
../Core/Inc/PUTM_EV_CAN_LIBRARY/lib/message_abstraction.hpp:84:8:void PUTM_CAN::Device<Device_data_type>::set_data(const PUTM_CAN::Can_rx_message&) [with Device_data_type = PUTM_CAN::Dash_TCS]	0	static
../Core/Inc/PUTM_EV_CAN_LIBRARY/lib/message_abstraction.hpp:84:8:void PUTM_CAN::Device<Device_data_type>::set_data(const PUTM_CAN::Can_rx_message&) [with Device_data_type = PUTM_CAN::BMS_LV_temperature]	0	static
../Core/Inc/PUTM_EV_CAN_LIBRARY/lib/message_abstraction.hpp:84:8:void PUTM_CAN::Device<Device_data_type>::set_data(const PUTM_CAN::Can_rx_message&) [with Device_data_type = PUTM_CAN::BMS_LV_main]	0	static
../Core/Inc/PUTM_EV_CAN_LIBRARY/lib/message_abstraction.hpp:84:8:void PUTM_CAN::Device<Device_data_type>::set_data(const PUTM_CAN::Can_rx_message&) [with Device_data_type = PUTM_CAN::BMS_HV_main]	0	static
../Core/Inc/PUTM_EV_CAN_LIBRARY/lib/message_abstraction.hpp:84:8:void PUTM_CAN::Device<Device_data_type>::set_data(const PUTM_CAN::Can_rx_message&) [with Device_data_type = PUTM_CAN::AQ_gyroscope]	0	static
../Core/Inc/PUTM_EV_CAN_LIBRARY/lib/message_abstraction.hpp:84:8:void PUTM_CAN::Device<Device_data_type>::set_data(const PUTM_CAN::Can_rx_message&) [with Device_data_type = PUTM_CAN::AQ_acceleration]	0	static
../Core/Inc/PUTM_EV_CAN_LIBRARY/lib/message_abstraction.hpp:84:8:void PUTM_CAN::Device<Device_data_type>::set_data(const PUTM_CAN::Can_rx_message&) [with Device_data_type = PUTM_CAN::AQ_main]	0	static
../Core/Inc/PUTM_EV_CAN_LIBRARY/lib/message_abstraction.hpp:84:8:void PUTM_CAN::Device<Device_data_type>::set_data(const PUTM_CAN::Can_rx_message&) [with Device_data_type = PUTM_CAN::Apps_main]	0	static
../Core/Inc/gpio elements.hpp:59:3:virtual GpioInElement::~GpioInElement()	8	static
../Core/Inc/gpio elements.hpp:23:11:virtual constexpr GpioElement::~GpioElement()	8	static
../Core/Inc/etl/private/delegate_cpp11.h:505:36:) [with TLambda = main()::<lambda(SmartFuse*)>; TReturn = void; TParams = {SmartFuse*}]	16	static
../Core/Inc/PUTM_EV_CAN_LIBRARY/lib/can_interface.hpp:213:6:void HAL_CAN_RxFifo0MsgPendingCallback(CAN_HandleTypeDef*)	56	static
../Core/Inc/gpio elements.hpp:49:7:constexpr GpioInElement::GpioInElement(const GpioInElement&)	0	static
../Core/Src/main.cpp:561:6:static void Device::handleState()	8	static
../Core/Src/main.cpp:581:6:static void Device::raise(PUTM_CAN::SF_states)	0	static
../Core/Src/main.cpp:587:6:static void Device::clear(PUTM_CAN::SF_states)	0	static
../Core/Src/main.cpp:616:19:HAL_StatusTypeDef sendCanFramePassiveElements()	72	static
../Core/Src/main.cpp:638:19:HAL_StatusTypeDef sendCanFrameLegendaryDVAndSupply()	72	static
../Core/Src/main.cpp:659:19:HAL_StatusTypeDef sendCanFrameSupply()	72	static
../Core/Src/main.cpp:680:19:HAL_StatusTypeDef sendCanFrameSafety()	56	static
../Core/Src/main.cpp:706:6:void Error_Handler()	8	static,ignoring_inline_asm
../Core/Src/main.cpp:514:6:void SystemClock_Config()	104	static
../Core/Src/main.cpp:593:6:void initCAN()	8	static
../Core/Src/main.cpp:166:5:int main()	664	static
../Core/Src/main.cpp:719:1:cpp)	16	static
