../Core/Src/fuse.cpp:40:23:SmartFuseState checkGSB(uint8_t)	0	static
../Core/Src/fuse.cpp:55:1:SmartFuse::Fuse::Fuse()	0	static
../Core/Src/fuse.cpp:77:6:void SmartFuse::slaveSelect()	8	static
../Core/Src/fuse.cpp:82:6:void SmartFuse::slaveDeselect()	8	static
../Core/Src/fuse.cpp:63:1:SmartFuse::SmartFuse(const GPIO_TypeDef*, uint32_t, const SPI_HandleTypeDef*, const FusesSettings&)	32	static
../Core/Src/fuse.cpp:305:16:SmartFuseState SmartFuse::getSmartFuseState()	0	static
../Core/Src/fuse.cpp:310:6:void SmartFuse::transmitReceiveData(uint8_t*, uint8_t*)	24	static
../Core/Src/fuse.cpp:87:16:SmartFuseState SmartFuse::init()	40	static
../Core/Src/fuse.cpp:178:16:SmartFuseState SmartFuse::handle()	24	static
../Core/Src/fuse.cpp:341:6:bool SmartFuseHandler<num_of_sf>::handle_all() [with int num_of_sf = 4]	152	static
../Core/Src/fuse.cpp:205:16:SmartFuseState SmartFuse::handle_timer()	24	static
../Core/Src/fuse.cpp:352:6:bool SmartFuseHandler<num_of_sf>::init_all() [with int num_of_sf = 4]	160	static
../Core/Src/fuse.cpp:224:16:SmartFuseState SmartFuse::setFuseDutyCykle(FuseNumber, uint16_t)	16	static
../Core/Src/fuse.cpp:239:16:SmartFuseState SmartFuse::activeFuse(FuseNumber)	16	static
../Core/Src/fuse.cpp:256:16:SmartFuseState SmartFuse::deactivateFuse(FuseNumber)	16	static
../Core/Src/fuse.cpp:273:16:SmartFuseState SmartFuse::activeAllFuses()	16	static
../Core/Src/fuse.cpp:289:16:SmartFuseState SmartFuse::deactivateAllFuses()	16	static
