../Core/Inc/gpio elements.hpp:19:11:GpioElement::~GpioElement()	0	static
../Core/Inc/gpio elements.hpp:43:7:GpioInElement::~GpioInElement()	0	static
../Core/Inc/gpio elements.hpp:30:7:GpioOutElement::~GpioOutElement()	0	static
../Core/Inc/gpio elements.hpp:19:11:virtual GpioElement::~GpioElement()	8	static
../Core/Inc/gpio elements.hpp:30:7:virtual GpioOutElement::~GpioOutElement()	8	static
../Core/Inc/gpio elements.hpp:43:7:virtual GpioInElement::~GpioInElement()	8	static
../Core/Src/gpio elements.cpp:10:1:GpioElement::GpioElement(const GPIO_TypeDef*, uint32_t, bool)	4	static
../Core/Src/gpio elements.cpp:13:1:GpioOutElement::GpioOutElement(const GPIO_TypeDef*, uint32_t)	8	static
../Core/Src/gpio elements.cpp:16:1:GpioOutElement::GpioOutElement(const GPIO_TypeDef*, uint32_t, bool)	8	static
../Core/Src/gpio elements.cpp:19:6:void GpioOutElement::activate()	8	static
../Core/Src/gpio elements.cpp:24:6:void GpioOutElement::deactivate()	8	static
../Core/Src/gpio elements.cpp:29:1:GpioInElement::GpioInElement(const GPIO_TypeDef*, uint32_t)	8	static
../Core/Src/gpio elements.cpp:32:1:GpioInElement::GpioInElement(const GPIO_TypeDef*, uint32_t, bool)	8	static
../Core/Src/gpio elements.cpp:35:6:bool GpioInElement::isActive()	8	static
