d:\stm32cubeide_1.9.0\stm32cubeide\plugins\com.st.stm32cube.ide.mcu.externaltools.gnu-tools-for-stm32.10.3-2021.10.win32_1.0.0.202111181127\tools\bin\../lib/gcc/arm-none-eabi/10.3.1/../../../../arm-none-eabi/include/c++/10.3.1/arm-none-eabi/thumb/v7e-m+fp/hard/bits/gthr-default.h:229:1:int __gthread_key_delete(__gthread_key_t)	16	static
d:\stm32cubeide_1.9.0\stm32cubeide\plugins\com.st.stm32cube.ide.mcu.externaltools.gnu-tools-for-stm32.10.3-2021.10.win32_1.0.0.202111181127\tools\arm-none-eabi\include\c++\10.3.1\new:174:33:void* operator new(std::size_t, void*)	16	static
../Core/Inc/etl/private/vector_base.h:150:5:etl::vector_base::vector_base(size_t)	16	static
../Core/Inc/etl/private/vector_base.h:165:5:etl::vector_base::~vector_base()	16	static
../Core/Inc/gpio elements.hpp:19:11:GpioElement::~GpioElement()	16	static
../Core/Inc/gpio elements.hpp:19:11:virtual GpioElement::~GpioElement()	16	static
../Core/Inc/PUTM_EV_CAN_LIBRARY/lib/message_abstraction.hpp:18:3:PUTM_CAN::Can_rx_message::Can_rx_message(CAN_HandleTypeDef&, uint32_t)	24	static
../Core/Inc/PUTM_EV_CAN_LIBRARY/lib/message_abstraction.hpp:63:36:constexpr uint32_t PUTM_CAN::Device_base::get_ID()	16	static
../Core/Inc/PUTM_EV_CAN_LIBRARY/lib/can_interface.hpp:110:8:bool PUTM_CAN::Can_interface::parse_message(const PUTM_CAN::Can_rx_message&)	32	static
../Core/Inc/PUTM_EV_CAN_LIBRARY/lib/can_interface.hpp:214:6:void HAL_CAN_RxFifo0MsgPendingCallback(CAN_HandleTypeDef*)	56	static
../Core/Inc/fuse.hpp:295:7:SmartFuseHandler<4>::SmartFuseHandler()	16	static
../Core/Inc/gpio elements.hpp:13:7:constexpr GpioElement::GpioElement(const GpioElement&)	16	static
../Core/Inc/gpio elements.hpp:43:7:constexpr GpioInElement::GpioInElement(const GpioInElement&)	16	static
../Core/Inc/PUTM_EV_CAN_LIBRARY/lib/message_abstraction.hpp:33:13:constexpr PUTM_CAN::Can_tx_message<T>::Can_tx_message(const T&, const CAN_TxHeaderTypeDef&) [with T = PUTM_CAN::SF_main]	32	static
../Core/Src/main.cpp:105:5:int main()	376	static
../Core/Src/main.cpp:257:6:void SystemClock_Config()	104	static
../Core/Src/main.cpp:304:6:void initCAN()	8	static
../Core/Inc/PUTM_EV_CAN_LIBRARY/lib/message_abstraction.hpp:33:13:constexpr PUTM_CAN::Can_tx_message<T>::Can_tx_message(const T&, const CAN_TxHeaderTypeDef&) [with T = PUTM_CAN::SF_FrontBox]	32	static
../Core/Src/main.cpp:327:19:HAL_StatusTypeDef sendCanFrameFrontBox()	648	static
../Core/Inc/PUTM_EV_CAN_LIBRARY/lib/message_abstraction.hpp:33:13:constexpr PUTM_CAN::Can_tx_message<T>::Can_tx_message(const T&, const CAN_TxHeaderTypeDef&) [with T = PUTM_CAN::SF_CoolingAndVSafety]	32	static
../Core/Src/main.cpp:372:19:HAL_StatusTypeDef sendCanFrameCoolingAndSafety()	648	static
../Core/Inc/PUTM_EV_CAN_LIBRARY/lib/message_abstraction.hpp:33:13:constexpr PUTM_CAN::Can_tx_message<T>::Can_tx_message(const T&, const CAN_TxHeaderTypeDef&) [with T = PUTM_CAN::SF_DV]	32	static
../Core/Src/main.cpp:417:19:HAL_StatusTypeDef sendCanFrameDV()	648	static
../Core/Inc/PUTM_EV_CAN_LIBRARY/lib/message_abstraction.hpp:33:13:constexpr PUTM_CAN::Can_tx_message<T>::Can_tx_message(const T&, const CAN_TxHeaderTypeDef&) [with T = PUTM_CAN::SF_WS]	32	static
../Core/Src/main.cpp:462:19:HAL_StatusTypeDef sendCanFrameWS()	648	static
../Core/Inc/PUTM_EV_CAN_LIBRARY/lib/message_abstraction.hpp:33:13:constexpr PUTM_CAN::Can_tx_message<T>::Can_tx_message(const T&, const CAN_TxHeaderTypeDef&) [with T = PUTM_CAN::SF_NUCS]	32	static
../Core/Src/main.cpp:507:19:HAL_StatusTypeDef sendCanFrameNucs()	640	static
../Core/Inc/PUTM_EV_CAN_LIBRARY/lib/message_abstraction.hpp:33:13:constexpr PUTM_CAN::Can_tx_message<T>::Can_tx_message(const T&, const CAN_TxHeaderTypeDef&) [with T = PUTM_CAN::SF_safety]	32	static
../Core/Src/main.cpp:536:19:HAL_StatusTypeDef sendCanFrameSafety()	648	static
../Core/Src/main.cpp:560:6:void Error_Handler()	8	static,ignoring_inline_asm
d:\stm32cubeide_1.9.0\stm32cubeide\plugins\com.st.stm32cube.ide.mcu.externaltools.gnu-tools-for-stm32.10.3-2021.10.win32_1.0.0.202111181127\tools\arm-none-eabi\include\c++\10.3.1\array:126:7:std::array<_Tp, _Nm>::value_type* std::array<_Tp, _Nm>::begin() [with _Tp = PUTM_CAN::Device_base*; unsigned int _Nm = 33]	16	static
d:\stm32cubeide_1.9.0\stm32cubeide\plugins\com.st.stm32cube.ide.mcu.externaltools.gnu-tools-for-stm32.10.3-2021.10.win32_1.0.0.202111181127\tools\arm-none-eabi\include\c++\10.3.1\array:134:7:std::array<_Tp, _Nm>::value_type* std::array<_Tp, _Nm>::end() [with _Tp = PUTM_CAN::Device_base*; unsigned int _Nm = 33]	16	static
../Core/Inc/etl/vector.h:76:9:etl::ivector<SmartFuse>::~ivector()	16	static
../Core/Inc/etl/vector.h:1197:5:etl::vector<T, MAX_SIZE_>::vector() [with T = SmartFuse; unsigned int MAX_SIZE_ = 4]	16	static
../Core/Inc/etl/vector.h:1319:5:etl::vector<T, MAX_SIZE_>::~vector() [with T = SmartFuse; unsigned int MAX_SIZE_ = 4]	16	static
d:\stm32cubeide_1.9.0\stm32cubeide\plugins\com.st.stm32cube.ide.mcu.externaltools.gnu-tools-for-stm32.10.3-2021.10.win32_1.0.0.202111181127\tools\arm-none-eabi\include\c++\10.3.1\array:126:7:std::array<_Tp, _Nm>::value_type* std::array<_Tp, _Nm>::begin() [with _Tp = GpioInElement; unsigned int _Nm = 5]	16	static
d:\stm32cubeide_1.9.0\stm32cubeide\plugins\com.st.stm32cube.ide.mcu.externaltools.gnu-tools-for-stm32.10.3-2021.10.win32_1.0.0.202111181127\tools\arm-none-eabi\include\c++\10.3.1\array:134:7:std::array<_Tp, _Nm>::value_type* std::array<_Tp, _Nm>::end() [with _Tp = GpioInElement; unsigned int _Nm = 5]	16	static
d:\stm32cubeide_1.9.0\stm32cubeide\plugins\com.st.stm32cube.ide.mcu.externaltools.gnu-tools-for-stm32.10.3-2021.10.win32_1.0.0.202111181127\tools\arm-none-eabi\include\c++\10.3.1\array:185:7:std::array<_Tp, _Nm>::value_type& std::array<_Tp, _Nm>::operator[](std::array<_Tp, _Nm>::size_type) [with _Tp = SmartFuseState; unsigned int _Nm = 4]	16	static
d:\stm32cubeide_1.9.0\stm32cubeide\plugins\com.st.stm32cube.ide.mcu.externaltools.gnu-tools-for-stm32.10.3-2021.10.win32_1.0.0.202111181127\tools\arm-none-eabi\include\c++\10.3.1\array:126:7:std::array<_Tp, _Nm>::value_type* std::array<_Tp, _Nm>::begin() [with _Tp = std::array<short unsigned int, 6>; unsigned int _Nm = 4]	16	static
d:\stm32cubeide_1.9.0\stm32cubeide\plugins\com.st.stm32cube.ide.mcu.externaltools.gnu-tools-for-stm32.10.3-2021.10.win32_1.0.0.202111181127\tools\arm-none-eabi\include\c++\10.3.1\array:134:7:std::array<_Tp, _Nm>::value_type* std::array<_Tp, _Nm>::end() [with _Tp = std::array<short unsigned int, 6>; unsigned int _Nm = 4]	16	static
d:\stm32cubeide_1.9.0\stm32cubeide\plugins\com.st.stm32cube.ide.mcu.externaltools.gnu-tools-for-stm32.10.3-2021.10.win32_1.0.0.202111181127\tools\arm-none-eabi\include\c++\10.3.1\array:126:7:std::array<_Tp, _Nm>::value_type* std::array<_Tp, _Nm>::begin() [with _Tp = short unsigned int; unsigned int _Nm = 6]	16	static
d:\stm32cubeide_1.9.0\stm32cubeide\plugins\com.st.stm32cube.ide.mcu.externaltools.gnu-tools-for-stm32.10.3-2021.10.win32_1.0.0.202111181127\tools\arm-none-eabi\include\c++\10.3.1\array:134:7:std::array<_Tp, _Nm>::value_type* std::array<_Tp, _Nm>::end() [with _Tp = short unsigned int; unsigned int _Nm = 6]	16	static
d:\stm32cubeide_1.9.0\stm32cubeide\plugins\com.st.stm32cube.ide.mcu.externaltools.gnu-tools-for-stm32.10.3-2021.10.win32_1.0.0.202111181127\tools\arm-none-eabi\include\c++\10.3.1\array:126:7:std::array<_Tp, _Nm>::value_type* std::array<_Tp, _Nm>::begin() [with _Tp = SmartFuseState; unsigned int _Nm = 4]	16	static
d:\stm32cubeide_1.9.0\stm32cubeide\plugins\com.st.stm32cube.ide.mcu.externaltools.gnu-tools-for-stm32.10.3-2021.10.win32_1.0.0.202111181127\tools\arm-none-eabi\include\c++\10.3.1\array:134:7:std::array<_Tp, _Nm>::value_type* std::array<_Tp, _Nm>::end() [with _Tp = SmartFuseState; unsigned int _Nm = 4]	16	static
../Core/Inc/PUTM_EV_CAN_LIBRARY/lib/message_abstraction.hpp:47:21:HAL_StatusTypeDef PUTM_CAN::Can_tx_message<T>::send(CAN_HandleTypeDef&) [with T = PUTM_CAN::SF_main]	16	static
../Core/Inc/etl/vector.h:1253:5:etl::vector<T, MAX_SIZE_>::vector(const etl::vector<T, MAX_SIZE_>&) [with T = SmartFuse; unsigned int MAX_SIZE_ = 4]	24	static
../Core/Inc/etl/vector.h:283:15:T& etl::ivector<T>::operator[](size_t) [with T = SmartFuse]	16	static
../Core/Inc/PUTM_EV_CAN_LIBRARY/lib/message_abstraction.hpp:47:21:HAL_StatusTypeDef PUTM_CAN::Can_tx_message<T>::send(CAN_HandleTypeDef&) [with T = PUTM_CAN::SF_FrontBox]	16	static
../Core/Inc/PUTM_EV_CAN_LIBRARY/lib/message_abstraction.hpp:47:21:HAL_StatusTypeDef PUTM_CAN::Can_tx_message<T>::send(CAN_HandleTypeDef&) [with T = PUTM_CAN::SF_CoolingAndVSafety]	16	static
../Core/Inc/PUTM_EV_CAN_LIBRARY/lib/message_abstraction.hpp:47:21:HAL_StatusTypeDef PUTM_CAN::Can_tx_message<T>::send(CAN_HandleTypeDef&) [with T = PUTM_CAN::SF_DV]	16	static
../Core/Inc/PUTM_EV_CAN_LIBRARY/lib/message_abstraction.hpp:47:21:HAL_StatusTypeDef PUTM_CAN::Can_tx_message<T>::send(CAN_HandleTypeDef&) [with T = PUTM_CAN::SF_WS]	16	static
../Core/Inc/PUTM_EV_CAN_LIBRARY/lib/message_abstraction.hpp:47:21:HAL_StatusTypeDef PUTM_CAN::Can_tx_message<T>::send(CAN_HandleTypeDef&) [with T = PUTM_CAN::SF_NUCS]	16	static
../Core/Inc/PUTM_EV_CAN_LIBRARY/lib/message_abstraction.hpp:47:21:HAL_StatusTypeDef PUTM_CAN::Can_tx_message<T>::send(CAN_HandleTypeDef&) [with T = PUTM_CAN::SF_safety]	16	static
d:\stm32cubeide_1.9.0\stm32cubeide\plugins\com.st.stm32cube.ide.mcu.externaltools.gnu-tools-for-stm32.10.3-2021.10.win32_1.0.0.202111181127\tools\arm-none-eabi\include\c++\10.3.1\array:234:7:std::array<_Tp, _Nm>::value_type* std::array<_Tp, _Nm>::data() [with _Tp = PUTM_CAN::Device_base*; unsigned int _Nm = 33]	16	static
../Core/Inc/etl/vector.h:1003:5:etl::ivector<T>::ivector(T*, size_t) [with T = SmartFuse]	24	static
../Core/Inc/etl/vector.h:1013:10:void etl::ivector<T>::initialise() [with T = SmartFuse]	16	static
../Core/Inc/etl/vector.h:419:10:void etl::ivector<T>::clear() [with T = SmartFuse]	16	static
d:\stm32cubeide_1.9.0\stm32cubeide\plugins\com.st.stm32cube.ide.mcu.externaltools.gnu-tools-for-stm32.10.3-2021.10.win32_1.0.0.202111181127\tools\arm-none-eabi\include\c++\10.3.1\array:234:7:std::array<_Tp, _Nm>::value_type* std::array<_Tp, _Nm>::data() [with _Tp = GpioInElement; unsigned int _Nm = 5]	16	static
d:\stm32cubeide_1.9.0\stm32cubeide\plugins\com.st.stm32cube.ide.mcu.externaltools.gnu-tools-for-stm32.10.3-2021.10.win32_1.0.0.202111181127\tools\arm-none-eabi\include\c++\10.3.1\array:55:7:static constexpr _Tp& std::__array_traits<_Tp, _Nm>::_S_ref(const _Tp (&)[_Nm], std::size_t) [with _Tp = SmartFuseState; unsigned int _Nm = 4]	16	static
d:\stm32cubeide_1.9.0\stm32cubeide\plugins\com.st.stm32cube.ide.mcu.externaltools.gnu-tools-for-stm32.10.3-2021.10.win32_1.0.0.202111181127\tools\arm-none-eabi\include\c++\10.3.1\array:234:7:std::array<_Tp, _Nm>::value_type* std::array<_Tp, _Nm>::data() [with _Tp = std::array<short unsigned int, 6>; unsigned int _Nm = 4]	16	static
d:\stm32cubeide_1.9.0\stm32cubeide\plugins\com.st.stm32cube.ide.mcu.externaltools.gnu-tools-for-stm32.10.3-2021.10.win32_1.0.0.202111181127\tools\arm-none-eabi\include\c++\10.3.1\array:234:7:std::array<_Tp, _Nm>::value_type* std::array<_Tp, _Nm>::data() [with _Tp = short unsigned int; unsigned int _Nm = 6]	16	static
d:\stm32cubeide_1.9.0\stm32cubeide\plugins\com.st.stm32cube.ide.mcu.externaltools.gnu-tools-for-stm32.10.3-2021.10.win32_1.0.0.202111181127\tools\arm-none-eabi\include\c++\10.3.1\array:234:7:std::array<_Tp, _Nm>::value_type* std::array<_Tp, _Nm>::data() [with _Tp = SmartFuseState; unsigned int _Nm = 4]	16	static
../Core/Inc/etl/vector.h:114:20:const T* etl::ivector<T>::begin() const [with T = SmartFuse]	16	static
../Core/Inc/etl/vector.h:132:20:const T* etl::ivector<T>::end() const [with T = SmartFuse]	16	static
../Core/Inc/etl/vector.h:385:7:typename etl::enable_if<(! etl::is_integral<TIterator>::value), void>::type etl::ivector<T>::assign(TIterator, TIterator) [with TIterator = const SmartFuse*; T = SmartFuse]	32	static
d:\stm32cubeide_1.9.0\stm32cubeide\plugins\com.st.stm32cube.ide.mcu.externaltools.gnu-tools-for-stm32.10.3-2021.10.win32_1.0.0.202111181127\tools\arm-none-eabi\include\c++\10.3.1\array:59:7:static constexpr _Tp* std::__array_traits<_Tp, _Nm>::_S_ptr(const _Tp (&)[_Nm]) [with _Tp = PUTM_CAN::Device_base*; unsigned int _Nm = 33]	16	static
../Core/Inc/etl/memory.h:1067:5:typename etl::enable_if<etl::is_trivially_destructible<typename etl::iterator_traits<TIterator>::value_type>::value, void>::type etl::destroy(TIterator, TIterator) [with TIterator = SmartFuse*]	16	static
d:\stm32cubeide_1.9.0\stm32cubeide\plugins\com.st.stm32cube.ide.mcu.externaltools.gnu-tools-for-stm32.10.3-2021.10.win32_1.0.0.202111181127\tools\arm-none-eabi\include\c++\10.3.1\array:59:7:static constexpr _Tp* std::__array_traits<_Tp, _Nm>::_S_ptr(const _Tp (&)[_Nm]) [with _Tp = GpioInElement; unsigned int _Nm = 5]	16	static
d:\stm32cubeide_1.9.0\stm32cubeide\plugins\com.st.stm32cube.ide.mcu.externaltools.gnu-tools-for-stm32.10.3-2021.10.win32_1.0.0.202111181127\tools\arm-none-eabi\include\c++\10.3.1\array:59:7:static constexpr _Tp* std::__array_traits<_Tp, _Nm>::_S_ptr(const _Tp (&)[_Nm]) [with _Tp = std::array<short unsigned int, 6>; unsigned int _Nm = 4]	16	static
d:\stm32cubeide_1.9.0\stm32cubeide\plugins\com.st.stm32cube.ide.mcu.externaltools.gnu-tools-for-stm32.10.3-2021.10.win32_1.0.0.202111181127\tools\arm-none-eabi\include\c++\10.3.1\array:59:7:static constexpr _Tp* std::__array_traits<_Tp, _Nm>::_S_ptr(const _Tp (&)[_Nm]) [with _Tp = short unsigned int; unsigned int _Nm = 6]	16	static
d:\stm32cubeide_1.9.0\stm32cubeide\plugins\com.st.stm32cube.ide.mcu.externaltools.gnu-tools-for-stm32.10.3-2021.10.win32_1.0.0.202111181127\tools\arm-none-eabi\include\c++\10.3.1\array:59:7:static constexpr _Tp* std::__array_traits<_Tp, _Nm>::_S_ptr(const _Tp (&)[_Nm]) [with _Tp = SmartFuseState; unsigned int _Nm = 4]	16	static
../Core/Inc/etl/iterator.h:219:77:typename std::iterator_traits< <template-parameter-1-1> >::difference_type etl::distance(TIterator, TIterator) [with TIterator = const SmartFuse*]	16	static
../Core/Inc/etl/memory.h:297:20:TOutputIterator etl::uninitialized_copy(TInputIterator, TInputIterator, TOutputIterator) [with TInputIterator = const SmartFuse*; TOutputIterator = SmartFuse*]	24	static
d:\stm32cubeide_1.9.0\stm32cubeide\plugins\com.st.stm32cube.ide.mcu.externaltools.gnu-tools-for-stm32.10.3-2021.10.win32_1.0.0.202111181127\tools\arm-none-eabi\include\c++\10.3.1\bits\stl_iterator_base_funcs.h:138:5:typename std::iterator_traits< <template-parameter-1-1> >::difference_type std::distance(_InputIterator, _InputIterator) [with _InputIterator = const SmartFuse*]	24	static
d:\stm32cubeide_1.9.0\stm32cubeide\plugins\com.st.stm32cube.ide.mcu.externaltools.gnu-tools-for-stm32.10.3-2021.10.win32_1.0.0.202111181127\tools\arm-none-eabi\include\c++\10.3.1\bits\stl_uninitialized.h:125:5:_ForwardIterator std::uninitialized_copy(_InputIterator, _InputIterator, _ForwardIterator) [with _InputIterator = const SmartFuse*; _ForwardIterator = SmartFuse*]	32	static
d:\stm32cubeide_1.9.0\stm32cubeide\plugins\com.st.stm32cube.ide.mcu.externaltools.gnu-tools-for-stm32.10.3-2021.10.win32_1.0.0.202111181127\tools\arm-none-eabi\include\c++\10.3.1\bits\stl_iterator_base_types.h:238:5:constexpr typename std::iterator_traits< <template-parameter-1-1> >::iterator_category std::__iterator_category(const _Iter&) [with _Iter = const SmartFuse*]	16	static
d:\stm32cubeide_1.9.0\stm32cubeide\plugins\com.st.stm32cube.ide.mcu.externaltools.gnu-tools-for-stm32.10.3-2021.10.win32_1.0.0.202111181127\tools\arm-none-eabi\include\c++\10.3.1\bits\stl_iterator_base_funcs.h:98:5:constexpr typename std::iterator_traits< <template-parameter-1-1> >::difference_type std::__distance(_RandomAccessIterator, _RandomAccessIterator, std::random_access_iterator_tag) [with _RandomAccessIterator = const SmartFuse*]	24	static
d:\stm32cubeide_1.9.0\stm32cubeide\plugins\com.st.stm32cube.ide.mcu.externaltools.gnu-tools-for-stm32.10.3-2021.10.win32_1.0.0.202111181127\tools\arm-none-eabi\include\c++\10.3.1\bits\stl_uninitialized.h:84:9:static _ForwardIterator std::__uninitialized_copy<_TrivialValueTypes>::__uninit_copy(_InputIterator, _InputIterator, _ForwardIterator) [with _InputIterator = const SmartFuse*; _ForwardIterator = SmartFuse*; bool _TrivialValueTypes = false]	32	static
d:\stm32cubeide_1.9.0\stm32cubeide\plugins\com.st.stm32cube.ide.mcu.externaltools.gnu-tools-for-stm32.10.3-2021.10.win32_1.0.0.202111181127\tools\arm-none-eabi\include\c++\10.3.1\bits\move.h:49:5:constexpr _Tp* std::__addressof(_Tp&) [with _Tp = SmartFuse]	16	static
d:\stm32cubeide_1.9.0\stm32cubeide\plugins\com.st.stm32cube.ide.mcu.externaltools.gnu-tools-for-stm32.10.3-2021.10.win32_1.0.0.202111181127\tools\arm-none-eabi\include\c++\10.3.1\bits\stl_construct.h:108:5:) [with _Tp = SmartFuse; _Args = {const SmartFuse&}]	24	static
d:\stm32cubeide_1.9.0\stm32cubeide\plugins\com.st.stm32cube.ide.mcu.externaltools.gnu-tools-for-stm32.10.3-2021.10.win32_1.0.0.202111181127\tools\arm-none-eabi\include\c++\10.3.1\bits\move.h:76:5:constexpr _Tp&& std::forward(typename std::remove_reference<_Tp>::type&) [with _Tp = const SmartFuse&]	16	static
../Core/Inc/gpio elements.hpp:43:7:GpioInElement::~GpioInElement()	16	static
../Core/Inc/gpio elements.hpp:43:7:virtual GpioInElement::~GpioInElement()	16	static
../Core/Inc/fuse.hpp:295:7:SmartFuseHandler<4>::~SmartFuseHandler()	16	static
../Core/Inc/gpio elements.hpp:30:7:GpioOutElement::~GpioOutElement()	16	static
../Core/Inc/gpio elements.hpp:30:7:virtual GpioOutElement::~GpioOutElement()	16	static
../Core/Src/main.cpp:573:1:void __static_initialization_and_destruction_0(int, int)	16	static
../Core/Inc/PUTM_EV_CAN_LIBRARY/lib/message_abstraction.hpp:84:8:void PUTM_CAN::Device<Device_data_type>::set_data(const PUTM_CAN::Can_rx_message&) [with Device_data_type = PUTM_CAN::YawProbe_air_flow]	16	static
../Core/Inc/PUTM_EV_CAN_LIBRARY/lib/message_abstraction.hpp:84:8:void PUTM_CAN::Device<Device_data_type>::set_data(const PUTM_CAN::Can_rx_message&) [with Device_data_type = PUTM_CAN::WheelTemp_main]	16	static
../Core/Inc/PUTM_EV_CAN_LIBRARY/lib/message_abstraction.hpp:84:8:void PUTM_CAN::Device<Device_data_type>::set_data(const PUTM_CAN::Can_rx_message&) [with Device_data_type = PUTM_CAN::Telemetry_Main]	16	static
../Core/Inc/PUTM_EV_CAN_LIBRARY/lib/message_abstraction.hpp:84:8:void PUTM_CAN::Device<Device_data_type>::set_data(const PUTM_CAN::Can_rx_message&) [with Device_data_type = PUTM_CAN::TC_imu_gyro]	16	static
../Core/Inc/PUTM_EV_CAN_LIBRARY/lib/message_abstraction.hpp:84:8:void PUTM_CAN::Device<Device_data_type>::set_data(const PUTM_CAN::Can_rx_message&) [with Device_data_type = PUTM_CAN::TC_imu_acc]	16	static
../Core/Inc/PUTM_EV_CAN_LIBRARY/lib/message_abstraction.hpp:84:8:void PUTM_CAN::Device<Device_data_type>::set_data(const PUTM_CAN::Can_rx_message&) [with Device_data_type = PUTM_CAN::TC_temperatures]	16	static
../Core/Inc/PUTM_EV_CAN_LIBRARY/lib/message_abstraction.hpp:84:8:void PUTM_CAN::Device<Device_data_type>::set_data(const PUTM_CAN::Can_rx_message&) [with Device_data_type = PUTM_CAN::TC_wheel_velocities]	16	static
../Core/Inc/PUTM_EV_CAN_LIBRARY/lib/message_abstraction.hpp:84:8:void PUTM_CAN::Device<Device_data_type>::set_data(const PUTM_CAN::Can_rx_message&) [with Device_data_type = PUTM_CAN::TC_rear_suspension]	16	static
../Core/Inc/PUTM_EV_CAN_LIBRARY/lib/message_abstraction.hpp:84:8:void PUTM_CAN::Device<Device_data_type>::set_data(const PUTM_CAN::Can_rx_message&) [with Device_data_type = PUTM_CAN::TC_main]	16	static
../Core/Inc/PUTM_EV_CAN_LIBRARY/lib/message_abstraction.hpp:84:8:void PUTM_CAN::Device<Device_data_type>::set_data(const PUTM_CAN::Can_rx_message&) [with Device_data_type = PUTM_CAN::Steering_Wheel_event]	16	static
../Core/Inc/PUTM_EV_CAN_LIBRARY/lib/message_abstraction.hpp:84:8:void PUTM_CAN::Device<Device_data_type>::set_data(const PUTM_CAN::Can_rx_message&) [with Device_data_type = PUTM_CAN::Steering_Wheel_main]	16	static
../Core/Inc/PUTM_EV_CAN_LIBRARY/lib/message_abstraction.hpp:84:8:void PUTM_CAN::Device<Device_data_type>::set_data(const PUTM_CAN::Can_rx_message&) [with Device_data_type = PUTM_CAN::SF_NUCS]	16	static
../Core/Inc/PUTM_EV_CAN_LIBRARY/lib/message_abstraction.hpp:84:8:void PUTM_CAN::Device<Device_data_type>::set_data(const PUTM_CAN::Can_rx_message&) [with Device_data_type = PUTM_CAN::SF_WS]	16	static
../Core/Inc/PUTM_EV_CAN_LIBRARY/lib/message_abstraction.hpp:84:8:void PUTM_CAN::Device<Device_data_type>::set_data(const PUTM_CAN::Can_rx_message&) [with Device_data_type = PUTM_CAN::SF_DV]	16	static
../Core/Inc/PUTM_EV_CAN_LIBRARY/lib/message_abstraction.hpp:84:8:void PUTM_CAN::Device<Device_data_type>::set_data(const PUTM_CAN::Can_rx_message&) [with Device_data_type = PUTM_CAN::SF_CoolingAndVSafety]	16	static
../Core/Inc/PUTM_EV_CAN_LIBRARY/lib/message_abstraction.hpp:84:8:void PUTM_CAN::Device<Device_data_type>::set_data(const PUTM_CAN::Can_rx_message&) [with Device_data_type = PUTM_CAN::SF_FrontBox]	16	static
../Core/Inc/PUTM_EV_CAN_LIBRARY/lib/message_abstraction.hpp:84:8:void PUTM_CAN::Device<Device_data_type>::set_data(const PUTM_CAN::Can_rx_message&) [with Device_data_type = PUTM_CAN::SF_main]	16	static
../Core/Inc/PUTM_EV_CAN_LIBRARY/lib/message_abstraction.hpp:84:8:void PUTM_CAN::Device<Device_data_type>::set_data(const PUTM_CAN::Can_rx_message&) [with Device_data_type = PUTM_CAN::SF_safety]	16	static
../Core/Inc/PUTM_EV_CAN_LIBRARY/lib/message_abstraction.hpp:84:8:void PUTM_CAN::Device<Device_data_type>::set_data(const PUTM_CAN::Can_rx_message&) [with Device_data_type = PUTM_CAN::Lap_timer_Pass]	16	static
../Core/Inc/PUTM_EV_CAN_LIBRARY/lib/message_abstraction.hpp:84:8:void PUTM_CAN::Device<Device_data_type>::set_data(const PUTM_CAN::Can_rx_message&) [with Device_data_type = PUTM_CAN::Lap_timer_Main]	16	static
../Core/Inc/PUTM_EV_CAN_LIBRARY/lib/message_abstraction.hpp:84:8:void PUTM_CAN::Device<Device_data_type>::set_data(const PUTM_CAN::Can_rx_message&) [with Device_data_type = PUTM_CAN::Dash_lap_finished]	16	static
../Core/Inc/PUTM_EV_CAN_LIBRARY/lib/message_abstraction.hpp:84:8:void PUTM_CAN::Device<Device_data_type>::set_data(const PUTM_CAN::Can_rx_message&) [with Device_data_type = PUTM_CAN::Dash_steering_wheel_request]	16	static
../Core/Inc/PUTM_EV_CAN_LIBRARY/lib/message_abstraction.hpp:84:8:void PUTM_CAN::Device<Device_data_type>::set_data(const PUTM_CAN::Can_rx_message&) [with Device_data_type = PUTM_CAN::Dash_Smart_Fuses_FAN_speed]	16	static
../Core/Inc/PUTM_EV_CAN_LIBRARY/lib/message_abstraction.hpp:84:8:void PUTM_CAN::Device<Device_data_type>::set_data(const PUTM_CAN::Can_rx_message&) [with Device_data_type = PUTM_CAN::Dash_TCS]	16	static
../Core/Inc/PUTM_EV_CAN_LIBRARY/lib/message_abstraction.hpp:84:8:void PUTM_CAN::Device<Device_data_type>::set_data(const PUTM_CAN::Can_rx_message&) [with Device_data_type = PUTM_CAN::Dash_Main]	16	static
../Core/Inc/PUTM_EV_CAN_LIBRARY/lib/message_abstraction.hpp:84:8:void PUTM_CAN::Device<Device_data_type>::set_data(const PUTM_CAN::Can_rx_message&) [with Device_data_type = PUTM_CAN::BMS_LV_temperature]	16	static
../Core/Inc/PUTM_EV_CAN_LIBRARY/lib/message_abstraction.hpp:84:8:void PUTM_CAN::Device<Device_data_type>::set_data(const PUTM_CAN::Can_rx_message&) [with Device_data_type = PUTM_CAN::BMS_LV_main]	16	static
../Core/Inc/PUTM_EV_CAN_LIBRARY/lib/message_abstraction.hpp:84:8:void PUTM_CAN::Device<Device_data_type>::set_data(const PUTM_CAN::Can_rx_message&) [with Device_data_type = PUTM_CAN::BMS_HV_main]	16	static
../Core/Inc/PUTM_EV_CAN_LIBRARY/lib/message_abstraction.hpp:84:8:void PUTM_CAN::Device<Device_data_type>::set_data(const PUTM_CAN::Can_rx_message&) [with Device_data_type = PUTM_CAN::AQ_ts_button]	16	static
../Core/Inc/PUTM_EV_CAN_LIBRARY/lib/message_abstraction.hpp:84:8:void PUTM_CAN::Device<Device_data_type>::set_data(const PUTM_CAN::Can_rx_message&) [with Device_data_type = PUTM_CAN::AQ_gyroscope]	16	static
../Core/Inc/PUTM_EV_CAN_LIBRARY/lib/message_abstraction.hpp:84:8:void PUTM_CAN::Device<Device_data_type>::set_data(const PUTM_CAN::Can_rx_message&) [with Device_data_type = PUTM_CAN::AQ_acceleration]	16	static
../Core/Inc/PUTM_EV_CAN_LIBRARY/lib/message_abstraction.hpp:84:8:void PUTM_CAN::Device<Device_data_type>::set_data(const PUTM_CAN::Can_rx_message&) [with Device_data_type = PUTM_CAN::AQ_main]	16	static
../Core/Inc/PUTM_EV_CAN_LIBRARY/lib/message_abstraction.hpp:84:8:void PUTM_CAN::Device<Device_data_type>::set_data(const PUTM_CAN::Can_rx_message&) [with Device_data_type = PUTM_CAN::Apps_main]	16	static
../Core/Src/main.cpp:573:1:cpp)	8	static
../Core/Src/main.cpp:573:1:cpp)	8	static
