d:\stm32cubeide_1.9.0\stm32cubeide\plugins\com.st.stm32cube.ide.mcu.externaltools.gnu-tools-for-stm32.10.3-2021.10.win32_1.0.0.202111181127\tools\bin\../lib/gcc/arm-none-eabi/10.3.1/../../../../arm-none-eabi/include/c++/10.3.1/arm-none-eabi/thumb/v7e-m+fp/hard/bits/gthr-default.h:229:1:int __gthread_key_delete(__gthread_key_t)	16	static
d:\stm32cubeide_1.9.0\stm32cubeide\plugins\com.st.stm32cube.ide.mcu.externaltools.gnu-tools-for-stm32.10.3-2021.10.win32_1.0.0.202111181127\tools\arm-none-eabi\include\c++\10.3.1\new:174:33:void* operator new(std::size_t, void*)	16	static
../Core/Inc/etl/private/vector_base.h:150:5:etl::vector_base::vector_base(size_t)	16	static
../Core/Inc/gpio elements.hpp:19:11:GpioElement::~GpioElement()	16	static
../Core/Inc/gpio elements.hpp:19:11:virtual GpioElement::~GpioElement()	16	static
../Core/Inc/fuse.hpp:246:7:SmartFuseHandler<4>::SmartFuseHandler()	16	static
../Core/Inc/gpio elements.hpp:13:7:constexpr GpioElement::GpioElement(const GpioElement&)	16	static
../Core/Inc/gpio elements.hpp:43:7:constexpr GpioInElement::GpioInElement(const GpioInElement&)	16	static
../Core/Src/main.cpp:113:5:int main()	840	static
../Core/Src/main.cpp:229:6:void SystemClock_Config()	104	static
../Core/Src/main.cpp:283:6:void Error_Handler()	8	static,ignoring_inline_asm
../Core/Inc/etl/vector.h:1197:5:etl::vector<T, MAX_SIZE_>::vector() [with T = SmartFuse; unsigned int MAX_SIZE_ = 4]	16	static
../Core/Inc/etl/utility.h:60:17:constexpr T&& etl::forward(typename etl::remove_reference<T>::type&) [with T = GPIO_TypeDef*]	16	static
../Core/Inc/etl/utility.h:60:17:constexpr T&& etl::forward(typename etl::remove_reference<T>::type&) [with T = short unsigned int]	16	static
../Core/Inc/etl/utility.h:60:17:constexpr T&& etl::forward(typename etl::remove_reference<T>::type&) [with T = __SPI_HandleTypeDef*]	16	static
../Core/Inc/etl/vector.h:467:10:) [with Args = {GPIO_TypeDef*, short unsigned int, __SPI_HandleTypeDef*, FusesSettings&}; T = SmartFuse]	48	static
d:\stm32cubeide_1.9.0\stm32cubeide\plugins\com.st.stm32cube.ide.mcu.externaltools.gnu-tools-for-stm32.10.3-2021.10.win32_1.0.0.202111181127\tools\arm-none-eabi\include\c++\10.3.1\array:185:7:std::array<_Tp, _Nm>::value_type& std::array<_Tp, _Nm>::operator[](std::array<_Tp, _Nm>::size_type) [with _Tp = FuseState; unsigned int _Nm = 3]	16	static
d:\stm32cubeide_1.9.0\stm32cubeide\plugins\com.st.stm32cube.ide.mcu.externaltools.gnu-tools-for-stm32.10.3-2021.10.win32_1.0.0.202111181127\tools\arm-none-eabi\include\c++\10.3.1\array:126:7:std::array<_Tp, _Nm>::value_type* std::array<_Tp, _Nm>::begin() [with _Tp = GpioInElement; unsigned int _Nm = 5]	16	static
d:\stm32cubeide_1.9.0\stm32cubeide\plugins\com.st.stm32cube.ide.mcu.externaltools.gnu-tools-for-stm32.10.3-2021.10.win32_1.0.0.202111181127\tools\arm-none-eabi\include\c++\10.3.1\array:134:7:std::array<_Tp, _Nm>::value_type* std::array<_Tp, _Nm>::end() [with _Tp = GpioInElement; unsigned int _Nm = 5]	16	static
../Core/Inc/etl/vector.h:1003:5:etl::ivector<T>::ivector(T*, size_t) [with T = SmartFuse]	24	static
../Core/Inc/etl/vector.h:1013:10:void etl::ivector<T>::initialise() [with T = SmartFuse]	16	static
../Core/Inc/etl/utility.h:60:17:constexpr T&& etl::forward(typename etl::remove_reference<T>::type&) [with T = FusesSettings&]	16	static
d:\stm32cubeide_1.9.0\stm32cubeide\plugins\com.st.stm32cube.ide.mcu.externaltools.gnu-tools-for-stm32.10.3-2021.10.win32_1.0.0.202111181127\tools\arm-none-eabi\include\c++\10.3.1\array:55:7:static constexpr _Tp& std::__array_traits<_Tp, _Nm>::_S_ref(const _Tp (&)[_Nm], std::size_t) [with _Tp = FuseState; unsigned int _Nm = 3]	16	static
d:\stm32cubeide_1.9.0\stm32cubeide\plugins\com.st.stm32cube.ide.mcu.externaltools.gnu-tools-for-stm32.10.3-2021.10.win32_1.0.0.202111181127\tools\arm-none-eabi\include\c++\10.3.1\array:234:7:std::array<_Tp, _Nm>::value_type* std::array<_Tp, _Nm>::data() [with _Tp = GpioInElement; unsigned int _Nm = 5]	16	static
../Core/Inc/etl/memory.h:1067:5:typename etl::enable_if<etl::is_trivially_destructible<typename etl::iterator_traits<TIterator>::value_type>::value, void>::type etl::destroy(TIterator, TIterator) [with TIterator = SmartFuse*]	16	static
d:\stm32cubeide_1.9.0\stm32cubeide\plugins\com.st.stm32cube.ide.mcu.externaltools.gnu-tools-for-stm32.10.3-2021.10.win32_1.0.0.202111181127\tools\arm-none-eabi\include\c++\10.3.1\array:59:7:static constexpr _Tp* std::__array_traits<_Tp, _Nm>::_S_ptr(const _Tp (&)[_Nm]) [with _Tp = GpioInElement; unsigned int _Nm = 5]	16	static
../Core/Inc/gpio elements.hpp:43:7:GpioInElement::~GpioInElement()	16	static
../Core/Inc/gpio elements.hpp:43:7:virtual GpioInElement::~GpioInElement()	16	static
../Core/Inc/gpio elements.hpp:30:7:GpioOutElement::~GpioOutElement()	16	static
../Core/Inc/gpio elements.hpp:30:7:virtual GpioOutElement::~GpioOutElement()	16	static
../Core/Src/main.cpp:296:1:void __static_initialization_and_destruction_0(int, int)	16	static
../Core/Inc/PUTM_EV_CAN_LIBRARY/lib/message_abstraction.hpp:82:8:void PUTM_CAN::Device<Device_data_type>::set_data(const PUTM_CAN::Can_rx_message&) [with Device_data_type = PUTM_CAN::YawProbe_air_flow]	16	static
../Core/Inc/PUTM_EV_CAN_LIBRARY/lib/message_abstraction.hpp:82:8:void PUTM_CAN::Device<Device_data_type>::set_data(const PUTM_CAN::Can_rx_message&) [with Device_data_type = PUTM_CAN::WheelTemp_main]	16	static
../Core/Inc/PUTM_EV_CAN_LIBRARY/lib/message_abstraction.hpp:82:8:void PUTM_CAN::Device<Device_data_type>::set_data(const PUTM_CAN::Can_rx_message&) [with Device_data_type = PUTM_CAN::Telemetry_Main]	16	static
../Core/Inc/PUTM_EV_CAN_LIBRARY/lib/message_abstraction.hpp:82:8:void PUTM_CAN::Device<Device_data_type>::set_data(const PUTM_CAN::Can_rx_message&) [with Device_data_type = PUTM_CAN::TC_imu_gyro]	16	static
../Core/Inc/PUTM_EV_CAN_LIBRARY/lib/message_abstraction.hpp:82:8:void PUTM_CAN::Device<Device_data_type>::set_data(const PUTM_CAN::Can_rx_message&) [with Device_data_type = PUTM_CAN::TC_imu_acc]	16	static
../Core/Inc/PUTM_EV_CAN_LIBRARY/lib/message_abstraction.hpp:82:8:void PUTM_CAN::Device<Device_data_type>::set_data(const PUTM_CAN::Can_rx_message&) [with Device_data_type = PUTM_CAN::TC_temperatures]	16	static
../Core/Inc/PUTM_EV_CAN_LIBRARY/lib/message_abstraction.hpp:82:8:void PUTM_CAN::Device<Device_data_type>::set_data(const PUTM_CAN::Can_rx_message&) [with Device_data_type = PUTM_CAN::TC_wheel_velocities]	16	static
../Core/Inc/PUTM_EV_CAN_LIBRARY/lib/message_abstraction.hpp:82:8:void PUTM_CAN::Device<Device_data_type>::set_data(const PUTM_CAN::Can_rx_message&) [with Device_data_type = PUTM_CAN::TC_rear_suspension]	16	static
../Core/Inc/PUTM_EV_CAN_LIBRARY/lib/message_abstraction.hpp:82:8:void PUTM_CAN::Device<Device_data_type>::set_data(const PUTM_CAN::Can_rx_message&) [with Device_data_type = PUTM_CAN::TC_main]	16	static
../Core/Inc/PUTM_EV_CAN_LIBRARY/lib/message_abstraction.hpp:82:8:void PUTM_CAN::Device<Device_data_type>::set_data(const PUTM_CAN::Can_rx_message&) [with Device_data_type = PUTM_CAN::Steering_Wheel_event]	16	static
../Core/Inc/PUTM_EV_CAN_LIBRARY/lib/message_abstraction.hpp:82:8:void PUTM_CAN::Device<Device_data_type>::set_data(const PUTM_CAN::Can_rx_message&) [with Device_data_type = PUTM_CAN::Steering_Wheel_main]	16	static
../Core/Inc/PUTM_EV_CAN_LIBRARY/lib/message_abstraction.hpp:82:8:void PUTM_CAN::Device<Device_data_type>::set_data(const PUTM_CAN::Can_rx_message&) [with Device_data_type = PUTM_CAN::SF_NUCS]	16	static
../Core/Inc/PUTM_EV_CAN_LIBRARY/lib/message_abstraction.hpp:82:8:void PUTM_CAN::Device<Device_data_type>::set_data(const PUTM_CAN::Can_rx_message&) [with Device_data_type = PUTM_CAN::SF_WS]	16	static
../Core/Inc/PUTM_EV_CAN_LIBRARY/lib/message_abstraction.hpp:82:8:void PUTM_CAN::Device<Device_data_type>::set_data(const PUTM_CAN::Can_rx_message&) [with Device_data_type = PUTM_CAN::SF_DV]	16	static
../Core/Inc/PUTM_EV_CAN_LIBRARY/lib/message_abstraction.hpp:82:8:void PUTM_CAN::Device<Device_data_type>::set_data(const PUTM_CAN::Can_rx_message&) [with Device_data_type = PUTM_CAN::SF_CoolingAndVSafety]	16	static
../Core/Inc/PUTM_EV_CAN_LIBRARY/lib/message_abstraction.hpp:82:8:void PUTM_CAN::Device<Device_data_type>::set_data(const PUTM_CAN::Can_rx_message&) [with Device_data_type = PUTM_CAN::SF_FrontBox]	16	static
../Core/Inc/PUTM_EV_CAN_LIBRARY/lib/message_abstraction.hpp:82:8:void PUTM_CAN::Device<Device_data_type>::set_data(const PUTM_CAN::Can_rx_message&) [with Device_data_type = PUTM_CAN::SF_main]	16	static
../Core/Inc/PUTM_EV_CAN_LIBRARY/lib/message_abstraction.hpp:82:8:void PUTM_CAN::Device<Device_data_type>::set_data(const PUTM_CAN::Can_rx_message&) [with Device_data_type = PUTM_CAN::Lap_timer_Pass]	16	static
../Core/Inc/PUTM_EV_CAN_LIBRARY/lib/message_abstraction.hpp:82:8:void PUTM_CAN::Device<Device_data_type>::set_data(const PUTM_CAN::Can_rx_message&) [with Device_data_type = PUTM_CAN::Lap_timer_Main]	16	static
../Core/Inc/PUTM_EV_CAN_LIBRARY/lib/message_abstraction.hpp:82:8:void PUTM_CAN::Device<Device_data_type>::set_data(const PUTM_CAN::Can_rx_message&) [with Device_data_type = PUTM_CAN::Dash_lap_finished]	16	static
../Core/Inc/PUTM_EV_CAN_LIBRARY/lib/message_abstraction.hpp:82:8:void PUTM_CAN::Device<Device_data_type>::set_data(const PUTM_CAN::Can_rx_message&) [with Device_data_type = PUTM_CAN::Dash_steering_wheel_request]	16	static
../Core/Inc/PUTM_EV_CAN_LIBRARY/lib/message_abstraction.hpp:82:8:void PUTM_CAN::Device<Device_data_type>::set_data(const PUTM_CAN::Can_rx_message&) [with Device_data_type = PUTM_CAN::Dash_Smart_Fuses_FAN_speed]	16	static
../Core/Inc/PUTM_EV_CAN_LIBRARY/lib/message_abstraction.hpp:82:8:void PUTM_CAN::Device<Device_data_type>::set_data(const PUTM_CAN::Can_rx_message&) [with Device_data_type = PUTM_CAN::Dash_TCS]	16	static
../Core/Inc/PUTM_EV_CAN_LIBRARY/lib/message_abstraction.hpp:82:8:void PUTM_CAN::Device<Device_data_type>::set_data(const PUTM_CAN::Can_rx_message&) [with Device_data_type = PUTM_CAN::Dash_Main]	16	static
../Core/Inc/PUTM_EV_CAN_LIBRARY/lib/message_abstraction.hpp:82:8:void PUTM_CAN::Device<Device_data_type>::set_data(const PUTM_CAN::Can_rx_message&) [with Device_data_type = PUTM_CAN::BMS_LV_temperature]	16	static
../Core/Inc/PUTM_EV_CAN_LIBRARY/lib/message_abstraction.hpp:82:8:void PUTM_CAN::Device<Device_data_type>::set_data(const PUTM_CAN::Can_rx_message&) [with Device_data_type = PUTM_CAN::BMS_LV_main]	16	static
../Core/Inc/PUTM_EV_CAN_LIBRARY/lib/message_abstraction.hpp:82:8:void PUTM_CAN::Device<Device_data_type>::set_data(const PUTM_CAN::Can_rx_message&) [with Device_data_type = PUTM_CAN::BMS_HV_main]	16	static
../Core/Inc/PUTM_EV_CAN_LIBRARY/lib/message_abstraction.hpp:82:8:void PUTM_CAN::Device<Device_data_type>::set_data(const PUTM_CAN::Can_rx_message&) [with Device_data_type = PUTM_CAN::AQ_main]	16	static
../Core/Inc/PUTM_EV_CAN_LIBRARY/lib/message_abstraction.hpp:82:8:void PUTM_CAN::Device<Device_data_type>::set_data(const PUTM_CAN::Can_rx_message&) [with Device_data_type = PUTM_CAN::Apps_main]	16	static
../Core/Src/main.cpp:296:1:cpp)	8	static
../Core/Src/main.cpp:296:1:cpp)	8	static
