d:\stm32cubeide_1.9.0\stm32cubeide\plugins\com.st.stm32cube.ide.mcu.externaltools.gnu-tools-for-stm32.10.3-2021.10.win32_1.0.0.202111181127\tools\arm-none-eabi\include\c++\10.3.1\type_traits:3291:3:constexpr bool std::is_constant_evaluated()	4	static
d:\stm32cubeide_1.9.0\stm32cubeide\plugins\com.st.stm32cube.ide.mcu.externaltools.gnu-tools-for-stm32.10.3-2021.10.win32_1.0.0.202111181127\tools\arm-none-eabi\include\c++\10.3.1\new:174:33:void* operator new(std::size_t, void*)	16	static
d:\stm32cubeide_1.9.0\stm32cubeide\plugins\com.st.stm32cube.ide.mcu.externaltools.gnu-tools-for-stm32.10.3-2021.10.win32_1.0.0.202111181127\tools\bin\../lib/gcc/arm-none-eabi/10.3.1/../../../../arm-none-eabi/include/c++/10.3.1/arm-none-eabi/thumb/v7e-m+fp/hard/bits/gthr-default.h:229:1:int __gthread_key_delete(__gthread_key_t)	16	static
../Core/Inc/etl/private/vector_base.h:150:5:etl::vector_base::vector_base(size_t)	16	static
../Core/Inc/etl/private/vector_base.h:165:5:etl::vector_base::~vector_base()	16	static
../Core/Inc/gpio elements.hpp:19:11:GpioElement::~GpioElement()	16	static
../Core/Inc/gpio elements.hpp:19:11:virtual GpioElement::~GpioElement()	16	static
../Core/Inc/PUTM_EV_CAN_LIBRARY/lib/message_abstraction.hpp:18:3:PUTM_CAN::Can_rx_message::Can_rx_message(CAN_HandleTypeDef&, uint32_t)	24	static
../Core/Inc/PUTM_EV_CAN_LIBRARY/lib/message_abstraction.hpp:63:36:constexpr uint32_t PUTM_CAN::Device_base::get_ID()	16	static
../Core/Inc/PUTM_EV_CAN_LIBRARY/lib/can_interface.hpp:107:8:bool PUTM_CAN::Can_interface::parse_message(const PUTM_CAN::Can_rx_message&)	32	static
../Core/Inc/PUTM_EV_CAN_LIBRARY/lib/can_interface.hpp:154:11:PUTM_CAN::TC_main PUTM_CAN::Can_interface::get_tc_main()	16	static
../Core/Inc/PUTM_EV_CAN_LIBRARY/lib/can_interface.hpp:213:6:void HAL_CAN_RxFifo0MsgPendingCallback(CAN_HandleTypeDef*)	56	static
../Core/Inc/fuse.hpp:331:7:SmartFuseHandler<4>::SmartFuseHandler()	16	static
../Core/Src/main.cpp:241:83:main()::<lambda(SmartFuse*)>	32	static
../Core/Inc/gpio elements.hpp:13:7:constexpr GpioElement::GpioElement(const GpioElement&)	16	static
../Core/Inc/gpio elements.hpp:43:7:constexpr GpioInElement::GpioInElement(const GpioInElement&)	16	static
d:\stm32cubeide_1.9.0\stm32cubeide\plugins\com.st.stm32cube.ide.mcu.externaltools.gnu-tools-for-stm32.10.3-2021.10.win32_1.0.0.202111181127\tools\arm-none-eabi\include\c++\10.3.1\array:185:7:constexpr std::array<_Tp, _Nm>::value_type& std::array<_Tp, _Nm>::operator[](std::array<_Tp, _Nm>::size_type) [with _Tp = SmartFuseState; unsigned int _Nm = 4]	16	static
d:\stm32cubeide_1.9.0\stm32cubeide\plugins\com.st.stm32cube.ide.mcu.externaltools.gnu-tools-for-stm32.10.3-2021.10.win32_1.0.0.202111181127\tools\arm-none-eabi\include\c++\10.3.1\array:55:7:static constexpr _Tp& std::__array_traits<_Tp, _Nm>::_S_ref(const _Tp (&)[_Nm], std::size_t) [with _Tp = SmartFuseState; unsigned int _Nm = 4]	16	static
../Core/Inc/PUTM_EV_CAN_LIBRARY/lib/message_abstraction.hpp:33:13:constexpr PUTM_CAN::Can_tx_message<T>::Can_tx_message(const T&, const CAN_TxHeaderTypeDef&) [with T = PUTM_CAN::SF_main]	32	static
../Core/Src/main.cpp:170:5:int main()	560	static
../Core/Src/main.cpp:471:6:void SystemClock_Config()	104	static
../Core/Src/main.cpp:518:6:static void Device::init()	24	static
../Core/Src/main.cpp:524:6:static void Device::raiseError(DeviceError)	24	static
../Core/Src/main.cpp:530:6:static void Device::changeState(PUTM_CAN::SF_states)	16	static
../Core/Src/main.cpp:537:6:static void Device::changeState(PUTM_CAN::SF_states, bool)	16	static
../Core/Src/main.cpp:546:6:static void Device::resetState()	4	static
../Core/Src/main.cpp:552:6:static void Device::lockState()	4	static
../Core/Src/main.cpp:557:6:static void Device::unlockState()	4	static
../Core/Src/main.cpp:562:6:static void Device::handleStates()	8	static
../Core/Src/main.cpp:582:6:void initCAN()	8	static
../Core/Inc/PUTM_EV_CAN_LIBRARY/lib/message_abstraction.hpp:33:13:constexpr PUTM_CAN::Can_tx_message<T>::Can_tx_message(const T&, const CAN_TxHeaderTypeDef&) [with T = PUTM_CAN::SF_PassiveElements]	32	static
../Core/Src/main.cpp:605:19:HAL_StatusTypeDef sendCanFramePassiveElements()	56	static
../Core/Inc/PUTM_EV_CAN_LIBRARY/lib/message_abstraction.hpp:33:13:constexpr PUTM_CAN::Can_tx_message<T>::Can_tx_message(const T&, const CAN_TxHeaderTypeDef&) [with T = PUTM_CAN::SF_LegendaryDVAndSupply]	32	static
../Core/Src/main.cpp:627:19:HAL_StatusTypeDef sendCanFrameLegendaryDVAndSupply()	56	static
../Core/Inc/PUTM_EV_CAN_LIBRARY/lib/message_abstraction.hpp:33:13:constexpr PUTM_CAN::Can_tx_message<T>::Can_tx_message(const T&, const CAN_TxHeaderTypeDef&) [with T = PUTM_CAN::SF_Supply]	32	static
../Core/Src/main.cpp:648:19:HAL_StatusTypeDef sendCanFrameSupply()	56	static
d:\stm32cubeide_1.9.0\stm32cubeide\plugins\com.st.stm32cube.ide.mcu.externaltools.gnu-tools-for-stm32.10.3-2021.10.win32_1.0.0.202111181127\tools\arm-none-eabi\include\c++\10.3.1\array:185:7:constexpr std::array<_Tp, _Nm>::value_type& std::array<_Tp, _Nm>::operator[](std::array<_Tp, _Nm>::size_type) [with _Tp = bool; unsigned int _Nm = 8]	16	static
d:\stm32cubeide_1.9.0\stm32cubeide\plugins\com.st.stm32cube.ide.mcu.externaltools.gnu-tools-for-stm32.10.3-2021.10.win32_1.0.0.202111181127\tools\arm-none-eabi\include\c++\10.3.1\array:55:7:static constexpr _Tp& std::__array_traits<_Tp, _Nm>::_S_ref(const _Tp (&)[_Nm], std::size_t) [with _Tp = bool; unsigned int _Nm = 8]	16	static
../Core/Inc/PUTM_EV_CAN_LIBRARY/lib/message_abstraction.hpp:33:13:constexpr PUTM_CAN::Can_tx_message<T>::Can_tx_message(const T&, const CAN_TxHeaderTypeDef&) [with T = PUTM_CAN::SF_safety]	32	static
../Core/Src/main.cpp:669:19:HAL_StatusTypeDef sendCanFrameSafety()	48	static
../Core/Src/main.cpp:695:6:void Error_Handler()	8	static,ignoring_inline_asm
d:\stm32cubeide_1.9.0\stm32cubeide\plugins\com.st.stm32cube.ide.mcu.externaltools.gnu-tools-for-stm32.10.3-2021.10.win32_1.0.0.202111181127\tools\arm-none-eabi\include\c++\10.3.1\array:126:7:constexpr std::array<_Tp, _Nm>::value_type* std::array<_Tp, _Nm>::begin() [with _Tp = PUTM_CAN::Device_base*; unsigned int _Nm = 32]	16	static
d:\stm32cubeide_1.9.0\stm32cubeide\plugins\com.st.stm32cube.ide.mcu.externaltools.gnu-tools-for-stm32.10.3-2021.10.win32_1.0.0.202111181127\tools\arm-none-eabi\include\c++\10.3.1\array:134:7:constexpr std::array<_Tp, _Nm>::value_type* std::array<_Tp, _Nm>::end() [with _Tp = PUTM_CAN::Device_base*; unsigned int _Nm = 32]	16	static
../Core/Inc/etl/queue.h:597:5:etl::queue<T, SIZE, MEMORY_MODEL>::queue() [with T = Error; unsigned int SIZE = 100; unsigned int MEMORY_MODEL = 2]	16	static
../Core/Inc/etl/vector.h:76:9:etl::ivector<SmartFuse>::~ivector()	16	static
../Core/Inc/etl/vector.h:1197:5:etl::vector<T, MAX_SIZE_>::vector() [with T = SmartFuse; unsigned int MAX_SIZE_ = 4]	16	static
../Core/Inc/etl/vector.h:1319:5:etl::vector<T, MAX_SIZE_>::~vector() [with T = SmartFuse; unsigned int MAX_SIZE_ = 4]	16	static
../Core/Inc/etl/private/delegate_cpp11.h:390:7:)>::invocation_element::invocation_element() [with TReturn = void; TParams = {SmartFuse*}]	16	static
../Core/Inc/etl/private/delegate_cpp11.h:115:21:)>::delegate(const TLambda&) [with TLambda = main()::<lambda(SmartFuse*)>; <template-parameter-2-2> = void; TReturn = void; TParams = {SmartFuse*}]	16	static
d:\stm32cubeide_1.9.0\stm32cubeide\plugins\com.st.stm32cube.ide.mcu.externaltools.gnu-tools-for-stm32.10.3-2021.10.win32_1.0.0.202111181127\tools\arm-none-eabi\include\c++\10.3.1\array:175:7:constexpr std::array<_Tp, _Nm>::size_type std::array<_Tp, _Nm>::size() const [with _Tp = GpioInElement; unsigned int _Nm = 8]	16	static
d:\stm32cubeide_1.9.0\stm32cubeide\plugins\com.st.stm32cube.ide.mcu.externaltools.gnu-tools-for-stm32.10.3-2021.10.win32_1.0.0.202111181127\tools\arm-none-eabi\include\c++\10.3.1\array:185:7:constexpr std::array<_Tp, _Nm>::value_type& std::array<_Tp, _Nm>::operator[](std::array<_Tp, _Nm>::size_type) [with _Tp = GpioInElement; unsigned int _Nm = 8]	16	static
../Core/Inc/PUTM_EV_CAN_LIBRARY/lib/message_abstraction.hpp:47:21:HAL_StatusTypeDef PUTM_CAN::Can_tx_message<T>::send(CAN_HandleTypeDef&) [with T = PUTM_CAN::SF_main]	16	static
d:\stm32cubeide_1.9.0\stm32cubeide\plugins\com.st.stm32cube.ide.mcu.externaltools.gnu-tools-for-stm32.10.3-2021.10.win32_1.0.0.202111181127\tools\arm-none-eabi\include\c++\10.3.1\array:185:7:constexpr std::array<_Tp, _Nm>::value_type& std::array<_Tp, _Nm>::operator[](std::array<_Tp, _Nm>::size_type) [with _Tp = HAL_StatusTypeDef; unsigned int _Nm = 6]	16	static
../Core/Inc/etl/queue.h:125:15:etl::queue_base<MEMORY_MODEL>::size_type etl::queue_base<MEMORY_MODEL>::max_size() const [with unsigned int MEMORY_MODEL = 2]	16	static
../Core/Inc/etl/queue.h:326:10:void etl::iqueue<T, MEMORY_MODEL>::push(etl::iqueue<T, MEMORY_MODEL>::rvalue_reference) [with T = Error; unsigned int MEMORY_MODEL = 2]	24	static
../Core/Inc/etl/queue.h:440:10:void etl::iqueue<T, MEMORY_MODEL>::pop() [with T = Error; unsigned int MEMORY_MODEL = 2]	16	static
../Core/Inc/etl/vector.h:283:15:T& etl::ivector<T>::operator[](size_t) [with T = SmartFuse]	16	static
../Core/Inc/PUTM_EV_CAN_LIBRARY/lib/message_abstraction.hpp:47:21:HAL_StatusTypeDef PUTM_CAN::Can_tx_message<T>::send(CAN_HandleTypeDef&) [with T = PUTM_CAN::SF_PassiveElements]	16	static
../Core/Inc/PUTM_EV_CAN_LIBRARY/lib/message_abstraction.hpp:47:21:HAL_StatusTypeDef PUTM_CAN::Can_tx_message<T>::send(CAN_HandleTypeDef&) [with T = PUTM_CAN::SF_LegendaryDVAndSupply]	16	static
../Core/Inc/PUTM_EV_CAN_LIBRARY/lib/message_abstraction.hpp:47:21:HAL_StatusTypeDef PUTM_CAN::Can_tx_message<T>::send(CAN_HandleTypeDef&) [with T = PUTM_CAN::SF_Supply]	16	static
../Core/Inc/PUTM_EV_CAN_LIBRARY/lib/message_abstraction.hpp:47:21:HAL_StatusTypeDef PUTM_CAN::Can_tx_message<T>::send(CAN_HandleTypeDef&) [with T = PUTM_CAN::SF_safety]	16	static
d:\stm32cubeide_1.9.0\stm32cubeide\plugins\com.st.stm32cube.ide.mcu.externaltools.gnu-tools-for-stm32.10.3-2021.10.win32_1.0.0.202111181127\tools\arm-none-eabi\include\c++\10.3.1\array:234:7:constexpr std::array<_Tp, _Nm>::value_type* std::array<_Tp, _Nm>::data() [with _Tp = PUTM_CAN::Device_base*; unsigned int _Nm = 32]	16	static
../Core/Inc/etl/queue.h:541:5:etl::iqueue<T, MEMORY_MODEL>::iqueue(T*, etl::iqueue<T, MEMORY_MODEL>::size_type) [with T = Error; unsigned int MEMORY_MODEL = 2]	24	static
../Core/Inc/etl/queue.h:564:5:etl::iqueue<T, MEMORY_MODEL>::~iqueue() [with T = Error; unsigned int MEMORY_MODEL = 2]	16	static
../Core/Inc/etl/vector.h:1003:5:etl::ivector<T>::ivector(T*, size_t) [with T = SmartFuse]	24	static
../Core/Inc/etl/vector.h:1013:10:void etl::ivector<T>::initialise() [with T = SmartFuse]	16	static
../Core/Inc/etl/vector.h:419:10:void etl::ivector<T>::clear() [with T = SmartFuse]	16	static
../Core/Inc/etl/private/delegate_cpp11.h:437:26:)>::stub_type) [with TReturn = void; TParams = {SmartFuse*}]	24	static
../Core/Inc/etl/private/delegate_cpp11.h:505:36:) [with TLambda = main()::<lambda(SmartFuse*)>; TReturn = void; TParams = {SmartFuse*}]	24	static
d:\stm32cubeide_1.9.0\stm32cubeide\plugins\com.st.stm32cube.ide.mcu.externaltools.gnu-tools-for-stm32.10.3-2021.10.win32_1.0.0.202111181127\tools\arm-none-eabi\include\c++\10.3.1\array:55:7:static constexpr _Tp& std::__array_traits<_Tp, _Nm>::_S_ref(const _Tp (&)[_Nm], std::size_t) [with _Tp = GpioInElement; unsigned int _Nm = 8]	16	static
d:\stm32cubeide_1.9.0\stm32cubeide\plugins\com.st.stm32cube.ide.mcu.externaltools.gnu-tools-for-stm32.10.3-2021.10.win32_1.0.0.202111181127\tools\arm-none-eabi\include\c++\10.3.1\array:55:7:static constexpr _Tp& std::__array_traits<_Tp, _Nm>::_S_ref(const _Tp (&)[_Nm], std::size_t) [with _Tp = HAL_StatusTypeDef; unsigned int _Nm = 6]	16	static
../Core/Inc/etl/utility.h:53:55:constexpr typename etl::remove_reference<T>::type&& etl::move(T&&) [with T = Error&]	16	static
../Core/Inc/etl/queue.h:188:10:void etl::queue_base<MEMORY_MODEL>::add_in() [with unsigned int MEMORY_MODEL = 2]	16	static
../Core/Inc/etl/queue.h:202:10:void etl::queue_base<MEMORY_MODEL>::del_out() [with unsigned int MEMORY_MODEL = 2]	16	static
d:\stm32cubeide_1.9.0\stm32cubeide\plugins\com.st.stm32cube.ide.mcu.externaltools.gnu-tools-for-stm32.10.3-2021.10.win32_1.0.0.202111181127\tools\arm-none-eabi\include\c++\10.3.1\array:59:7:static constexpr _Tp* std::__array_traits<_Tp, _Nm>::_S_ptr(const _Tp (&)[_Nm]) [with _Tp = PUTM_CAN::Device_base*; unsigned int _Nm = 32]	16	static
../Core/Inc/etl/queue.h:170:5:etl::queue_base<MEMORY_MODEL>::queue_base(etl::queue_base<MEMORY_MODEL>::size_type) [with unsigned int MEMORY_MODEL = 2]	16	static
../Core/Inc/etl/queue.h:181:5:etl::queue_base<MEMORY_MODEL>::~queue_base() [with unsigned int MEMORY_MODEL = 2]	16	static
../Core/Inc/etl/memory.h:1125:8:void etl::destroy(TIterator, TIterator) [with TIterator = SmartFuse*]	16	static
../Core/Inc/etl/utility.h:60:17:constexpr T&& etl::forward(typename etl::remove_reference<T>::type&) [with T = SmartFuse*]	16	static
d:\stm32cubeide_1.9.0\stm32cubeide\plugins\com.st.stm32cube.ide.mcu.externaltools.gnu-tools-for-stm32.10.3-2021.10.win32_1.0.0.202111181127\tools\arm-none-eabi\include\c++\10.3.1\bits\stl_construct.h:240:5:constexpr void std::destroy(_ForwardIterator, _ForwardIterator) [with _ForwardIterator = SmartFuse*]	16	static
d:\stm32cubeide_1.9.0\stm32cubeide\plugins\com.st.stm32cube.ide.mcu.externaltools.gnu-tools-for-stm32.10.3-2021.10.win32_1.0.0.202111181127\tools\arm-none-eabi\include\c++\10.3.1\bits\stl_construct.h:171:5:constexpr void std::_Destroy(_ForwardIterator, _ForwardIterator) [with _ForwardIterator = SmartFuse*]	16	static
d:\stm32cubeide_1.9.0\stm32cubeide\plugins\com.st.stm32cube.ide.mcu.externaltools.gnu-tools-for-stm32.10.3-2021.10.win32_1.0.0.202111181127\tools\arm-none-eabi\include\c++\10.3.1\bits\stl_construct.h:149:2:static constexpr void std::_Destroy_aux<<anonymous> >::__destroy(_ForwardIterator, _ForwardIterator) [with _ForwardIterator = SmartFuse*; bool <anonymous> = false]	16	static
d:\stm32cubeide_1.9.0\stm32cubeide\plugins\com.st.stm32cube.ide.mcu.externaltools.gnu-tools-for-stm32.10.3-2021.10.win32_1.0.0.202111181127\tools\arm-none-eabi\include\c++\10.3.1\bits\stl_construct.h:161:9:static void std::_Destroy_aux<true>::__destroy(_ForwardIterator, _ForwardIterator) [with _ForwardIterator = SmartFuse*]	16	static
d:\stm32cubeide_1.9.0\stm32cubeide\plugins\com.st.stm32cube.ide.mcu.externaltools.gnu-tools-for-stm32.10.3-2021.10.win32_1.0.0.202111181127\tools\arm-none-eabi\include\c++\10.3.1\bits\move.h:49:5:constexpr _Tp* std::__addressof(_Tp&) [with _Tp = SmartFuse]	16	static
d:\stm32cubeide_1.9.0\stm32cubeide\plugins\com.st.stm32cube.ide.mcu.externaltools.gnu-tools-for-stm32.10.3-2021.10.win32_1.0.0.202111181127\tools\arm-none-eabi\include\c++\10.3.1\bits\stl_construct.h:135:5:constexpr void std::_Destroy(_Tp*) [with _Tp = SmartFuse]	16	static
d:\stm32cubeide_1.9.0\stm32cubeide\plugins\com.st.stm32cube.ide.mcu.externaltools.gnu-tools-for-stm32.10.3-2021.10.win32_1.0.0.202111181127\tools\arm-none-eabi\include\c++\10.3.1\bits\stl_construct.h:80:5:constexpr void std::destroy_at(_Tp*) [with _Tp = SmartFuse]	16	static
../Core/Inc/gpio elements.hpp:43:7:GpioInElement::~GpioInElement()	16	static
../Core/Inc/gpio elements.hpp:43:7:virtual GpioInElement::~GpioInElement()	16	static
../Core/Inc/fuse.hpp:331:7:SmartFuseHandler<4>::~SmartFuseHandler()	16	static
../Core/Inc/gpio elements.hpp:30:7:GpioOutElement::~GpioOutElement()	16	static
../Core/Inc/gpio elements.hpp:30:7:virtual GpioOutElement::~GpioOutElement()	16	static
../Core/Src/main.cpp:708:1:void __static_initialization_and_destruction_0(int, int)	16	static
../Core/Inc/PUTM_EV_CAN_LIBRARY/lib/message_abstraction.hpp:84:8:void PUTM_CAN::Device<Device_data_type>::set_data(const PUTM_CAN::Can_rx_message&) [with Device_data_type = PUTM_CAN::YawProbe_air_flow]	16	static
../Core/Inc/PUTM_EV_CAN_LIBRARY/lib/message_abstraction.hpp:84:8:void PUTM_CAN::Device<Device_data_type>::set_data(const PUTM_CAN::Can_rx_message&) [with Device_data_type = PUTM_CAN::WheelTemp_main]	16	static
../Core/Inc/PUTM_EV_CAN_LIBRARY/lib/message_abstraction.hpp:84:8:void PUTM_CAN::Device<Device_data_type>::set_data(const PUTM_CAN::Can_rx_message&) [with Device_data_type = PUTM_CAN::Telemetry_Main]	16	static
../Core/Inc/PUTM_EV_CAN_LIBRARY/lib/message_abstraction.hpp:84:8:void PUTM_CAN::Device<Device_data_type>::set_data(const PUTM_CAN::Can_rx_message&) [with Device_data_type = PUTM_CAN::TC_imu_gyro]	16	static
../Core/Inc/PUTM_EV_CAN_LIBRARY/lib/message_abstraction.hpp:84:8:void PUTM_CAN::Device<Device_data_type>::set_data(const PUTM_CAN::Can_rx_message&) [with Device_data_type = PUTM_CAN::TC_imu_acc]	16	static
../Core/Inc/PUTM_EV_CAN_LIBRARY/lib/message_abstraction.hpp:84:8:void PUTM_CAN::Device<Device_data_type>::set_data(const PUTM_CAN::Can_rx_message&) [with Device_data_type = PUTM_CAN::TC_temperatures]	16	static
../Core/Inc/PUTM_EV_CAN_LIBRARY/lib/message_abstraction.hpp:84:8:void PUTM_CAN::Device<Device_data_type>::set_data(const PUTM_CAN::Can_rx_message&) [with Device_data_type = PUTM_CAN::TC_wheel_velocities]	16	static
../Core/Inc/PUTM_EV_CAN_LIBRARY/lib/message_abstraction.hpp:84:8:void PUTM_CAN::Device<Device_data_type>::set_data(const PUTM_CAN::Can_rx_message&) [with Device_data_type = PUTM_CAN::TC_rear_suspension]	16	static
../Core/Inc/PUTM_EV_CAN_LIBRARY/lib/message_abstraction.hpp:84:8:void PUTM_CAN::Device<Device_data_type>::set_data(const PUTM_CAN::Can_rx_message&) [with Device_data_type = PUTM_CAN::TC_main]	16	static
../Core/Inc/PUTM_EV_CAN_LIBRARY/lib/message_abstraction.hpp:84:8:void PUTM_CAN::Device<Device_data_type>::set_data(const PUTM_CAN::Can_rx_message&) [with Device_data_type = PUTM_CAN::Steering_Wheel_event]	16	static
../Core/Inc/PUTM_EV_CAN_LIBRARY/lib/message_abstraction.hpp:84:8:void PUTM_CAN::Device<Device_data_type>::set_data(const PUTM_CAN::Can_rx_message&) [with Device_data_type = PUTM_CAN::Steering_Wheel_main]	16	static
../Core/Inc/PUTM_EV_CAN_LIBRARY/lib/message_abstraction.hpp:84:8:void PUTM_CAN::Device<Device_data_type>::set_data(const PUTM_CAN::Can_rx_message&) [with Device_data_type = PUTM_CAN::SF_safety]	16	static
../Core/Inc/PUTM_EV_CAN_LIBRARY/lib/message_abstraction.hpp:84:8:void PUTM_CAN::Device<Device_data_type>::set_data(const PUTM_CAN::Can_rx_message&) [with Device_data_type = PUTM_CAN::SF_PassiveElements]	16	static
../Core/Inc/PUTM_EV_CAN_LIBRARY/lib/message_abstraction.hpp:84:8:void PUTM_CAN::Device<Device_data_type>::set_data(const PUTM_CAN::Can_rx_message&) [with Device_data_type = PUTM_CAN::SF_Supply]	16	static
../Core/Inc/PUTM_EV_CAN_LIBRARY/lib/message_abstraction.hpp:84:8:void PUTM_CAN::Device<Device_data_type>::set_data(const PUTM_CAN::Can_rx_message&) [with Device_data_type = PUTM_CAN::SF_LegendaryDVAndSupply]	16	static
../Core/Inc/PUTM_EV_CAN_LIBRARY/lib/message_abstraction.hpp:84:8:void PUTM_CAN::Device<Device_data_type>::set_data(const PUTM_CAN::Can_rx_message&) [with Device_data_type = PUTM_CAN::SF_main]	16	static
../Core/Inc/PUTM_EV_CAN_LIBRARY/lib/message_abstraction.hpp:84:8:void PUTM_CAN::Device<Device_data_type>::set_data(const PUTM_CAN::Can_rx_message&) [with Device_data_type = PUTM_CAN::Lap_timer_Pass]	16	static
../Core/Inc/PUTM_EV_CAN_LIBRARY/lib/message_abstraction.hpp:84:8:void PUTM_CAN::Device<Device_data_type>::set_data(const PUTM_CAN::Can_rx_message&) [with Device_data_type = PUTM_CAN::Lap_timer_Main]	16	static
../Core/Inc/PUTM_EV_CAN_LIBRARY/lib/message_abstraction.hpp:84:8:void PUTM_CAN::Device<Device_data_type>::set_data(const PUTM_CAN::Can_rx_message&) [with Device_data_type = PUTM_CAN::Dash_steering_wheel_angle]	16	static
../Core/Inc/PUTM_EV_CAN_LIBRARY/lib/message_abstraction.hpp:84:8:void PUTM_CAN::Device<Device_data_type>::set_data(const PUTM_CAN::Can_rx_message&) [with Device_data_type = PUTM_CAN::Dash_lap_finished]	16	static
../Core/Inc/PUTM_EV_CAN_LIBRARY/lib/message_abstraction.hpp:84:8:void PUTM_CAN::Device<Device_data_type>::set_data(const PUTM_CAN::Can_rx_message&) [with Device_data_type = PUTM_CAN::Dash_steering_wheel_request]	16	static
../Core/Inc/PUTM_EV_CAN_LIBRARY/lib/message_abstraction.hpp:84:8:void PUTM_CAN::Device<Device_data_type>::set_data(const PUTM_CAN::Can_rx_message&) [with Device_data_type = PUTM_CAN::Dash_Smart_Fuses_FAN_speed]	16	static
../Core/Inc/PUTM_EV_CAN_LIBRARY/lib/message_abstraction.hpp:84:8:void PUTM_CAN::Device<Device_data_type>::set_data(const PUTM_CAN::Can_rx_message&) [with Device_data_type = PUTM_CAN::Dash_TCS]	16	static
../Core/Inc/PUTM_EV_CAN_LIBRARY/lib/message_abstraction.hpp:84:8:void PUTM_CAN::Device<Device_data_type>::set_data(const PUTM_CAN::Can_rx_message&) [with Device_data_type = PUTM_CAN::Dash_Main]	16	static
../Core/Inc/PUTM_EV_CAN_LIBRARY/lib/message_abstraction.hpp:84:8:void PUTM_CAN::Device<Device_data_type>::set_data(const PUTM_CAN::Can_rx_message&) [with Device_data_type = PUTM_CAN::BMS_LV_temperature]	16	static
../Core/Inc/PUTM_EV_CAN_LIBRARY/lib/message_abstraction.hpp:84:8:void PUTM_CAN::Device<Device_data_type>::set_data(const PUTM_CAN::Can_rx_message&) [with Device_data_type = PUTM_CAN::BMS_LV_main]	16	static
../Core/Inc/PUTM_EV_CAN_LIBRARY/lib/message_abstraction.hpp:84:8:void PUTM_CAN::Device<Device_data_type>::set_data(const PUTM_CAN::Can_rx_message&) [with Device_data_type = PUTM_CAN::BMS_HV_main]	16	static
../Core/Inc/PUTM_EV_CAN_LIBRARY/lib/message_abstraction.hpp:84:8:void PUTM_CAN::Device<Device_data_type>::set_data(const PUTM_CAN::Can_rx_message&) [with Device_data_type = PUTM_CAN::AQ_ts_button]	16	static
../Core/Inc/PUTM_EV_CAN_LIBRARY/lib/message_abstraction.hpp:84:8:void PUTM_CAN::Device<Device_data_type>::set_data(const PUTM_CAN::Can_rx_message&) [with Device_data_type = PUTM_CAN::AQ_gyroscope]	16	static
../Core/Inc/PUTM_EV_CAN_LIBRARY/lib/message_abstraction.hpp:84:8:void PUTM_CAN::Device<Device_data_type>::set_data(const PUTM_CAN::Can_rx_message&) [with Device_data_type = PUTM_CAN::AQ_acceleration]	16	static
../Core/Inc/PUTM_EV_CAN_LIBRARY/lib/message_abstraction.hpp:84:8:void PUTM_CAN::Device<Device_data_type>::set_data(const PUTM_CAN::Can_rx_message&) [with Device_data_type = PUTM_CAN::AQ_main]	16	static
../Core/Inc/PUTM_EV_CAN_LIBRARY/lib/message_abstraction.hpp:84:8:void PUTM_CAN::Device<Device_data_type>::set_data(const PUTM_CAN::Can_rx_message&) [with Device_data_type = PUTM_CAN::Apps_main]	16	static
../Core/Inc/etl/queue.h:625:5:etl::queue<T, SIZE, MEMORY_MODEL>::~queue() [with T = Error; unsigned int SIZE = 100; unsigned int MEMORY_MODEL = 2]	16	static
../Core/Inc/etl/queue.h:416:10:void etl::iqueue<T, MEMORY_MODEL>::clear() [with T = Error; unsigned int MEMORY_MODEL = 2]	16	static
../Core/Inc/etl/queue.h:215:10:void etl::queue_base<MEMORY_MODEL>::index_clear() [with unsigned int MEMORY_MODEL = 2]	16	static
../Core/Src/main.cpp:708:1:cpp)	8	static
../Core/Src/main.cpp:708:1:cpp)	8	static
